 *******************************************************************************
 **                                                                           **
 **                              MOPAC v22.0.6                                **
 **                                                                           **
 *******************************************************************************
 **          Digital Object Identifier (DOI): 10.5281/zenodo.6511958          **
 **    Visit the DOI location for information on how to cite this program.    **
 *******************************************************************************

                              PM7 CALCULATION RESULTS

 *******************************************************************************
 *  CALCULATION DONE:                                Thu Apr 13 11:25:40 2023  *
 *  START_RES  - STARTING RESIDUE NUMBERS DEFINED
 *  Keyword:     START_RES=(12B 20C 30B 10B) 
 *  CHAINS     - PDB CHAIN LETTERS EXPLICITLY DEFINED
 *  Keyword:     CHAINS=(BCBB) 
 *  T=         - A TIME OF 172800.0 SECONDS REQUESTED
 *  DUMP=N     - RESTART FILE WRITTEN EVERY 7200.0 SECONDS REQUESTED
 *  HEADER     - DATA SET IS IN PROTEIN DATA BANK FORMAT
 *******************************************************************************
 ADD-H PDBOUT   CHAINS=(BCBB)  START_RES=(12B 20C 30B 10B)
 From PDB file: 'convert_an_un-edited_PDB_file'

   ATOM                 CHEMICAL                   X               Y               Z
  NUMBER                 SYMBOL               (ANGSTROMS)     (ANGSTROMS)     (ANGSTROMS)

     1       C(ATOM     36  CG  MET B  12)   -0.89500000  *   7.21700000  *   2.20300000  *
     2       S(ATOM     37  SD  MET B  12)   -0.26000000  *   8.31500000  *   3.52700000  *
     3       C(ATOM     38  CE  MET B  12)   -1.47800000  *   9.65100000  *   3.56500000  *
     4       N(ATOM     48  N   ARG B  13)   -0.35300000  *   4.32800000  *   5.45200000  *
     5       C(ATOM     49  CA  ARG B  13)   -0.80600000  *   3.50900000  *   6.57500000  *
     6       C(ATOM     50  C   ARG B  13)   -1.66000000  *   4.43700000  *   7.46200000  *
     7       O(ATOM     51  O   ARG B  13)   -1.14100000  *   5.35100000  *   8.09600000  *
     8       C(ATOM     52  CB  ARG B  13)    0.38900000  *   3.00000000  *   7.39600000  *
     9       C(ATOM     53  CG  ARG B  13)   -0.10200000  *   2.07200000  *   8.50500000  *
    10       C(ATOM     54  CD  ARG B  13)    1.05700000  *   1.46400000  *   9.31100000  *
    11       N(ATOM     55  NE  ARG B  13)    2.12100000  *   2.39900000  *   9.71000000  *
    12       C(ATOM     56  CZ  ARG B  13)    1.82000000  *   3.51800000  *  10.51400000  *
    13       N(ATOM     57  NH1 ARG B  13)    0.68900000  *   3.44400000  *  11.34800000  *
    14       N(ATOM     58  NH2 ARG B  13)    2.72300000  *   4.46000000  *  10.56200000  *
    15       N(ATOM     71  N   PRO B  14)   -3.00100000  *   4.25300000  *   7.56900000  *
    16       C(ATOM     72  CA  PRO B  14)   -3.83300000  *   5.27300000  *   8.22100000  *
    17       C(ATOM     73  C   PRO B  14)   -3.87900000  *   5.12600000  *   9.75200000  *
    18       O(ATOM     74  O   PRO B  14)   -3.70400000  *   4.08400000  *  10.35600000  *
    19       C(ATOM     75  CD  PRO B  14)   -3.80600000  *   3.30200000  *   6.77900000  *
    20       C(ATOM     76  CB  PRO B  14)   -5.26000000  *   5.06800000  *   7.67200000  *
    21       C(ATOM     77  CG  PRO B  14)   -5.27500000  *   3.65800000  *   7.06900000  *
    22       N(ATOM     85  N   CYS B  15)   -4.25900000  *   6.28000000  *  10.38900000  *
    23       C(ATOM     86  CA  CYS B  15)   -4.48600000  *   6.33900000  *  11.83600000  *
    24       C(ATOM     87  C   CYS B  15)   -5.49600000  *   7.48300000  *  12.05700000  *
    25       O(ATOM     88  O   CYS B  15)   -5.48100000  *   8.49600000  *  11.37400000  *
    26       C(ATOM     89  CB  CYS B  15)   -3.18000000  *   6.66500000  *  12.56900000  *
    27       S(ATOM     90  SG  CYS B  15)   -3.41900000  *   6.89600000  *  14.36700000  *
    28       N(ATOM     96  N   TRP B  16)   -6.44800000  *   7.28900000  *  13.01800000  *
    29       C(ATOM     97  CA  TRP B  16)   -7.40900000  *   8.35100000  *  13.31300000  *
    30       C(ATOM     98  C   TRP B  16)   -6.81100000  *   9.20200000  *  14.45700000  *
    31       O(ATOM     99  O   TRP B  16)   -6.65300000  *   8.76000000  *  15.58600000  *
    32       C(ATOM    100  CB  TRP B  16)   -8.74900000  *   7.74200000  *  13.77400000  *
    33       C(ATOM    101  CG  TRP B  16)   -9.66500000  *   7.51600000  *  12.63800000  *
    34       C(ATOM    102  CD1 TRP B  16)  -10.08900000  *   6.30700000  *  12.10600000  *
    35       N(ATOM    103  NE1 TRP B  16)  -11.01500000  *   6.53700000  *  11.08200000  *
    36       C(ATOM    104  CD2 TRP B  16)  -10.35100000  *   8.55800000  *  11.92200000  *
    37       C(ATOM    105  CE2 TRP B  16)  -11.20700000  *   7.91200000  *  10.97200000  *
    38       C(ATOM    106  CE3 TRP B  16)  -10.33500000  *   9.95300000  *  12.00200000  *
    39       C(ATOM    107  CZ2 TRP B  16)  -12.06100000  *   8.64500000  *  10.13700000  *
    40       C(ATOM    108  CZ3 TRP B  16)  -11.18300000  *  10.67000000  *  11.18100000  *
    41       C(ATOM    109  CH2 TRP B  16)  -12.04400000  *  10.02000000  *  10.27100000  *
    42       O(ATOM    120  OXT TRP B  16)   -6.57800000  *  10.19200000  *  14.29300000  *
    43       N(ATOM    123  N   PHE C  20)   -5.65100000  *  21.73100000  *  21.99100000  *
    44       C(ATOM    124  CA  PHE C  20)   -4.96000000  *  22.58700000  *  22.94500000  *
    45       C(ATOM    125  C   PHE C  20)   -5.96300000  *  23.51400000  *  23.64900000  *
    46       O(ATOM    126  O   PHE C  20)   -6.98200000  *  23.93400000  *  23.13600000  *
    47       C(ATOM    127  CB  PHE C  20)   -3.94600000  *  23.49700000  *  22.21500000  *
    48       C(ATOM    128  CG  PHE C  20)   -2.68000000  *  22.74600000  *  21.94700000  *
    49       C(ATOM    129  CD1 PHE C  20)   -2.55400000  *  21.95900000  *  20.80200000  *
    50       C(ATOM    130  CD2 PHE C  20)   -1.62100000  *  22.83500000  *  22.85300000  *
    51       C(ATOM    131  CE1 PHE C  20)   -1.35500000  *  21.29900000  *  20.54400000  *
    52       C(ATOM    132  CE2 PHE C  20)   -0.43000000  *  22.16100000  *  22.59800000  *
    53       C(ATOM    133  CZ  PHE C  20)   -0.29300000  *  21.40100000  *  21.43900000  *
    54       N(ATOM    144  N   GLN C  21)   -5.63300000  *  23.85400000  *  24.94600000  *
    55       C(ATOM    145  CA  GLN C  21)   -6.33700000  *  24.96600000  *  25.57800000  *
    56       C(ATOM    146  C   GLN C  21)   -5.75800000  *  26.26600000  *  24.98800000  *
    57       O(ATOM    147  O   GLN C  21)   -4.61700000  *  26.32600000  *  24.55600000  *
    58       C(ATOM    148  CB  GLN C  21)   -6.11500000  *  24.96000000  *  27.10300000  *
    59       C(ATOM    149  CG  GLN C  21)   -7.42000000  *  25.14900000  *  27.87300000  *
    60       C(ATOM    150  CD  GLN C  21)   -7.96400000  *  26.54300000  *  27.69800000  *
    61       O(ATOM    151  OE1 GLN C  21)   -8.69700000  *  26.85100000  *  26.75300000  *
    62       N(ATOM    152  NE2 GLN C  21)   -7.59300000  *  27.50700000  *  28.58100000  *
    63       N(ATOM    161  N   LEU C  22)   -6.57900000  *  27.36100000  *  24.95000000  *
    64       C(ATOM    162  CA  LEU C  22)   -6.19800000  *  28.53800000  *  24.17500000  *
    65       C(ATOM    163  C   LEU C  22)   -5.10500000  *  29.37000000  *  24.85900000  *
    66       O(ATOM    164  O   LEU C  22)   -4.46600000  *  30.18500000  *  24.21100000  *
    67       C(ATOM    165  CB  LEU C  22)   -7.39800000  *  29.45800000  *  23.92000000  *
    68       C(ATOM    166  CG  LEU C  22)   -8.55000000  *  28.76300000  *  23.16400000  *
    69       C(ATOM    167  CD1 LEU C  22)   -9.52700000  *  29.83900000  *  22.68000000  *
    70       C(ATOM    168  CD2 LEU C  22)   -8.03800000  *  27.92600000  *  21.99200000  *
    71       N(ATOM    180  N   ASP C  23)   -4.88300000  *  29.22200000  *  26.20900000  *
    72       C(ATOM    181  CA  ASP C  23)   -3.70300000  *  29.81900000  *  26.83700000  *
    73       C(ATOM    182  C   ASP C  23)   -2.49900000  *  28.84500000  *  26.85600000  *
    74       O(ATOM    183  O   ASP C  23)   -1.48300000  *  29.13300000  *  27.47800000  *
    75       C(ATOM    184  CB  ASP C  23)   -4.02100000  *  30.22200000  *  28.28200000  *
    76       C(ATOM    185  CG  ASP C  23)   -4.27100000  *  29.03200000  *  29.14200000  *
    77       O(ATOM    186  OD1 ASP C  23)   -4.89100000  *  28.03300000  *  28.80600000  *
    78       O(ATOM    187  OD2 ASP C  23)   -3.71000000  *  29.11700000  *  30.34900000  *
    79       H(ATOM    188  H   ASP C  23)   -5.53700000  *  28.69800000  *  26.77400000  *
    80       H(ATOM    189  HA  ASP C  23)   -3.48400000  *  30.68800000  *  26.21700000  *
    81       H(ATOM    190  HT  ASP C  23)   -2.55400000  *  27.90100000  *  26.31400000  *
    82       H(ATOM    191 1HB  ASP C  23)   -4.91100000  *  30.85100000  *  28.28000000  *
    83       H(ATOM    192 2HB  ASP C  23)   -3.17400000  *  30.77800000  *  28.68300000  *
    84       H(ATOM    193  HD2 ASP C  23)   -3.88600000  *  28.27900000  *  30.86700000  *
    85       S(HETATM  194  S   SO4 B  30)    2.13700000  *  12.53400000  *  23.50400000  *
    86       O(HETATM  195  O1  SO4 B  30)    2.04300000  *  10.99600000  *  24.33300000  *
    87       O(HETATM  196  O4  SO4 B  30)    1.28400000  *  11.84900000  *  22.13800000  *
    88       O(HETATM  197  O3  SO4 B  30)    3.50400000  *  12.88900000  *  22.47200000  *
    89       O(HETATM  198  O2  SO4 B  30)    2.99000000  *  13.21800000  *  24.87000000  *
    90       H(HETATM  200  H2  SO4 B  30)    3.79100000  *  13.16200000  *  25.60700000  *
    91       P(HETATM  201  P   PO4 B  31)    0.40200000  *  13.86800000  *  18.90100000  *
    92       O(HETATM  202  O1  PO4 B  31)    0.23700000  *  12.24400000  *  19.63600000  *
    93       O(HETATM  203  O4  PO4 B  31)   -0.86700000  *  15.10300000  *  19.16500000  *
    94       O(HETATM  204  O3  PO4 B  31)   -0.46100000  *  13.29400000  *  17.44100000  *
    95       O(HETATM  205  O2  PO4 B  31)    1.26400000  *  14.44100000  *  20.36100000  *
    96       H(HETATM  206  H1  PO4 B  31)   -0.32500000  *  11.53600000  *  20.24500000  *
    97       H(HETATM  207  H3  PO4 B  31)   -1.30200000  *  13.36800000  *  16.75100000  *
    98       O(HETATM  209  O   HOH B  32)    7.27100000  *  17.15300000  *  31.38800000  *
    99       H(HETATM  210 1H   HOH B  32)    8.22800000  *  17.15300000  *  31.38800000  *
   100       H(HETATM  211 2H   HOH B  32)    7.03300000  *  17.66800000  *  32.15900000  *
   101       N(ATOM      1  N   ASP B  10)    0.00000000  *   0.00000000  *   0.00000000  *
   102       C(ATOM      2  CA  ASP B  10)    1.46300000  *   0.00000000  *   0.00000000  *
   103       C(ATOM      3  C   ASP B  10)    2.06000000  *   1.42400000  *   0.00000000  *
   104       O(ATOM      4  O   ASP B  10)    3.25200000  *   1.58800000  *   0.20400000  *
   105       C(ATOM      5  CB  ASP B  10)    2.02400000  *  -0.79600000  *  -1.17800000  *
   106       C(ATOM      6  CG  ASP B  10)    2.44500000  *  -2.15900000  *  -0.73100000  *
   107       O(ATOM      7  OD1 ASP B  10)    2.59600000  *  -2.54500000  *   0.40800000  *
   108       O(ATOM      8  OD2 ASP B  10)    2.68000000  *  -2.96000000  *  -1.78100000  *
   109       H(ATOM      9 1H   ASP B  10)   -0.32900000  *  -0.41800000  *   0.85900000  *
   110       H(ATOM     10 2H   ASP B  10)   -0.32900000  *   0.95300000  *  -0.06700000  *
   111       H(ATOM     11  HA  ASP B  10)    1.70500000  *  -0.50000000  *   0.93800000  *
   112       H(ATOM     12 1HB  ASP B  10)    2.88900000  *  -0.27300000  *  -1.58500000  *
   113       H(ATOM     13 2HB  ASP B  10)    1.25500000  *  -0.89500000  *  -1.94400000  *
   114       H(ATOM     14  HD2 ASP B  10)    2.97800000  *  -3.86100000  *  -1.46400000  *
   115       N(ATOM     15  N   GLU B  11)    1.19600000  *   2.47600000  *  -0.11700000  *
   116       C(ATOM     16  CA  GLU B  11)    1.68500000  *   3.84600000  *  -0.12600000  *
   117       C(ATOM     17  C   GLU B  11)    1.30500000  *   4.56200000  *   1.18000000  *
   118       O(ATOM     18  O   GLU B  11)    2.02300000  *   5.47400000  *   1.57900000  *
   119       C(ATOM     19  CB  GLU B  11)    1.19100000  *   4.64300000  *  -1.34500000  *
   120       C(ATOM     20  CG  GLU B  11)   -0.31100000  *   4.88300000  *  -1.43800000  *
   121       C(ATOM     21  CD  GLU B  11)   -1.07700000  *   3.71100000  *  -1.96900000  *
   122       O(ATOM     22  OE1 GLU B  11)   -2.31100000  *   4.08700000  *  -2.34700000  *
   123       O(ATOM     23  OE2 GLU B  11)   -0.73900000  *   2.55200000  *  -2.06500000  *
   124       H(ATOM     24  H   GLU B  11)    0.20400000  *   2.30800000  *  -0.19800000  *
   125       H(ATOM     25  HA  GLU B  11)    2.76600000  *   3.73400000  *  -0.20300000  *
   126       H(ATOM     26 1HB  GLU B  11)    1.51600000  *   4.08400000  *  -2.22300000  *
   127       H(ATOM     27 2HB  GLU B  11)    1.70300000  *   5.60400000  *  -1.30600000  *
   128       H(ATOM     28 1HG  GLU B  11)   -0.46800000  *   5.73800000  *  -2.09600000  *
   129       H(ATOM     29 2HG  GLU B  11)   -0.67000000  *   5.11600000  *  -0.43500000  *
   130       H(ATOM     30  HE1 GLU B  11)   -2.82200000  *   3.29600000  *  -2.68300000  *
   131       N(ATOM     31  N   MET B  12)    0.20400000  *   4.19200000  *   1.89200000  *
   132       C(ATOM     32  CA  MET B  12)   -0.18500000  *   4.94900000  *   3.08300000  *
   133       C(ATOM     33  C   MET B  12)   -0.68200000  *   3.98000000  *   4.16700000  *
   134       O(ATOM     34  O   MET B  12)   -1.40500000  *   3.03200000  *   3.92800000  *
   135       C(ATOM     35  CB  MET B  12)   -1.37000000  *   5.89100000  *   2.77400000  *


 General Reference for PM7:
 "Optimization of Parameters for Semiempirical Methods VI: More Modifications to the 
 NDDO Approximations and Re-optimization of Parameters", J. J. P. Stewart, J. Mol. Mod., 1:32, 19 (2013)
 https://link.springer.com/article/10.1007/s00894-012-1667-x

           Empirical Formula: C63 H24 N16 O28 S3 P  =   135 atoms



      MOLECULAR POINT GROUP   :   C1  
 GEOMETRY OF SYSTEM SUPPLIED
*HEADER
*REMARK  Read in a PDB file and:
*REMARK
*REMARK  (A) Add hydrogen atoms, as needed.
*REMARK  (B) Re-sequence the atoms to suit PDB conventions.
*REMARK
 ADD-H PDBOUT   CHAINS=(BCBB)  START_RES=(12B 20C 30B 10B)
 From PDB file: 'convert_an_un-edited_PDB_file'

  C(ATOM     36  CG  MET B  12)  -0.89500000 +1   7.21700000 +1   2.20300000 +1
  S(ATOM     37  SD  MET B  12)  -0.26000000 +1   8.31500000 +1   3.52700000 +1
  C(ATOM     38  CE  MET B  12)  -1.47800000 +1   9.65100000 +1   3.56500000 +1
  N(ATOM     48  N   ARG B  13)  -0.35300000 +1   4.32800000 +1   5.45200000 +1
  C(ATOM     49  CA  ARG B  13)  -0.80600000 +1   3.50900000 +1   6.57500000 +1
  C(ATOM     50  C   ARG B  13)  -1.66000000 +1   4.43700000 +1   7.46200000 +1
  O(ATOM     51  O   ARG B  13)  -1.14100000 +1   5.35100000 +1   8.09600000 +1
  C(ATOM     52  CB  ARG B  13)   0.38900000 +1   3.00000000 +1   7.39600000 +1
  C(ATOM     53  CG  ARG B  13)  -0.10200000 +1   2.07200000 +1   8.50500000 +1
  C(ATOM     54  CD  ARG B  13)   1.05700000 +1   1.46400000 +1   9.31100000 +1
  N(ATOM     55  NE  ARG B  13)   2.12100000 +1   2.39900000 +1   9.71000000 +1
  C(ATOM     56  CZ  ARG B  13)   1.82000000 +1   3.51800000 +1  10.51400000 +1
  N(ATOM     57  NH1 ARG B  13)   0.68900000 +1   3.44400000 +1  11.34800000 +1
  N(ATOM     58  NH2 ARG B  13)   2.72300000 +1   4.46000000 +1  10.56200000 +1
  N(ATOM     71  N   PRO B  14)  -3.00100000 +1   4.25300000 +1   7.56900000 +1
  C(ATOM     72  CA  PRO B  14)  -3.83300000 +1   5.27300000 +1   8.22100000 +1
  C(ATOM     73  C   PRO B  14)  -3.87900000 +1   5.12600000 +1   9.75200000 +1
  O(ATOM     74  O   PRO B  14)  -3.70400000 +1   4.08400000 +1  10.35600000 +1
  C(ATOM     75  CD  PRO B  14)  -3.80600000 +1   3.30200000 +1   6.77900000 +1
  C(ATOM     76  CB  PRO B  14)  -5.26000000 +1   5.06800000 +1   7.67200000 +1
  C(ATOM     77  CG  PRO B  14)  -5.27500000 +1   3.65800000 +1   7.06900000 +1
  N(ATOM     85  N   CYS B  15)  -4.25900000 +1   6.28000000 +1  10.38900000 +1
  C(ATOM     86  CA  CYS B  15)  -4.48600000 +1   6.33900000 +1  11.83600000 +1
  C(ATOM     87  C   CYS B  15)  -5.49600000 +1   7.48300000 +1  12.05700000 +1
  O(ATOM     88  O   CYS B  15)  -5.48100000 +1   8.49600000 +1  11.37400000 +1
  C(ATOM     89  CB  CYS B  15)  -3.18000000 +1   6.66500000 +1  12.56900000 +1
  S(ATOM     90  SG  CYS B  15)  -3.41900000 +1   6.89600000 +1  14.36700000 +1
  N(ATOM     96  N   TRP B  16)  -6.44800000 +1   7.28900000 +1  13.01800000 +1
  C(ATOM     97  CA  TRP B  16)  -7.40900000 +1   8.35100000 +1  13.31300000 +1
  C(ATOM     98  C   TRP B  16)  -6.81100000 +1   9.20200000 +1  14.45700000 +1
  O(ATOM     99  O   TRP B  16)  -6.65300000 +1   8.76000000 +1  15.58600000 +1
  C(ATOM    100  CB  TRP B  16)  -8.74900000 +1   7.74200000 +1  13.77400000 +1
  C(ATOM    101  CG  TRP B  16)  -9.66500000 +1   7.51600000 +1  12.63800000 +1
  C(ATOM    102  CD1 TRP B  16) -10.08900000 +1   6.30700000 +1  12.10600000 +1
  N(ATOM    103  NE1 TRP B  16) -11.01500000 +1   6.53700000 +1  11.08200000 +1
  C(ATOM    104  CD2 TRP B  16) -10.35100000 +1   8.55800000 +1  11.92200000 +1
  C(ATOM    105  CE2 TRP B  16) -11.20700000 +1   7.91200000 +1  10.97200000 +1
  C(ATOM    106  CE3 TRP B  16) -10.33500000 +1   9.95300000 +1  12.00200000 +1
  C(ATOM    107  CZ2 TRP B  16) -12.06100000 +1   8.64500000 +1  10.13700000 +1
  C(ATOM    108  CZ3 TRP B  16) -11.18300000 +1  10.67000000 +1  11.18100000 +1
  C(ATOM    109  CH2 TRP B  16) -12.04400000 +1  10.02000000 +1  10.27100000 +1
  O(ATOM    120  OXT TRP B  16)  -6.57800000 +1  10.19200000 +1  14.29300000 +1
  N(ATOM    123  N   PHE C  20)  -5.65100000 +1  21.73100000 +1  21.99100000 +1
  C(ATOM    124  CA  PHE C  20)  -4.96000000 +1  22.58700000 +1  22.94500000 +1
  C(ATOM    125  C   PHE C  20)  -5.96300000 +1  23.51400000 +1  23.64900000 +1
  O(ATOM    126  O   PHE C  20)  -6.98200000 +1  23.93400000 +1  23.13600000 +1
  C(ATOM    127  CB  PHE C  20)  -3.94600000 +1  23.49700000 +1  22.21500000 +1
  C(ATOM    128  CG  PHE C  20)  -2.68000000 +1  22.74600000 +1  21.94700000 +1
  C(ATOM    129  CD1 PHE C  20)  -2.55400000 +1  21.95900000 +1  20.80200000 +1
  C(ATOM    130  CD2 PHE C  20)  -1.62100000 +1  22.83500000 +1  22.85300000 +1
  C(ATOM    131  CE1 PHE C  20)  -1.35500000 +1  21.29900000 +1  20.54400000 +1
  C(ATOM    132  CE2 PHE C  20)  -0.43000000 +1  22.16100000 +1  22.59800000 +1
  C(ATOM    133  CZ  PHE C  20)  -0.29300000 +1  21.40100000 +1  21.43900000 +1
  N(ATOM    144  N   GLN C  21)  -5.63300000 +1  23.85400000 +1  24.94600000 +1
  C(ATOM    145  CA  GLN C  21)  -6.33700000 +1  24.96600000 +1  25.57800000 +1
  C(ATOM    146  C   GLN C  21)  -5.75800000 +1  26.26600000 +1  24.98800000 +1
  O(ATOM    147  O   GLN C  21)  -4.61700000 +1  26.32600000 +1  24.55600000 +1
  C(ATOM    148  CB  GLN C  21)  -6.11500000 +1  24.96000000 +1  27.10300000 +1
  C(ATOM    149  CG  GLN C  21)  -7.42000000 +1  25.14900000 +1  27.87300000 +1
  C(ATOM    150  CD  GLN C  21)  -7.96400000 +1  26.54300000 +1  27.69800000 +1
  O(ATOM    151  OE1 GLN C  21)  -8.69700000 +1  26.85100000 +1  26.75300000 +1
  N(ATOM    152  NE2 GLN C  21)  -7.59300000 +1  27.50700000 +1  28.58100000 +1
  N(ATOM    161  N   LEU C  22)  -6.57900000 +1  27.36100000 +1  24.95000000 +1
  C(ATOM    162  CA  LEU C  22)  -6.19800000 +1  28.53800000 +1  24.17500000 +1
  C(ATOM    163  C   LEU C  22)  -5.10500000 +1  29.37000000 +1  24.85900000 +1
  O(ATOM    164  O   LEU C  22)  -4.46600000 +1  30.18500000 +1  24.21100000 +1
  C(ATOM    165  CB  LEU C  22)  -7.39800000 +1  29.45800000 +1  23.92000000 +1
  C(ATOM    166  CG  LEU C  22)  -8.55000000 +1  28.76300000 +1  23.16400000 +1
  C(ATOM    167  CD1 LEU C  22)  -9.52700000 +1  29.83900000 +1  22.68000000 +1
  C(ATOM    168  CD2 LEU C  22)  -8.03800000 +1  27.92600000 +1  21.99200000 +1
  N(ATOM    180  N   ASP C  23)  -4.88300000 +1  29.22200000 +1  26.20900000 +1
  C(ATOM    181  CA  ASP C  23)  -3.70300000 +1  29.81900000 +1  26.83700000 +1
  C(ATOM    182  C   ASP C  23)  -2.49900000 +1  28.84500000 +1  26.85600000 +1
  O(ATOM    183  O   ASP C  23)  -1.48300000 +1  29.13300000 +1  27.47800000 +1
  C(ATOM    184  CB  ASP C  23)  -4.02100000 +1  30.22200000 +1  28.28200000 +1
  C(ATOM    185  CG  ASP C  23)  -4.27100000 +1  29.03200000 +1  29.14200000 +1
  O(ATOM    186  OD1 ASP C  23)  -4.89100000 +1  28.03300000 +1  28.80600000 +1
  O(ATOM    187  OD2 ASP C  23)  -3.71000000 +1  29.11700000 +1  30.34900000 +1
  H(ATOM    188  H   ASP C  23)  -5.53700000 +1  28.69800000 +1  26.77400000 +1
  H(ATOM    189  HA  ASP C  23)  -3.48400000 +1  30.68800000 +1  26.21700000 +1
  H(ATOM    190  HT  ASP C  23)  -2.55400000 +1  27.90100000 +1  26.31400000 +1
  H(ATOM    191 1HB  ASP C  23)  -4.91100000 +1  30.85100000 +1  28.28000000 +1
  H(ATOM    192 2HB  ASP C  23)  -3.17400000 +1  30.77800000 +1  28.68300000 +1
  H(ATOM    193  HD2 ASP C  23)  -3.88600000 +1  28.27900000 +1  30.86700000 +1
  S(HETATM  194  S   SO4 B  30)   2.13700000 +1  12.53400000 +1  23.50400000 +1
  O(HETATM  195  O1  SO4 B  30)   2.04300000 +1  10.99600000 +1  24.33300000 +1
  O(HETATM  196  O4  SO4 B  30)   1.28400000 +1  11.84900000 +1  22.13800000 +1
  O(HETATM  197  O3  SO4 B  30)   3.50400000 +1  12.88900000 +1  22.47200000 +1
  O(HETATM  198  O2  SO4 B  30)   2.99000000 +1  13.21800000 +1  24.87000000 +1
  H(HETATM  200  H2  SO4 B  30)   3.79100000 +1  13.16200000 +1  25.60700000 +1
  P(HETATM  201  P   PO4 B  31)   0.40200000 +1  13.86800000 +1  18.90100000 +1
  O(HETATM  202  O1  PO4 B  31)   0.23700000 +1  12.24400000 +1  19.63600000 +1
  O(HETATM  203  O4  PO4 B  31)  -0.86700000 +1  15.10300000 +1  19.16500000 +1
  O(HETATM  204  O3  PO4 B  31)  -0.46100000 +1  13.29400000 +1  17.44100000 +1
  O(HETATM  205  O2  PO4 B  31)   1.26400000 +1  14.44100000 +1  20.36100000 +1
  H(HETATM  206  H1  PO4 B  31)  -0.32500000 +1  11.53600000 +1  20.24500000 +1
  H(HETATM  207  H3  PO4 B  31)  -1.30200000 +1  13.36800000 +1  16.75100000 +1
  O(HETATM  209  O   HOH B  32)   7.27100000 +1  17.15300000 +1  31.38800000 +1
  H(HETATM  210 1H   HOH B  32)   8.22800000 +1  17.15300000 +1  31.38800000 +1
  H(HETATM  211 2H   HOH B  32)   7.03300000 +1  17.66800000 +1  32.15900000 +1
  N(ATOM      1  N   ASP B  10)   0.00000000 +1   0.00000000 +1   0.00000000 +1
  C(ATOM      2  CA  ASP B  10)   1.46300000 +1   0.00000000 +1   0.00000000 +1
  C(ATOM      3  C   ASP B  10)   2.06000000 +1   1.42400000 +1   0.00000000 +1
  O(ATOM      4  O   ASP B  10)   3.25200000 +1   1.58800000 +1   0.20400000 +1
  C(ATOM      5  CB  ASP B  10)   2.02400000 +1  -0.79600000 +1  -1.17800000 +1
  C(ATOM      6  CG  ASP B  10)   2.44500000 +1  -2.15900000 +1  -0.73100000 +1
  O(ATOM      7  OD1 ASP B  10)   2.59600000 +1  -2.54500000 +1   0.40800000 +1
  O(ATOM      8  OD2 ASP B  10)   2.68000000 +1  -2.96000000 +1  -1.78100000 +1
  H(ATOM      9 1H   ASP B  10)  -0.32900000 +1  -0.41800000 +1   0.85900000 +1
  H(ATOM     10 2H   ASP B  10)  -0.32900000 +1   0.95300000 +1  -0.06700000 +1
  H(ATOM     11  HA  ASP B  10)   1.70500000 +1  -0.50000000 +1   0.93800000 +1
  H(ATOM     12 1HB  ASP B  10)   2.88900000 +1  -0.27300000 +1  -1.58500000 +1
  H(ATOM     13 2HB  ASP B  10)   1.25500000 +1  -0.89500000 +1  -1.94400000 +1
  H(ATOM     14  HD2 ASP B  10)   2.97800000 +1  -3.86100000 +1  -1.46400000 +1
  N(ATOM     15  N   GLU B  11)   1.19600000 +1   2.47600000 +1  -0.11700000 +1
  C(ATOM     16  CA  GLU B  11)   1.68500000 +1   3.84600000 +1  -0.12600000 +1
  C(ATOM     17  C   GLU B  11)   1.30500000 +1   4.56200000 +1   1.18000000 +1
  O(ATOM     18  O   GLU B  11)   2.02300000 +1   5.47400000 +1   1.57900000 +1
  C(ATOM     19  CB  GLU B  11)   1.19100000 +1   4.64300000 +1  -1.34500000 +1
  C(ATOM     20  CG  GLU B  11)  -0.31100000 +1   4.88300000 +1  -1.43800000 +1
  C(ATOM     21  CD  GLU B  11)  -1.07700000 +1   3.71100000 +1  -1.96900000 +1
  O(ATOM     22  OE1 GLU B  11)  -2.31100000 +1   4.08700000 +1  -2.34700000 +1
  O(ATOM     23  OE2 GLU B  11)  -0.73900000 +1   2.55200000 +1  -2.06500000 +1
  H(ATOM     24  H   GLU B  11)   0.20400000 +1   2.30800000 +1  -0.19800000 +1
  H(ATOM     25  HA  GLU B  11)   2.76600000 +1   3.73400000 +1  -0.20300000 +1
  H(ATOM     26 1HB  GLU B  11)   1.51600000 +1   4.08400000 +1  -2.22300000 +1
  H(ATOM     27 2HB  GLU B  11)   1.70300000 +1   5.60400000 +1  -1.30600000 +1
  H(ATOM     28 1HG  GLU B  11)  -0.46800000 +1   5.73800000 +1  -2.09600000 +1
  H(ATOM     29 2HG  GLU B  11)  -0.67000000 +1   5.11600000 +1  -0.43500000 +1
  H(ATOM     30  HE1 GLU B  11)  -2.82200000 +1   3.29600000 +1  -2.68300000 +1
  N(ATOM     31  N   MET B  12)   0.20400000 +1   4.19200000 +1   1.89200000 +1
  C(ATOM     32  CA  MET B  12)  -0.18500000 +1   4.94900000 +1   3.08300000 +1
  C(ATOM     33  C   MET B  12)  -0.68200000 +1   3.98000000 +1   4.16700000 +1
  O(ATOM     34  O   MET B  12)  -1.40500000 +1   3.03200000 +1   3.92800000 +1
  C(ATOM     35  CB  MET B  12)  -1.37000000 +1   5.89100000 +1   2.77400000 +1


                RESIDUE SEQUENCE IN PROTEIN Chain: B

             1     2     3     4     5     6     7     8     9    10
       10         MET   ARG   PRO   CYS   TRP   

                RESIDUE SEQUENCE IN PROTEIN FRAGMENT: 2 Chain: C

             1     2     3     4     5     6     7     8     9    10
       10                                                         PHE   
       20   GLN   LEU   ASP   

                RESIDUE SEQUENCE IN PROTEIN FRAGMENT: 3 Chain: B

             1     2     3     4     5     6     7     8     9    10
        0                                                         ASP   
       10   GLU   MET   

                RESIDUE SEQUENCE IN PROTEIN Chain: B

       10   MRPCW

                RESIDUE SEQUENCE IN PROTEIN FRAGMENT: 2 Chain: C

       10           F QLD

                RESIDUE SEQUENCE IN PROTEIN FRAGMENT: 3 Chain: B

        0           D EM

          ADD-H: SYSTEM HAS BEEN HYDROGENATED

 ******************************************************************************
 *                                                                            *
 *     Error and normal termination messages reported in this calculation     *
 *                                                                            *
 * ADD-H: SYSTEM HAS BEEN HYDROGENATED                                        *
 * JOB ENDED NORMALLY                                                         *
 *                                                                            *
 ******************************************************************************



 TOTAL JOB TIME:             0.02 SECONDS

 == MOPAC DONE ==
