 *******************************************************************************
 **                                                                           **
 **                              MOPAC v22.0.6                                **
 **                                                                           **
 *******************************************************************************
 **          Digital Object Identifier (DOI): 10.5281/zenodo.6511958          **
 **    Visit the DOI location for information on how to cite this program.    **
 *******************************************************************************

                              PM7 CALCULATION RESULTS

 *******************************************************************************
 *  CALCULATION DONE:                                Thu Apr 13 11:25:46 2023  *
 *  GEO-OK     - OVERRIDE INTERATOMIC DISTANCE AND OTHER SAFETY CHECKS
 *  GEO_DAT    - DATA SET GEOMETRY IS IN FILE "Cyclobutadiene_1.arc"
 *  GEO_REF    - REFERENCE GEOMETRY IS IN FILE "Cyclobutadiene_2.arc"
 *               (NO BIAS TOWARDS THE REFERENCE GEOMETRY WILL BE APPLIED)
 *  OPT        - OPTIMIZE COORDINATES OF ALL ATOMS
 *  XYZ        - CARTESIAN COORDINATE SYSTEM TO BE USED
 *  LOCATE-TS  - LOCATE A TRANSITION STATE USING REACTANTS AND PRODUCTS
 *  T=         - A TIME OF 172800.0 SECONDS REQUESTED
 *  DUMP=N     - RESTART FILE WRITTEN EVERY 7200.0 SECONDS REQUESTED
 *  HTML       - WRITE HTML SCRIPT TO READ PDB FILE USING JSMOL
 *******************************************************************************
 geo_ref="Cyclobutadiene_2.arc" +
geo_dat="Cyclobutadiene_1.arc" +
geo-ok locate-ts(C:30,60,120,120;SET:1) opt xyz HTML
 Transition state for 1,3-Cyclobutadiene <=> 2,4-Cyclobutadiene
 Locate approximate structure of the transition state for the second step in the hydride transfer
   ATOM                 CHEMICAL                   X               Y               Z
  NUMBER                 SYMBOL               (ANGSTROMS)     (ANGSTROMS)     (ANGSTROMS)

     1       C(HETATM    1  C   HET A   1)   -0.23381000  *  -0.78002000  *   0.90392000  *
     2       H(HETATM    2  H   HET A   1)    1.67454000  *   0.21551000  *   1.24897000  *
     3       C(HETATM    3  C   HET A   1)    0.63265000  *   0.45604000  *   0.96877000  *
     4       C(HETATM    4  C   HET A   1)    0.53803000  *   0.99939000  *  -0.43785000  *
     5       H(HETATM    5  H   HET A   1)   -0.37989000  *  -1.40727000  *   1.75708000  *
     6       H(HETATM    6  H   HET A   1)   -1.38623000  *  -1.68034000  *  -0.71762000  *
     7       H(HETATM    7  H   HET A   1)   -0.52676000  *   0.30129000  *  -2.21178000  *
     8       H(HETATM    8  H   HET A   1)    1.05068000  *   1.89089000  *  -0.72973000  *
     9       H(HETATM    9  H   HET A   1)    0.26247000  *   1.18071000  *   1.71693000  *
    10       C(HETATM   10  C   HET A   1)   -0.73796000  *  -0.91259000  *  -0.34476000  *
    11       C(HETATM   11  C   HET A   1)   -0.25760000  *   0.19484000  *  -1.17983000  *


                        After docking

                     Atoms that move a lot

                     Atom Label             GEO_REF Coordinates       Movement    Integral

            (HETATM    2  H   HET A   1)   0.568  -1.588   1.250        1.69         1.69
            (HETATM    9  H   HET A   1)   1.082   0.980   1.755        0.70         2.40
            (HETATM    5  H   HET A   1)  -0.933  -0.766   1.717        0.70         3.10
            (HETATM    8  H   HET A   1)   0.869   1.998  -0.721        0.63         3.73
            (HETATM    6  H   HET A   1)  -1.209  -1.794  -0.728        0.63         4.36
            (HETATM    1  C   HET A   1)  -0.119  -0.769   0.969        0.37         4.73
            (HETATM    3  C   HET A   1)   0.589   0.564   0.902        0.37         5.10
            (HETATM   10  C   HET A   1)  -0.646  -0.932  -0.437        0.34         5.44
            (HETATM    4  C   HET A   1)   0.479   1.072  -0.347        0.34         5.77
            (HETATM   11  C   HET A   1)  -0.291   0.141  -1.181        0.0376       5.81

     Residues that move a lot and their (Movement in Angstroms, per atom)


   Difference between GEO_DAT and GEO_REF: 5.835 = total,  0.5305 = Average,  0.6846 = RMS, in Angstroms

 General Reference for PM7:
 "Optimization of Parameters for Semiempirical Methods VI: More Modifications to the 
 NDDO Approximations and Re-optimization of Parameters", J. J. P. Stewart, J. Mol. Mod., 1:32, 19 (2013)
 https://link.springer.com/article/10.1007/s00894-012-1667-x

           Empirical Formula: C5 H6  =    11 atoms



      MOLECULAR POINT GROUP   :   Cs  

          NO CHARGES FOUND.

          COMPUTED CHARGE ON SYSTEM: +0

 Set 1: Atoms involved in covalent bond-breaking and bond-making                  Connectivity of atoms

                                                                             Data-set                  Reference
                                     (PDB labels from GEO-REF)
   1    Atom:   C     1  PDB Label: (HETATM    1  C   HET A   1)           3     5    10              2     3     5    10
   2    Atom:   H     2  PDB Label: (HETATM    2  H   HET A   1)           3                          1
   3    Atom:   C     3  PDB Label: (HETATM    3  C   HET A   1)           1     2     4     9        1     4     9

 Set 2 : Atoms involved in covalent bond-breaking and bond-making, plus nearest neighbors

   1    Atom:   C     1  PDB Label: (HETATM    1  C   HET A   1)
   2    Atom:   H     2  PDB Label: (HETATM    2  H   HET A   1)
   3    Atom:   C     3  PDB Label: (HETATM    3  C   HET A   1)
   4    Atom:   H     5  PDB Label: (HETATM    5  H   HET A   1)
   5    Atom:   C    10  PDB Label: (HETATM   10  C   HET A   1)
   6    Atom:   C     4  PDB Label: (HETATM    4  C   HET A   1)
   7    Atom:   H     9  PDB Label: (HETATM    9  H   HET A   1)

          Set 1 selected by keyword 'SET' within keyword 'LOCATE-TS'

          Current value of GEO_REF constraint:                 30.00  Kcal/mol/Angstrom^2
          Distance between the geometries:                      5.84  Angstroms

          Heat of formation of the first geometry:             32.295 Kcal/mol
          Heat of formation of the second geometry:            32.295 Kcal/mol
          Contribution to heat of formation due to stress:    309.358  Kcal/mol
          Gradient arising from first geometry:               272.414  Kcal/mol/Angstrom
          Gradient arising from second geometry:              272.543  Kcal/mol/Angstrom
          Angle between gradient vectors:                     179.71  degrees

 CYCLE:     1 TIME:   0.004 TIME LEFT:  2.00D  GRAD.:   192.671 HEAT:  373.9475
 CYCLE:     2 TIME:   0.000 TIME LEFT:  2.00D  GRAD.:   191.980 HEAT:  373.3915
 CYCLE:     3 TIME:   0.004 TIME LEFT:  2.00D  GRAD.:   802.825 HEAT:  320.6277
 CYCLE:     4 TIME:   0.004 TIME LEFT:  2.00D  GRAD.:   217.055 HEAT:  224.1041
 CYCLE:     5 TIME:   0.004 TIME LEFT:  2.00D  GRAD.:    99.166 HEAT:  216.6259
 CYCLE:     6 TIME:   0.000 TIME LEFT:  2.00D  GRAD.:    50.227 HEAT:  225.1467
 CYCLE:     7 TIME:   0.004 TIME LEFT:  2.00D  GRAD.:    34.558 HEAT:  220.5161
 CYCLE:     8 TIME:   0.004 TIME LEFT:  2.00D  GRAD.:    27.369 HEAT:  218.9153
 CYCLE:     9 TIME:   0.000 TIME LEFT:  2.00D  GRAD.:    20.224 HEAT:  218.5434
 CYCLE:    10 TIME:   0.004 TIME LEFT:  2.00D  GRAD.:    13.809 HEAT:  218.3938
 CYCLE:    11 TIME:   0.004 TIME LEFT:  2.00D  GRAD.:     9.043 HEAT:  218.6165
 CYCLE:    12 TIME:   0.000 TIME LEFT:  2.00D  GRAD.:    21.174 HEAT:  218.6613
 CYCLE:    13 TIME:   0.004 TIME LEFT:  2.00D  GRAD.:     5.886 HEAT:  218.4793
 CYCLE:    14 TIME:   0.000 TIME LEFT:  2.00D  GRAD.:     3.259 HEAT:  218.4820

     GRADIENT =  3.25875 IS LESS THAN CUTOFF =  4.00000



          First geometry (derived from data-set) after optimization subject to 
          GEO_REF constraint of 30.0 Kcal/mol/Angstrom^2 towards the reference geometry written to file:
          'Locate_TS bias=30.0 first.mop'


          Second geometry (derived from reference geometry)after optimization subject to 
          GEO_REF constraint of 30.0 Kcal/mol/Angstrom^2 towards the data-set geometry written to file:
          'Locate_TS bias=30.0 second.mop'


          Job name: 'Locate_TS'

          Current value of GEO_REF constraint:                 30.00  Kcal/mol/Angstrom^2
          Distance between the geometries:                    3.77  Angstroms

                     Atoms that move a lot

                     Atom Label             GEO_REF Coordinates       Movement    Integral

            (HETATM    2  H   HET A   1)   0.810  -1.364   1.240        1.05         1.05
            (HETATM    9  H   HET A   1)   0.933   0.991   1.789        0.39         1.44
            (HETATM    5  H   HET A   1)  -0.900  -0.928   1.727        0.39         1.83
            (HETATM    1  C   HET A   1)  -0.121  -0.781   0.959        0.34         2.17
            (HETATM    3  C   HET A   1)   0.569   0.542   0.902        0.34         2.51
            (HETATM    6  H   HET A   1)  -1.355  -1.719  -0.735        0.32         2.84
            (HETATM    8  H   HET A   1)   0.982   1.904  -0.726        0.32         3.16
            (HETATM   10  C   HET A   1)  -0.700  -0.923  -0.436        0.25         3.41
            (HETATM    4  C   HET A   1)   0.488   1.035  -0.353        0.25         3.65
            (HETATM   11  C   HET A   1)  -0.317   0.138  -1.184        0.0752       3.73

     Residues that move a lot and their (Movement in Angstroms, per atom)


          Heat of formation of the first geometry:             49.947 Kcal/mol
          Heat of formation of the second geometry:            50.074 Kcal/mol
          Contribution to heat of formation due to stress:    118.461  Kcal/mol
          Gradient arising from first geometry:                84.411  Kcal/mol/Angstrom
          Gradient arising from second geometry:               84.185  Kcal/mol/Angstrom
          Angle between gradient vectors:                     177.99  degrees


          Average of first and second geometries after optimization subject to 
          GEO_REF constraint of 30.0 Kcal/mol/Angstrom^2 towards the data-set geometry written to file:
          'Locate_TS bias=30.0 average.mop'

 CYCLE:     1 TIME:   0.004 TIME LEFT:  2.00D  GRAD.:   193.410 HEAT:  315.0720
 CYCLE:     2 TIME:   0.004 TIME LEFT:  2.00D  GRAD.:   192.221 HEAT:  314.4769
 CYCLE:     3 TIME:   0.004 TIME LEFT:  2.00D  GRAD.:   281.405 HEAT:  237.1403
 CYCLE:     4 TIME:   0.000 TIME LEFT:  2.00D  GRAD.:   412.663 HEAT:  214.8931
 CYCLE:     5 TIME:   0.004 TIME LEFT:  2.00D  GRAD.:    78.798 HEAT:  190.0511
 CYCLE:     6 TIME:   0.004 TIME LEFT:  2.00D  GRAD.:    27.161 HEAT:  203.4305
 CYCLE:     7 TIME:   0.000 TIME LEFT:  2.00D  GRAD.:    16.596 HEAT:  205.5822
 CYCLE:     8 TIME:   0.004 TIME LEFT:  2.00D  GRAD.:    31.313 HEAT:  200.7584
 CYCLE:     9 TIME:   0.000 TIME LEFT:  2.00D  GRAD.:    35.100 HEAT:  198.6256
 CYCLE:    10 TIME:   0.004 TIME LEFT:  2.00D  GRAD.:    12.840 HEAT:  201.5371
 CYCLE:    11 TIME:   0.004 TIME LEFT:  2.00D  GRAD.:     6.326 HEAT:  202.6707
 CYCLE:    12 TIME:   0.000 TIME LEFT:  2.00D  GRAD.:     8.094 HEAT:  201.9937
 CYCLE:    13 TIME:   0.004 TIME LEFT:  2.00D  GRAD.:     4.328 HEAT:  201.6783
 CYCLE:    14 TIME:   0.000 TIME LEFT:  2.00D  GRAD.:     9.426 HEAT:  202.0913
 CYCLE:    15 TIME:   0.004 TIME LEFT:  2.00D  GRAD.:     4.706 HEAT:  202.0459
 CYCLE:    16 TIME:   0.000 TIME LEFT:  2.00D  GRAD.:     2.694 HEAT:  202.0057

     GRADIENT =  2.69379 IS LESS THAN CUTOFF =  4.00000



          First geometry (derived from data-set) after optimization subject to 
          GEO_REF constraint of 60.0 Kcal/mol/Angstrom^2 towards the reference geometry written to file:
          'Locate_TS bias=60.0 first.mop'


          Second geometry (derived from reference geometry)after optimization subject to 
          GEO_REF constraint of 60.0 Kcal/mol/Angstrom^2 towards the data-set geometry written to file:
          'Locate_TS bias=60.0 second.mop'


          Job name: 'Locate_TS'

          Current value of GEO_REF constraint:                 60.00  Kcal/mol/Angstrom^2
          Distance between the geometries:                    2.31  Angstroms

                     Atoms that move a lot

                     Atom Label             GEO_REF Coordinates       Movement    Integral

            (HETATM    2  H   HET A   1)   0.951  -1.204   1.178        0.63         0.63
            (HETATM    3  C   HET A   1)   0.545   0.529   0.910        0.32         0.94
            (HETATM    1  C   HET A   1)  -0.138  -0.794   0.951        0.32         1.26
            (HETATM    4  C   HET A   1)   0.509   1.012  -0.353        0.18         1.43
            (HETATM   10  C   HET A   1)  -0.739  -0.911  -0.431        0.18         1.61
            (HETATM    9  H   HET A   1)   0.845   1.000   1.808        0.17         1.78
            (HETATM    5  H   HET A   1)  -0.859  -1.058   1.744        0.17         1.95
            (HETATM    8  H   HET A   1)   1.058   1.851  -0.717        0.13         2.08
            (HETATM    6  H   HET A   1)  -1.441  -1.668  -0.735        0.13         2.21
            (HETATM   11  C   HET A   1)  -0.325   0.144  -1.180        0.0745       2.29

     Residues that move a lot and their (Movement in Angstroms, per atom)


          Heat of formation of the first geometry:             55.866 Kcal/mol
          Heat of formation of the second geometry:            55.879 Kcal/mol
          Contribution to heat of formation due to stress:     90.260  Kcal/mol
          Gradient arising from first geometry:               104.278  Kcal/mol/Angstrom
          Gradient arising from second geometry:              104.141  Kcal/mol/Angstrom
          Angle between gradient vectors:                     178.57  degrees


          Average of first and second geometries after optimization subject to 
          GEO_REF constraint of 60.0 Kcal/mol/Angstrom^2 towards the data-set geometry written to file:
          'Locate_TS bias=60.0 average.mop'

 CYCLE:     1 TIME:   0.004 TIME LEFT:  2.00D  GRAD.:   211.800 HEAT:  278.7835
 CYCLE:     2 TIME:   0.000 TIME LEFT:  2.00D  GRAD.:   209.528 HEAT:  278.0385
 CYCLE:     3 TIME:   0.004 TIME LEFT:  2.00D  GRAD.:   146.416 HEAT:  219.7396
 CYCLE:     4 TIME:   0.004 TIME LEFT:  2.00D  GRAD.:   266.453 HEAT:  198.1077
 CYCLE:     5 TIME:   0.004 TIME LEFT:  2.00D  GRAD.:    58.662 HEAT:  191.4811
 CYCLE:     6 TIME:   0.000 TIME LEFT:  2.00D  GRAD.:    24.720 HEAT:  198.4043
 CYCLE:     7 TIME:   0.004 TIME LEFT:  2.00D  GRAD.:    15.162 HEAT:  200.1809
 CYCLE:     8 TIME:   0.004 TIME LEFT:  2.00D  GRAD.:    23.255 HEAT:  197.1587
 CYCLE:     9 TIME:   0.000 TIME LEFT:  2.00D  GRAD.:    16.802 HEAT:  195.5289
 CYCLE:    10 TIME:   0.004 TIME LEFT:  2.00D  GRAD.:    15.818 HEAT:  199.0035
 CYCLE:    11 TIME:   0.000 TIME LEFT:  2.00D  GRAD.:    10.040 HEAT:  199.7483
 CYCLE:    12 TIME:   0.004 TIME LEFT:  2.00D  GRAD.:    15.381 HEAT:  197.0890
 CYCLE:    13 TIME:   0.004 TIME LEFT:  2.00D  GRAD.:     9.886 HEAT:  196.5400
 CYCLE:    14 TIME:   0.000 TIME LEFT:  2.00D  GRAD.:     9.447 HEAT:  198.2888
 CYCLE:    15 TIME:   0.004 TIME LEFT:  2.00D  GRAD.:     6.565 HEAT:  198.6516
 CYCLE:    16 TIME:   0.000 TIME LEFT:  2.00D  GRAD.:     4.804 HEAT:  197.5694
 CYCLE:    17 TIME:   0.004 TIME LEFT:  2.00D  GRAD.:     3.282 HEAT:  197.2779

     GRADIENT =  3.28200 IS LESS THAN CUTOFF =  4.00000



          First geometry (derived from data-set) after optimization subject to 
          GEO_REF constraint of 120.0 Kcal/mol/Angstrom^2 towards the reference geometry written to file:
          'Locate_TS bias=120.0 first.mop'


          Second geometry (derived from reference geometry)after optimization subject to 
          GEO_REF constraint of 120.0 Kcal/mol/Angstrom^2 towards the data-set geometry written to file:
          'Locate_TS bias=120.0 second.mop'


          Job name: 'Locate_TS'

          Current value of GEO_REF constraint:                120.00  Kcal/mol/Angstrom^2
          Distance between the geometries:                    1.37  Angstroms

                     Atoms that move a lot

                     Atom Label             GEO_REF Coordinates       Movement    Integral

            (HETATM    2  H   HET A   1)   1.021  -1.084   1.116        0.35         0.35
            (HETATM    3  C   HET A   1)   0.532   0.508   0.921        0.26         0.61
            (HETATM    1  C   HET A   1)  -0.178  -0.801   0.945        0.26         0.87
            (HETATM    4  C   HET A   1)   0.532   0.986  -0.350        0.11         0.98
            (HETATM   10  C   HET A   1)  -0.773  -0.900  -0.427        0.11         1.08
            (HETATM   11  C   HET A   1)  -0.325   0.148  -1.174        0.0674       1.15
            (HETATM    9  H   HET A   1)   0.818   0.990   1.818        0.0662       1.22
            (HETATM    5  H   HET A   1)  -0.835  -1.132   1.760        0.0640       1.28
            (HETATM    6  H   HET A   1)  -1.478  -1.650  -0.739        0.0427       1.32
            (HETATM    8  H   HET A   1)   1.093   1.823  -0.702        0.0425       1.37

     Residues that move a lot and their (Movement in Angstroms, per atom)


          Heat of formation of the first geometry:             63.183 Kcal/mol
          Heat of formation of the second geometry:            63.009 Kcal/mol
          Contribution to heat of formation due to stress:     71.086  Kcal/mol
          Gradient arising from first geometry:               128.901  Kcal/mol/Angstrom
          Gradient arising from second geometry:              130.271  Kcal/mol/Angstrom
          Angle between gradient vectors:                     178.66  degrees


          Average of first and second geometries after optimization subject to 
          GEO_REF constraint of 120.0 Kcal/mol/Angstrom^2 towards the data-set geometry written to file:
          'Locate_TS bias=120.0 average.mop'

 CYCLE:     1 TIME:   0.004 TIME LEFT:  2.00D  GRAD.:    88.983 HEAT:  188.1493
 CYCLE:     2 TIME:   0.004 TIME LEFT:  2.00D  GRAD.:    87.321 HEAT:  188.0056
 CYCLE:     3 TIME:   0.004 TIME LEFT:  2.00D  GRAD.:    29.652 HEAT:  180.3716
 CYCLE:     4 TIME:   0.004 TIME LEFT:  2.00D  GRAD.:    82.985 HEAT:  183.2671
 CYCLE:     5 TIME:   0.000 TIME LEFT:  2.00D  GRAD.:    85.030 HEAT:  187.9129
 CYCLE:     6 TIME:   0.004 TIME LEFT:  2.00D  GRAD.:    64.145 HEAT:  186.2546
 CYCLE:     7 TIME:   0.000 TIME LEFT:  2.00D  GRAD.:    38.312 HEAT:  181.3695
 CYCLE:     8 TIME:   0.004 TIME LEFT:  2.00D  GRAD.:    39.581 HEAT:  176.2060
 CYCLE:     9 TIME:   0.004 TIME LEFT:  2.00D  GRAD.:    20.184 HEAT:  175.1179
 CYCLE:    10 TIME:   0.000 TIME LEFT:  2.00D  GRAD.:    16.085 HEAT:  175.0094
 CYCLE:    11 TIME:   0.004 TIME LEFT:  2.00D  GRAD.:    14.489 HEAT:  174.9454
 CYCLE:    12 TIME:   0.004 TIME LEFT:  2.00D  GRAD.:    12.045 HEAT:  174.8779
 CYCLE:    13 TIME:   0.000 TIME LEFT:  2.00D  GRAD.:    16.764 HEAT:  175.3915
 CYCLE:    14 TIME:   0.004 TIME LEFT:  2.00D  GRAD.:    10.424 HEAT:  175.2563
 CYCLE:    15 TIME:   0.000 TIME LEFT:  2.00D  GRAD.:     9.426 HEAT:  175.1330
 CYCLE:    16 TIME:   0.004 TIME LEFT:  2.00D  GRAD.:     8.862 HEAT:  175.0212
 CYCLE:    17 TIME:   0.004 TIME LEFT:  2.00D  GRAD.:    72.611 HEAT:  174.4849
 CYCLE:    18 TIME:   0.000 TIME LEFT:  2.00D  GRAD.:     8.553 HEAT:  174.5222
 CYCLE:    19 TIME:   0.004 TIME LEFT:  2.00D  GRAD.:     5.520 HEAT:  174.6088
 CYCLE:    20 TIME:   0.004 TIME LEFT:  2.00D  GRAD.:     4.127 HEAT:  174.1193
 CYCLE:    21 TIME:   0.000 TIME LEFT:  2.00D  GRAD.:     3.363 HEAT:  174.1638

     GRADIENT =  3.36294 IS LESS THAN CUTOFF =  4.00000



          First geometry (derived from data-set) after optimization subject to 
          GEO_REF constraint of 120.0 Kcal/mol/Angstrom^2 towards the reference geometry written to file:
          'Locate_TS bias=120.0 first.mop'


          Second geometry (derived from reference geometry)after optimization subject to 
          GEO_REF constraint of 120.0 Kcal/mol/Angstrom^2 towards the data-set geometry written to file:
          'Locate_TS bias=120.0 second.mop'


          Job name: 'Locate_TS'

          Current value of GEO_REF constraint:                120.00  Kcal/mol/Angstrom^2
          Distance between the geometries:                    1.11  Angstroms

                     Atoms that move a lot

                     Atom Label             GEO_REF Coordinates       Movement    Integral

            (HETATM    2  H   HET A   1)   1.029  -1.045   1.062        0.29         0.29
            (HETATM    1  C   HET A   1)  -0.204  -0.799   0.942        0.23         0.52
            (HETATM    3  C   HET A   1)   0.524   0.503   0.930        0.23         0.75
            (HETATM    4  C   HET A   1)   0.544   0.976  -0.348        0.0799       0.83
            (HETATM   10  C   HET A   1)  -0.787  -0.893  -0.421        0.0796       0.91
            (HETATM   11  C   HET A   1)  -0.319   0.151  -1.170        0.0560       0.96
            (HETATM    5  H   HET A   1)  -0.813  -1.166   1.769        0.0430       1.01
            (HETATM    9  H   HET A   1)   0.822   0.983   1.827        0.0429       1.05
            (HETATM    8  H   HET A   1)   1.102   1.818  -0.694        0.0271       1.08
            (HETATM    6  H   HET A   1)  -1.490  -1.643  -0.736        0.0270       1.10

     Residues that move a lot and their (Movement in Angstroms, per atom)


          Heat of formation of the first geometry:             61.365 Kcal/mol
          Heat of formation of the second geometry:            62.251 Kcal/mol
          Contribution to heat of formation due to stress:     50.548  Kcal/mol
          Gradient arising from first geometry:               110.704  Kcal/mol/Angstrom
          Gradient arising from second geometry:              109.553  Kcal/mol/Angstrom
          Angle between gradient vectors:                     178.31  degrees


          Average of first and second geometries after optimization subject to 
          GEO_REF constraint of 120.0 Kcal/mol/Angstrom^2 towards the data-set geometry written to file:
          'Locate_TS bias=120.0 average.mop'

  Loop:   1  Energy minimization, excluding active site, using L-BFGS

 CYCLE:     1 TIME:   0.008 TIME LEFT:  2.00D  GRAD.:    20.203 HEAT:  73.33114
 CYCLE:     2 TIME:   0.000 TIME LEFT:  2.00D  GRAD.:    19.715 HEAT:  73.32285
 CYCLE:     3 TIME:   0.004 TIME LEFT:  2.00D  GRAD.:    14.893 HEAT:  73.16629
 CYCLE:     4 TIME:   0.000 TIME LEFT:  2.00D  GRAD.:    19.787 HEAT:  73.32025
 CYCLE:     5 TIME:   0.004 TIME LEFT:  2.00D  GRAD.:    15.031 HEAT:  73.16561
 CYCLE:     6 TIME:   0.000 TIME LEFT:  2.00D  GRAD.:    12.958 HEAT:  73.05726
 CYCLE:     7 TIME:   0.004 TIME LEFT:  2.00D  GRAD.:    13.433 HEAT:  72.74055
 CYCLE:     8 TIME:   0.000 TIME LEFT:  2.00D  GRAD.:    21.923 HEAT:  72.58704
 CYCLE:     9 TIME:   0.004 TIME LEFT:  2.00D  GRAD.:     9.273 HEAT:  72.44748
 CYCLE:    10 TIME:   0.004 TIME LEFT:  2.00D  GRAD.:     4.969 HEAT:  72.36830

     GRADIENT =  4.96905 IS LESS THAN CUTOFF =  5.00000


  Loop:   1  Gradient minimization of atoms in the active site using TS

          Transition state on cycle 1 written to file:
          'Locate_TS Loop1.mop'


          HESSIAN CALCULATED NUMERICALLY

 CYCLE:     1 TIME:   0.094 TIME LEFT:  2.00D  GRAD.:    18.371 HEAT:  72.36726
 CYCLE:     2 TIME:   0.004 TIME LEFT:  2.00D  GRAD.:     3.748 HEAT:  71.81581
 CYCLE:     3 TIME:   0.004 TIME LEFT:  2.00D  GRAD.:     2.681 HEAT:  71.81043

     GRADIENT =  2.68088 IS LESS THAN CUTOFF =  3.00000


  Loop:   2  Energy minimization, excluding active site, using L-BFGS

 CYCLE:     1 TIME:   0.004 TIME LEFT:  2.00D  GRAD.:     9.319 HEAT:  71.80978
 CYCLE:     2 TIME:   0.000 TIME LEFT:  2.00D  GRAD.:     9.263 HEAT:  71.80889
 CYCLE:     3 TIME:   0.004 TIME LEFT:  2.00D  GRAD.:    13.426 HEAT:  71.72285
 CYCLE:     4 TIME:   0.004 TIME LEFT:  2.00D  GRAD.:     4.910 HEAT:  71.66094

     GRADIENT =  4.90973 IS LESS THAN CUTOFF =  5.00000


  Loop:   2  Gradient minimization of atoms in the active site using TS

          Transition state on cycle 2 written to file:
          'Locate_TS Loop2.mop'

 CYCLE:     1 TIME:   0.000 TIME LEFT:  2.00D  GRAD.:     8.248 HEAT:  71.66069
 CYCLE:     2 TIME:   0.008 TIME LEFT:  2.00D  GRAD.:     1.016 HEAT:  71.66565

     GRADIENT =  1.01620 IS LESS THAN CUTOFF =  3.00000


  Loop:   3  Energy minimization, excluding active site, using L-BFGS

 CYCLE:     1 TIME:   0.004 TIME LEFT:  2.00D  GRAD.:     9.252 HEAT:  71.66504
 CYCLE:     2 TIME:   0.000 TIME LEFT:  2.00D  GRAD.:     9.124 HEAT:  71.66416
 CYCLE:     3 TIME:   0.004 TIME LEFT:  2.00D  GRAD.:     4.838 HEAT:  71.62572

     GRADIENT =  4.83830 IS LESS THAN CUTOFF =  5.00000


  Loop:   3  Gradient minimization of atoms in the active site using TS

          Transition state on cycle 3 written to file:
          'Locate_TS Loop3.mop'

 CYCLE:     1 TIME:   0.000 TIME LEFT:  2.00D  GRAD.:     4.483 HEAT:  71.62509
 CYCLE:     2 TIME:   0.004 TIME LEFT:  2.00D  GRAD.:     1.763 HEAT:  71.63905

     GRADIENT =  1.76332 IS LESS THAN CUTOFF =  3.00000


  Loop:   4  Energy minimization, excluding active site, using L-BFGS

 CYCLE:     1 TIME:   0.000 TIME LEFT:  2.00D  GRAD.:     6.470 HEAT:  71.63849
 CYCLE:     2 TIME:   0.004 TIME LEFT:  2.00D  GRAD.:     6.407 HEAT:  71.63804
 CYCLE:     3 TIME:   0.004 TIME LEFT:  2.00D  GRAD.:     7.689 HEAT:  71.61977
 CYCLE:     4 TIME:   0.000 TIME LEFT:  2.00D  GRAD.:     7.198 HEAT:  71.63846
 CYCLE:     5 TIME:   0.004 TIME LEFT:  2.00D  GRAD.:     9.213 HEAT:  71.62530
 CYCLE:     6 TIME:   0.004 TIME LEFT:  2.00D  GRAD.:     3.187 HEAT:  71.60836

     GRADIENT =  3.18657 IS LESS THAN CUTOFF =  5.00000


  Loop:   4  Gradient minimization of atoms in the active site using TS

          Transition state on cycle 4 written to file:
          'Locate_TS Loop4.mop'


     GRADIENT =  2.18546 IS LESS THAN CUTOFF =  3.00000


  Loop:   5  Energy minimization, excluding active site, using L-BFGS

 CYCLE:     1 TIME:   0.000 TIME LEFT:  2.00D  GRAD.:     3.499 HEAT:  71.60808

     GRADIENT =  3.49896 IS LESS THAN CUTOFF =  5.00000


  Loop:   5  Gradient minimization of atoms in the active site using TS

          Transition state on cycle 5 written to file:
          'Locate_TS Loop5.mop'


     GRADIENT =  1.93467 IS LESS THAN CUTOFF =  3.00000



 -------------------------------------------------------------------------------
 geo-ok HTML
 Transition state for 1,3-Cyclobutadiene <=> 2,4-Cyclobutadiene
 Locate approximate structure of the transition state for the second step in the hydride transfer


     TRANSITION GEOMETRY LOCATED USING LOCATE-TS              
     SCF FIELD WAS ACHIEVED                                   


                              PM7 CALCULATION
                                                       MOPAC v22.0.6 MacOS
                                                       Thu Apr 13 11:25:46 2023




          FINAL HEAT OF FORMATION =         71.60806 KCAL/MOL =     299.60814 KJ/MOL



          GRADIENT NORM           =          1.93467          =       0.58332 PER ATOM
          NO. OF FILLED LEVELS    =         13
          MOLECULAR WEIGHT        =         66.1024         POINT GROUP:  Cs  

          MOLECULAR DIMENSIONS (Angstroms)

            Atom       Atom       Distance
            H     8    H     5     4.34892
            H     9    H     6     4.12809
            H     7    H     2     1.54376


          SCF CALCULATIONS        =         55

          WALL-CLOCK TIME         =      0.398 SECONDS
          COMPUTATION TIME        =      2.103 SECONDS




   ATOM                 CHEMICAL                   X               Y               Z
  NUMBER                 SYMBOL               (ANGSTROMS)     (ANGSTROMS)     (ANGSTROMS)

     1       C(HETATM    1  C   HET A   1)   -0.32328496  *  -0.77832521  *   0.92973403  *
     2       H(HETATM    2  H   HET A   1)    1.09355487  *  -0.91238170  *   0.95704664  *
     3       C(HETATM    3  C   HET A   1)    0.56928752  *   0.41417061  *   0.95018613  *
     4       C(HETATM    4  C   HET A   1)    0.56756580      0.94006098     -0.36171277   
     5       H(HETATM    5  H   HET A   1)   -0.74191068     -1.25510824      1.79261732   
     6       H(HETATM    6  H   HET A   1)   -1.48940036     -1.64448089     -0.73816940   
     7       H(HETATM    7  H   HET A   1)   -0.48554524      0.32844448     -2.20120444   
     8       H(HETATM    8  H   HET A   1)    1.11025515      1.80582854     -0.67987578   
     9       H(HETATM    9  H   HET A   1)    0.89265531      0.92941976      1.83186518   
    10       C(HETATM   10  C   HET A   1)   -0.81052928     -0.89194907     -0.39501832   
    11       C(HETATM   11  C   HET A   1)   -0.26982928      0.14737047     -1.16682674   

                             CARTESIAN COORDINATES

   1    C       -0.323284963    -0.778325211     0.929734028
   2    H        1.093554869    -0.912381699     0.957046641
   3    C        0.569287520     0.414170607     0.950186132
   4    C        0.567565796     0.940060982    -0.361712765
   5    H       -0.741910684    -1.255108244     1.792617325
   6    H       -1.489400358    -1.644480889    -0.738169405
   7    H       -0.485545242     0.328444479    -2.201204438
   8    H        1.110255146     1.805828544    -0.679875778
   9    H        0.892655311     0.929419761     1.831865177
  10    C       -0.810529283    -0.891949068    -0.395018320
  11    C       -0.269829280     0.147370469    -1.166826745


                  UNUSUALLY SHORT HYDROGEN BOND DISTANCES

  Hydrogen   R(H-A)  Atom A    R(H-B)  Atom B     R(A-B)      Loc-A      Loc-B
       2      1.43   C    3     1.42   C    1      1.49     HET   1  A  HET   1  A


           Empirical Formula: C5 H6  =    11 atoms



              NET ATOMIC CHARGES AND DIPOLE CONTRIBUTIONS

  ATOM NO.                 TYPE                        CHARGE      No. of ELECS.   s-Pop       p-Pop       
    1          C(HETATM    1  C   HET A   1)          -0.254364        4.2544     1.07484     3.17952
    2          H(HETATM    2  H   HET A   1)           0.292415        0.7076     0.70758
    3          C(HETATM    3  C   HET A   1)          -0.251194        4.2512     1.07505     3.17614
    4          C(HETATM    4  C   HET A   1)          -0.197785        4.1978     1.08174     3.11604
    5          H(HETATM    5  H   HET A   1)           0.163641        0.8364     0.83636
    6          H(HETATM    6  H   HET A   1)           0.151018        0.8490     0.84898
    7          H(HETATM    7  H   HET A   1)           0.148220        0.8518     0.85178
    8          H(HETATM    8  H   HET A   1)           0.151073        0.8489     0.84893
    9          H(HETATM    9  H   HET A   1)           0.163657        0.8363     0.83634
   10          C(HETATM   10  C   HET A   1)          -0.196077        4.1961     1.08165     3.11443
   11          C(HETATM   11  C   HET A   1)          -0.170604        4.1706     1.08553     3.08508

          NET CHARGE ON RESIDUES

      Residue         Charge  Anion or
                              Cation?
      HET A   1       +0.000



 DIPOLE           X         Y         Z       TOTAL
 POINT-CHG.     1.187    -0.909     0.987     1.791
 HYBRID         0.300    -0.227     0.164     0.411
 SUM            1.488    -1.136     1.151     2.197


          ATOMIC ORBITAL ELECTRON POPULATIONS

                   Atom                  s        px        py        pz   
    1  C(HETATM    1  C   HET A   1)   1.07484   0.97242   1.13272   1.07438
    2  H(HETATM    2  H   HET A   1)   0.70758
    3  C(HETATM    3  C   HET A   1)   1.07505   1.16063   0.94038   1.07512
    4  C(HETATM    4  C   HET A   1)   1.08174   1.06240   1.06569   0.98796
    5  H(HETATM    5  H   HET A   1)   0.83636
    6  H(HETATM    6  H   HET A   1)   0.84898
    7  H(HETATM    7  H   HET A   1)   0.85178
    8  H(HETATM    8  H   HET A   1)   0.84893
    9  H(HETATM    9  H   HET A   1)   0.83634
   10  C(HETATM   10  C   HET A   1)   1.08165   1.06536   1.06041   0.98866
   11  C(HETATM   11  C   HET A   1)   1.08553   1.01548   1.00190   1.06769

 **********************
 *                    *
 * JOB ENDED NORMALLY *
 *                    *
 **********************



 TOTAL JOB TIME:             0.41 SECONDS

 == MOPAC DONE ==
