 *******************************************************************************
 **                                                                           **
 **                              MOPAC v22.0.6                                **
 **                                                                           **
 *******************************************************************************
 **          Digital Object Identifier (DOI): 10.5281/zenodo.6511958          **
 **    Visit the DOI location for information on how to cite this program.    **
 *******************************************************************************

                              PM7 CALCULATION RESULTS

 *******************************************************************************
 *  CALCULATION DONE:                                Thu Apr 13 11:25:47 2023  *
 *  GEO_DAT    - DATA SET GEOMETRY IS IN FILE "IONIZE.arc"
 *  SITE       - SET IONIZATION LEVELS OF IONIZABLE RESIDUES 
 *  T=         - A TIME OF 172800.0 SECONDS REQUESTED
 *  DUMP=N     - RESTART FILE WRITTEN EVERY 7200.0 SECONDS REQUESTED
 *  OUTPUT     - MINIMIZE OUTPUT
 *******************************************************************************
geo_dat="IONIZE.arc"  OUTPUT   site=("[GLY]2:B.N"(0),"[ARG]5:B.NH2"(0),"[8OG]1157:B.OP3"(0),"[GLU]41:B.OE2"(0)) +
site=("[GLY]2:B.N"(+),"[ARG]5:B.NH2"(+),"[8OG]1157:B.OP3"(-),"[GLU]41:B.OE2"(-)) site=(B2(0),B5(0),B1157(0),B41(0)) +
site=("N   GLY B   2"(+),"NH2 ARG B   5"(+),"OE2 GLU B  41"(-),"OP1 8OG B1157"(0))
 Test that ionized sites can be de-ionized



 General Reference for PM7:
 "Optimization of Parameters for Semiempirical Methods VI: More Modifications to the 
 NDDO Approximations and Re-optimization of Parameters", J. J. P. Stewart, J. Mol. Mod., 1:32, 19 (2013)
 https://link.springer.com/article/10.1007/s00894-012-1667-x

           Empirical Formula: C798 H1339 N206 O314 S9 P  =  2667 atoms


       Changes in Ionization caused by keyword SITE

       Keyword: SITE=("[GLY]2:B.N"(0),"[ARG]5:B.NH2"(0),"[8OG]1157:B.OP3"(0),"[GLU]41:B.OE2"(0))

      Hydrogen atoms added to     Hydrogen atoms deleted from

  1       OP3 8OG B1157                 N   GLY B   2
  2       OE2 GLU B  41                 NH2 ARG B   5

          Change in net ionization:  +0

       Changes in Ionization caused by keyword SITE

       Keyword: SITE=("[GLY]2:B.N"(+),"[ARG]5:B.NH2"(+),"[8OG]1157:B.OP3"(-),"[GLU]41:B.OE2"(-))

      Hydrogen atoms added to     Hydrogen atoms deleted from

  1       N   GLY B   2                 OP3 8OG B1157
  2       NH2 ARG B   5                 OE2 GLU B  41

          Change in net ionization:  +0

       Changes in Ionization caused by keyword SITE

       Keyword: SITE=(B2(0),B5(0),B1157(0),B41(0))

      Hydrogen atoms added to     Hydrogen atoms deleted from

  1       OE2 GLU B  41                 N   GLY B   2
  2       OP3 8OG B1157                 NH1 ARG B   5

          Change in net ionization:  +0

       Changes in Ionization caused by keyword SITE

       Keyword: SITE=("N   GLY B   2"(+),"NH2 ARG B   5"(+),"OE2 GLU B  41"(-),"OP1 8OG B1157"(0))

      Hydrogen atoms added to     Hydrogen atoms deleted from

  1       N   GLY B   2                 OE2 GLU B  41
  2       NH2 ARG B   5                      -
  3       OP1 8OG B1157                      -

          Change in net ionization:  +2

          CHARGES MODIFIED BY SITE COMMAND

          HYDROGEN ATOMS ADDED OR DELETED

                RESIDUE SEQUENCE IN PROTEIN Chain: B

             1     2     3     4     5     6     7     8     9    10
        0         GLY   ALA   SER   ARG   LEU   TYR   THR   LEU   VAL   
       10   LEU   VAL   LEU   

                RESIDUE SEQUENCE IN PROTEIN FRAGMENT: 2 Chain: B

             1     2     3     4     5     6     7     8     9    10
       10                                             VAL   LEU   LEU   
       20   GLY   MET   LYS   LYS   ARG   GLY   PHE   GLY   ALA   GLY   
       30   ARG   TRP   ASN   GLY   PHE   GLY   GLY   LYS   VAL   GLN   
       40   GLU   GLY   GLU   THR   ILE   GLU   ASP   GLY   ALA   ARG   
       50   ARG   GLU   LEU   GLN   GLU   GLU   SER   GLY   LEU   THR   
       60   VAL   ASP   ALA   LEU   HIS   LYS   VAL   GLY   GLN   ILE   
       70   VAL   PHE   GLU   PHE   VAL   GLY   GLU   PRO   GLU   LEU   
       80   MET   ASP   VAL   HIS   VAL   PHE   CYS   THR   ASP   SER   
       90   ILE   GLN   GLY   THR   PRO   VAL   GLU   SER   ASP   GLU   
      100   MET   ARG   PRO   CYS   TRP   PHE   GLN   LEU   ASP   GLN   
      110   ILE   PRO   PHE   LYS   ASP   MET   TRP   PRO   ASP   ASP   
      120   SER   TYR   TRP   PHE   PRO   LEU   LEU   LEU   GLN   LYS   
      130   LYS   LYS   PHE   HIS   GLY   TYR   PHE   LYS   PHE   GLN   
      140   GLY   GLN   ASP   THR   ILE   LEU   ASP   TYR   THR   LEU   
      150   ARG   GLU   VAL   ASP   THR   VAL   

                RESIDUE SEQUENCE IN PROTEIN Chain: B

        0   GASRLYTLV LVL

                RESIDUE SEQUENCE IN PROTEIN FRAGMENT: 2 Chain: B

       10         VLL GMKKRGFGAG RWNGFGGKVQ EGETIEDGAR RELQEESGLT
       60  VDALHKVGQI VFEFVGEPEL MDVHVFCTDS IQGTPVESDE MRPCWFQLDQ
      110  IPFKDMWPDD SYWFPLLLQK KKFHGYFKFQ GQDTILDYTL REVDTV

 ******************************************************************************
 *                                                                            *
 *     Error and normal termination messages reported in this calculation     *
 *                                                                            *
 * CHARGES MODIFIED BY SITE COMMAND                                           *
 * HYDROGEN ATOMS ADDED OR DELETED                                            *
 * JOB ENDED NORMALLY                                                         *
 *                                                                            *
 ******************************************************************************



 TOTAL JOB TIME:             0.53 SECONDS

 == MOPAC DONE ==
