 *******************************************************************************
 **                                                                           **
 **                              MOPAC v22.0.6                                **
 **                                                                           **
 *******************************************************************************
 **          Digital Object Identifier (DOI): 10.5281/zenodo.6511958          **
 **    Visit the DOI location for information on how to cite this program.    **
 *******************************************************************************

                              INDO CALCULATION RESULTS

 *******************************************************************************
 *  CALCULATION DONE:                                Wed Jul 12 16:25:33 2023  *
 *  INDO       - The INDO Hamiltonian to be used
 *  CIS        - C.I. USES 1 ELECTRON EXCITATIONS ONLY
 *  C.I.=(N,M) - 3 DOUBLY FILLED LEVELS USED IN A C.I. INVOLVING 6 M.O.'S
 *  T=         - A TIME OF 172800.0 SECONDS REQUESTED
 *  DUMP=N     - RESTART FILE WRITTEN EVERY 7200.0 SECONDS REQUESTED
 *******************************************************************************
INDO CIS C.I.=(6,3)
 Carbon Monoxide
 INDO
   ATOM   CHEMICAL          X               Y               Z
  NUMBER   SYMBOL      (ANGSTROMS)     (ANGSTROMS)     (ANGSTROMS)

     1       C          0.00000000      0.00000000      0.00000000   
     2       O          1.17300000      0.00000000      0.00000000   



          CARTESIAN COORDINATES 

    NO.       ATOM           X           Y           Z

     1         C          0.0000      0.0000      0.0000
     2         O          1.1730      0.0000      0.0000

           Empirical Formula: C O  =     2 atoms



      MOLECULAR POINT GROUP   :   C*v 


      RHF CALCULATION, NO. OF DOUBLY OCCUPIED LEVELS = 5

 WARNING: INDO only performs single-point calculations

 Summary of symmetry occupancy in each shell:

 SHELL     
    1    5
    v    3
 TOTAL   8


                     MOLECULAR ORBITALS 






    ROOT NO.    1           2           3           4           5           6

           -43.05652   -19.27644   -14.77940   -14.77940   -14.49534     0.09603
  
  
  S  C   1   0.44267    -0.58677    -0.00000     0.00000    -0.60295     0.00000
 PX  C   1   0.36283     0.01825     0.00000     0.00000     0.61061    -0.00000
 PY  C   1  -0.00000    -0.00000     0.48812    -0.00000    -0.00000     0.87278
 PZ  C   1   0.00000    -0.00000    -0.00000     0.48812     0.00000     0.00000
  
  S  O   2   0.77781     0.52976    -0.00000     0.00000    -0.10914     0.00000
 PX  O   2  -0.25962     0.61215    -0.00000     0.00000    -0.50170     0.00000
 PY  O   2   0.00000     0.00000     0.87278     0.00000    -0.00000    -0.48812
 PZ  O   2  -0.00000     0.00000    -0.00000     0.87278     0.00000    -0.00000




    ROOT NO.    7           8

             0.09603    10.49950
  
  
  S  C   1   0.00000     0.31016
 PX  C   1   0.00000     0.70369
 PY  C   1  -0.00000     0.00000
 PZ  C   1   0.87278    -0.00000
  
  S  O   2   0.00000    -0.32009
 PX  O   2   0.00000     0.55333
 PY  O   2  -0.00000    -0.00000
 PZ  O   2  -0.48812    -0.00000


 Reference determinate nber   1 is ALPHA 1 -   5
 SINGLE excitations FROM orbs   3 to   5 INTO orbs   6 to   8


 CI excitations=   10:        = 10
 The lowest   10 spin-adapted configurations of multiplicity=  1
     sym   eV   cm**-1 -dets- dipole oscilator X FRAG ....Excitations named from first reference determinate
                       tot  #  Debye  strength

   1      0.000      0.  1  1  0.4656 0.000000 0  0 (    )->(       )
   2      6.887  55544.  1  1  1.8085 0.063447 1  1 (   5)->(   6   )
   3      6.887  55544.  1  1  1.8085 0.063447 1  1 (   5)->(   7   )
   4      6.939  55969.  1  1  2.4836 0.000000 1  1 (   4)->(   6   )
   5      6.939  55969.  1  1  2.4836 0.000000 1  1 (   3)->(   7   )
   6     10.546  85063.  1  1  2.4836 0.460837 1  1 (   4)->(   7   )
   7     10.546  85063.  1  1  2.4836 0.460837 1  1 (   3)->(   6   )
   8     17.441 140669.  1  1  1.1095 0.001563 1  1 (   4)->(   8   )
   9     17.441 140669.  1  1  1.1095 0.001563 1  1 (   3)->(   8   )
  10     18.449 148799.  1  1  3.1826 0.421664 1  1 (   5)->(   8   )

 Depression of ground-state after CI=          0. cm**-1 Energy=  -621.4637871 eV
 Dipole moment= -0.465634  0.000000 -0.000000 tot=  0.465634 Debyes


  CI trans.  energy frequency wavelength oscillator--------- polarization---------  dipole  ------ components-----
 st.  symm.    eV      cm - 1       nm      strength       x          y         z       moment     x       y       z 

   2      6.6907017    53964.    185.31  0.000000                                   2.483568   2.484   0.000  -0.000
   3      6.8863695    55542.    180.04  0.063497   0.000000   1.000000   0.000001  1.808472  -1.808   0.000   0.000
   4      6.8863695    55542.    180.04  0.063497   0.000000  -0.000001   1.000000  1.808472  -1.808   0.000  -0.000
   5      7.1878187    57974.    172.49  0.000000                                   2.483568   2.484   0.000   0.000
   6      7.1878187    57974.    172.49  0.000000                                   2.483568   2.484  -0.000  -0.000
   7     12.5208403   100988.     99.02  0.502805   1.000000  -0.000000   0.000000  1.410907   1.411   0.000  -0.000
   8     17.4408456   140670.     71.09  0.001431  -0.000000   0.000021  -1.000000  1.109453   1.109   0.000   0.000
   9     17.4408456   140670.     71.09  0.001431  -0.000000   1.000000   0.000021  1.109453   1.109   0.000  -0.000
  10     19.8330004   159964.     62.51  1.390101  -1.000000   0.000000   0.000000  2.109926  -2.110   0.000  -0.000

 Polarizability (au  ) xx=   14.97 xy=    0.00 yy=    2.98 xz=    0.00 yz=    0.00 zz=    2.98
 Polarizability (A**3) xx=    2.22 xy=    0.00 yy=    0.44 xz=    0.00 yz=    0.00 zz=    0.44


 Major CI contributions to CI states

State    1  0.0000     CI coeff  CI percent
    Config       1   1.00000000  1.00000000
 Total coeff printed             1.00000000
  
State    2  6.6907     CI coeff  CI percent
    Config       4   0.70710678  0.50000000
    Config       5  -0.70710678  0.50000000
 Total coeff printed             1.00000000
  
State    3  6.8864     CI coeff  CI percent
    Config       2  -0.99999100  0.99998200
 Total coeff printed             0.99998200
  
State    4  6.8864     CI coeff  CI percent
    Config       3  -0.99999100  0.99998200
 Total coeff printed             0.99998200
  
State    5  7.1878     CI coeff  CI percent
    Config       6   0.70642572  0.49903729
    Config       7  -0.70642572  0.49903729
 Total coeff printed             0.99807459
  
State    6  7.1878     CI coeff  CI percent
    Config       4  -0.70642572  0.49903729
    Config       5  -0.70642572  0.49903729
 Total coeff printed             0.99807459
  
State    7 12.5208     CI coeff  CI percent
    Config       6  -0.63666703  0.40534491
    Config       7  -0.63666703  0.40534491
    Config      10   0.43509790  0.18931018
 Total coeff printed             1.00000000
  
State    8 17.4408     CI coeff  CI percent
    Config       8   0.99999100  0.99998200
 Total coeff printed             0.99998200
  
State    9 17.4408     CI coeff  CI percent
    Config       9  -0.99999100  0.99998200
 Total coeff printed             0.99998200
  
State   10 19.8330     CI coeff  CI percent
    Config       6   0.30766067  0.09465509
    Config       7   0.30766067  0.09465509
    Config      10   0.90038315  0.81068982
 Total coeff printed             1.00000000
  

 -------------------------------------------------------------------------------
 INDO CIS C.I.=(6,3)
 Carbon Monoxide
 INDO


     NO PARAMETERS MARKED FOR OPTIMIZATION, SO 1SCF WAS USED  
     SCF FIELD WAS ACHIEVED                                   


                              INDO CALCULATION
                                                       MOPAC v22.0.6 MacOS
                                                       Wed Jul 12 16:25:33 2023


          COSMO AREA              =         57.92 SQUARE ANGSTROMS
          COSMO VOLUME            =         40.40 CUBIC ANGSTROMS

          IONIZATION POTENTIAL    =         14.495342 EV
          HOMO LUMO ENERGIES (EV) =        -14.495  0.096
          NO. OF FILLED LEVELS    =          5
          MOLECULAR WEIGHT        =         28.0104         POINT GROUP:  C*v 

          MOLECULAR DIMENSIONS (Angstroms)

            Atom       Atom       Distance
            O     2    C     1     1.17300
            O     2    C     1     0.00000
            C     1    O     2     0.00000


          SCF CALCULATIONS        =          1

          WALL-CLOCK TIME         =      0.043 SECONDS
          COMPUTATION TIME        =      0.041 SECONDS




   ATOM   CHEMICAL          X               Y               Z
  NUMBER   SYMBOL      (ANGSTROMS)     (ANGSTROMS)     (ANGSTROMS)

     1       C          0.00000000      0.00000000      0.00000000   
     2       O          1.17300000      0.00000000      0.00000000   

                             CARTESIAN COORDINATES

   1    C        0.000000000     0.000000000     0.000000000
   2    O        1.173000000     0.000000000     0.000000000


           Empirical Formula: C O  =     2 atoms



      MOLECULAR POINT GROUP   :   C*v 


                  EIGENVALUES  
 -43.05652 -19.27644 -14.77940 -14.77940 -14.49534   0.09603   0.09603  10.49950


              NET ATOMIC CHARGES AND DIPOLE CONTRIBUTIONS

  ATOM NO.   TYPE          CHARGE      No. of ELECS.   s-Pop       p-Pop       
    1          C           0.228558        3.7714     1.80762     1.96383
    2          O          -0.228558        6.2286     1.79506     4.43350
 DIPOLE           X         Y         Z       TOTAL
 POINT-CHG.    -1.288     0.000     0.000     1.288
 HYBRID         0.828    -0.000    -0.000     0.828
 SUM           -0.460    -0.000    -0.000     0.460


          ATOMIC ORBITAL ELECTRON POPULATIONS

     Atom    s        px        py        pz   
    1  C   1.80762   1.00993   0.47695   0.47695
    2  O   1.79506   1.38739   1.52305   1.52305

 **********************
 *                    *
 * JOB ENDED NORMALLY *
 *                    *
 **********************



 TOTAL JOB TIME:             0.07 SECONDS

 == MOPAC DONE ==
