 *******************************************************************************
 **                                                                           **
 **                              MOPAC v22.0.6                                **
 **                                                                           **
 *******************************************************************************
 **          Digital Object Identifier (DOI): 10.5281/zenodo.6511958          **
 **    Visit the DOI location for information on how to cite this program.    **
 *******************************************************************************

                              INDO CALCULATION RESULTS

 *******************************************************************************
 *  CALCULATION DONE:                                Mon May 15 10:16:29 2023  *
 *  INDO       - The INDO Hamiltonian to be used
 *  CISD       - C.I. USES 1 AND 2 ELECTRON EXCITATIONS
 * C.I.D.=(N,M)- 1 DOUBLY FILLED LEVELS USED IN A CI DOUBLES INVOLVING 3 M.O.'S
 *  T=         - A TIME OF 172800.0 SECONDS REQUESTED
 *  DUMP=N     - RESTART FILE WRITTEN EVERY 7200.0 SECONDS REQUESTED
 *******************************************************************************
INDO CISD C.I.D.=(3,1)
 Carbon Monoxide
 INDO
   ATOM   CHEMICAL          X               Y               Z
  NUMBER   SYMBOL      (ANGSTROMS)     (ANGSTROMS)     (ANGSTROMS)

     1       C          0.00000000      0.00000000      0.00000000   
     2       O          1.17300000      0.00000000      0.00000000   



          CARTESIAN COORDINATES 

    NO.       ATOM           X           Y           Z

     1         C          0.0000      0.0000      0.0000
     2         O          1.1730      0.0000      0.0000

           Empirical Formula: C O  =     2 atoms



      MOLECULAR POINT GROUP   :   C*v 


      RHF CALCULATION, NO. OF DOUBLY OCCUPIED LEVELS = 5

 WARNING: INDO only performs single-point calculations

 Summary of symmetry occupancy in each shell:

 SHELL     
    1    5
    v    3
 TOTAL   8


                     MOLECULAR ORBITALS 






    ROOT NO.    1           2           3           4           5           6

           -43.05652   -19.27644   -14.77940   -14.77940   -14.49534     0.09603
  
  
  S  C   1   0.44267    -0.58677    -0.00000     0.00000    -0.60295     0.00000
 PX  C   1   0.36283     0.01825     0.00000     0.00000     0.61061    -0.00000
 PY  C   1  -0.00000    -0.00000     0.48812    -0.00000    -0.00000     0.87278
 PZ  C   1   0.00000    -0.00000    -0.00000     0.48812     0.00000     0.00000
  
  S  O   2   0.77781     0.52976    -0.00000     0.00000    -0.10914     0.00000
 PX  O   2  -0.25962     0.61215    -0.00000     0.00000    -0.50170     0.00000
 PY  O   2   0.00000     0.00000     0.87278     0.00000    -0.00000    -0.48812
 PZ  O   2  -0.00000     0.00000    -0.00000     0.87278     0.00000    -0.00000




    ROOT NO.    7           8

             0.09603    10.49950
  
  
  S  C   1   0.00000     0.31016
 PX  C   1   0.00000     0.70369
 PY  C   1  -0.00000     0.00000
 PZ  C   1   0.87278    -0.00000
  
  S  O   2   0.00000    -0.32009
 PX  O   2   0.00000     0.55333
 PY  O   2  -0.00000    -0.00000
 PZ  O   2  -0.48812    -0.00000


 Reference determinate nber   1 is ALPHA 1 -   5
 SINGLE excitations FROM orbs   1 to   5 INTO orbs   6 to   8
 DOUBLE excitations FROM orbs   5 to   5 INTO orbs   6 to   7


 CI excitations=   53:        = 53
 The lowest   53 spin-adapted configurations of multiplicity=  1
     sym   eV   cm**-1 -dets- dipole oscilator X FRAG ....Excitations named from first reference determinate
                       tot  #  Debye  strength

   1     -0.000      0.  1  1  0.4656 0.000000 0  0 (        )->(           )
   2      6.886  55542.  2  1  1.8085 0.063444 1  1 (   5    )->(   7       )
   3      6.886  55542.  2  1  1.8085 0.063444 1  1 (   5    )->(   6       )
   4      6.934  55929.  2  1  2.4836 0.000000 1  1 (   4    )->(   6       )
   5      6.934  55929.  2  1  2.4836 0.000000 1  1 (   3    )->(   7       )
   6     10.542  85024.  2  1  2.4836 0.460623 1  1 (   3    )->(   6       )
   7     10.542  85024.  2  1  2.4836 0.460623 1  1 (   4    )->(   7       )
   8     12.498 100807.  2  1  2.8818 0.234605 1  1 (   2    )->(   6       )
   9     12.498 100807.  2  1  2.8818 0.234605 1  1 (   2    )->(   7       )
  10     13.227 106680.  6  1  1.1407 0.000000 2  1 (   3   5)->(   6   7   )
  11     13.227 106680.  6  1  1.1407 0.000000 2  1 (   4   5)->(   6   7   )
  12     13.933 112374.  2  1  3.1514 0.000000 2  1 (   5   5)->(   6   7   )
  13     13.951 112525.  2  1  1.1407 0.000000 2  1 (   4   5)->(   6   6   )
  14     13.951 112525.  2  1  1.1407 0.000000 2  1 (   3   5)->(   7   7   )
  15     14.294 115286.  1  1  3.1514 0.000000 2  0 (   5   5)->(   6   6   )
  16     14.294 115286.  1  1  3.1514 0.000000 2  0 (   5   5)->(   7   7   )
  17     15.009 121058.  2  1  1.1407 0.000000 2  1 (   4   5)->(   7   7   )
  18     15.009 121058.  2  1  1.1407 0.000000 2  1 (   3   5)->(   6   6   )
  19     17.437 140642.  2  1  1.1095 0.001563 1  1 (   4    )->(   8       )
  20     17.437 140642.  2  1  1.1095 0.001563 1  1 (   3    )->(   8       )
  21     17.658 142421.  6  2  1.1407 0.000000 2  1 (   3   5)->(   6   7   )
  22     17.658 142421.  6  2  1.1407 0.000000 2  1 (   4   5)->(   6   7   )
  23     18.450 148810.  2  1  3.1826 0.421694 1  1 (   5    )->(   8       )
  24     18.996 153215.  6  1  1.5389 0.000000 2  1 (   2   5)->(   6   7   )
  25     20.732 167214.  6  2  1.5389 0.000000 2  1 (   2   5)->(   6   7   )
  26     21.093 170126.  2  1  1.5389 0.000000 2  1 (   2   5)->(   6   6   )
  27     21.093 170126.  2  1  1.5389 0.000000 2  1 (   2   5)->(   7   7   )
  28     23.036 185800.  2  1  1.5078 0.006330 1  1 (   2    )->(   8       )
  29     24.156 194833.  6  1  0.2334 0.000000 2  1 (   4   5)->(   7   8   )
  30     24.156 194833.  6  1  0.2334 0.000000 2  1 (   3   5)->(   6   8   )
  31     24.316 196118.  6  1  0.2334 0.000000 2  1 (   3   5)->(   7   8   )
  32     24.316 196118.  6  1  0.2334 0.000000 2  1 (   4   5)->(   6   8   )
  33     25.183 203119.  6  2  0.2334 0.000000 2  1 (   3   5)->(   7   8   )
  34     25.183 203119.  6  2  0.2334 0.000000 2  1 (   4   5)->(   6   8   )
  35     26.047 210087.  2  1  4.5255 0.000000 2  1 (   5   5)->(   6   8   )
  36     26.047 210087.  2  1  4.5255 0.000000 2  1 (   5   5)->(   7   8   )
  37     28.453 229489.  6  2  0.2334 0.000000 2  1 (   4   5)->(   7   8   )
  38     28.453 229489.  6  2  0.2334 0.000000 2  1 (   3   5)->(   6   8   )
  39     30.197 243559.  6  1  0.1649 0.000000 2  1 (   2   5)->(   7   8   )
  40     30.197 243559.  6  1  0.1649 0.000000 2  1 (   2   5)->(   6   8   )
  41     32.231 259960.  6  2  0.1649 0.000000 2  1 (   2   5)->(   6   8   )
  42     32.231 259960.  6  2  0.1649 0.000000 2  1 (   2   5)->(   7   8   )
  43     36.382 293445.  2  1  2.0541 0.018654 1  1 (   1    )->(   6       )
  44     36.382 293445.  2  1  2.0541 0.018654 1  1 (   1    )->(   7       )
  45     41.794 337090.  6  1  0.7113 0.000000 2  1 (   1   5)->(   6   7   )
  46     42.155 340002.  2  1  0.7113 0.000000 2  1 (   1   5)->(   6   6   )
  47     42.155 340002.  2  1  0.7113 0.000000 2  1 (   1   5)->(   7   7   )
  48     43.534 351130.  6  2  0.7113 0.000000 2  1 (   1   5)->(   6   7   )
  49     49.739 401171.  2  1  0.6801 0.068685 1  1 (   1    )->(   8       )
  50     51.939 418914.  6  1  0.6628 0.000000 2  1 (   1   5)->(   7   8   )
  51     51.939 418914.  6  1  0.6628 0.000000 2  1 (   1   5)->(   6   8   )
  52     57.126 460755.  6  2  0.6628 0.000000 2  1 (   1   5)->(   6   8   )
  53     57.126 460755.  6  2  0.6628 0.000000 2  1 (   1   5)->(   7   8   )

 Depression of ground-state after CI=      -3352. cm**-1 Energy=  -462.7669470 eV
 Dipole moment= -0.496076  0.000000 -0.000000 tot=  0.496076 Debyes


  CI trans.  energy frequency wavelength oscillator--------- polarization---------  dipole  ------ components-----
 st.  symm.    eV      cm - 1       nm      strength       x          y         z       moment     x       y       z 

   2      6.9301202    55895.    178.91  0.000000                                   1.984341   1.984  -0.000   0.000
   3      7.0718760    57039.    175.32  0.042279  -0.000000   0.038524   0.999258  1.508636  -1.509   0.000  -0.000
   4      7.0718760    57039.    175.32  0.042279   0.000000   0.999258  -0.038524  1.508636  -1.509  -0.000  -0.000
   5      7.3033193    58905.    169.76  0.000000                                   1.904211   1.904   0.000   0.000
   6      7.3033193    58905.    169.76  0.000000                                   1.904211   1.904   0.000   0.000
   7     11.2909711    91068.    109.81  0.165504   0.000000   0.082251  -0.996612  1.966936   1.967   0.000  -0.000
   8     11.2909711    91068.    109.81  0.165504   0.000000   0.996612   0.082251  1.966936   1.967   0.000   0.000
   9     12.2587082    98873.    101.14  0.531960   1.000000  -0.000000   0.000000  1.690324   1.690  -0.000   0.000
  10     13.7572838   110960.     90.12  0.000000                                   1.140678   1.141  -0.000  -0.000
  11     13.7572838   110960.     90.12  0.000000                                   1.140678   1.141  -0.000  -0.000
  12     14.0086531   112988.     88.51  0.043590  -0.000000   0.037102  -0.999311  1.218748   1.219  -0.000   0.000
  13     14.0086531   112988.     88.51  0.043590  -0.000000   0.999311   0.037102  1.218748   1.219  -0.000  -0.000
  14     14.3691125   115895.     86.28  0.000000                                   2.917251  -2.917   0.000   0.000
  15     14.3691125   115895.     86.28  0.000000                                   2.917251  -2.917   0.000   0.000
  16     14.8035169   119399.     83.75  0.007168   0.000000  -0.001942   0.999998  1.175627   1.176   0.000   0.000
  17     14.8035169   119399.     83.75  0.007168   0.000000  -0.999998  -0.001942  1.175627   1.176  -0.000  -0.000
  18     15.1357410   122078.     81.91  0.010187  -1.000000  -0.000000   0.000000  2.898235  -2.898   0.000  -0.000
  19     17.7893815   143481.     69.70  0.001778  -0.000000  -0.991894  -0.127070  1.083258   1.083  -0.000  -0.000
  20     17.7893815   143481.     69.70  0.001778  -0.000000  -0.127070   0.991894  1.083258   1.083   0.000   0.000
  21     19.0340465   153520.     65.14  0.599419   1.000000  -0.000000   0.000000  2.334562  -2.335   0.000  -0.000
  22     19.4029849   156496.     63.90  0.000000                                   1.481325   1.481   0.000  -0.000
  23     19.4078696   156535.     63.88  0.027135   0.000000  -0.000105   1.000000  1.203808   1.204  -0.000  -0.000
  24     19.4078696   156535.     63.88  0.027135  -0.000000  -1.000000  -0.000105  1.203808   1.204  -0.000   0.000
  25     21.1860510   170877.     58.52  0.000000                                   1.210703   1.211   0.000  -0.000
  26     21.1860510   170877.     58.52  0.000000                                   1.210703   1.211   0.000   0.000
  27     22.1114773   178342.     56.07  0.001958   1.000000  -0.000000   0.000000  0.960642   0.961   0.000   0.000
  28     22.9944675   185463.     53.92  0.354147   1.000000   0.000000   0.000000  1.232881   1.233   0.000  -0.000
  29     24.6603178   198899.     50.28  0.000000                                   0.145030  -0.145   0.000  -0.000
  30     24.6603178   198899.     50.28  0.000000                                   0.145030  -0.145   0.000  -0.000
  31     24.7839609   199897.     50.03  0.000000                                   0.062961   0.063   0.000  -0.000
  32     24.8844576   200707.     49.82  0.001996  -1.000000  -0.000000  -0.000000  0.003809  -0.004  -0.000   0.000
  33     25.6706633   207048.     48.30  0.000000                                   0.027100  -0.027  -0.000  -0.000
  34     25.7916329   208024.     48.07  0.000000                                   0.185193   0.185   0.000   0.000
  35     25.7916329   208024.     48.07  0.000000                                   0.185193   0.185   0.000  -0.000
  36     26.5289083   213971.     46.74  0.003844   0.000000   0.032739   0.999464  3.418149  -3.418   0.000  -0.000
  37     26.5289083   213971.     46.74  0.003844   0.000000  -0.999464   0.032739  3.418149  -3.418   0.000   0.000
  38     30.9906785   249957.     40.01  0.000004  -0.000000  -0.010070  -0.999949  0.349619   0.350   0.000   0.000
  39     30.9906785   249957.     40.01  0.000004  -0.000000   0.999949  -0.010070  0.349619   0.350  -0.000   0.000
  40     32.8707450   265121.     37.72  0.000180  -0.000000   0.423931   0.905694  0.742397  -0.742   0.000   0.000
  41     32.8707450   265121.     37.72  0.000180  -0.000000   0.905694  -0.423931  0.742397  -0.742   0.000  -0.000
  42     33.2968778   268558.     37.24  0.017060   1.000000   0.000000   0.000000  0.086353   0.086  -0.000   0.000
  43     36.7380435   296313.     33.75  0.016619  -0.000000  -0.999463  -0.032764  1.545010   1.545   0.000  -0.000
  44     36.7380435   296313.     33.75  0.016619  -0.000000  -0.032764   0.999463  1.545010   1.545   0.000  -0.000
  45     42.3231606   341360.     29.29  0.000000                                   0.877740   0.878   0.000   0.000
  46     42.3231606   341360.     29.29  0.000000                                   0.877740   0.878  -0.000  -0.000
  47     43.0956599   347591.     28.77  0.000430  -1.000000  -0.000000  -0.000000  0.850273   0.850  -0.000   0.000
  48     44.0056654   354931.     28.17  0.000000                                   0.765456   0.765  -0.000  -0.000
  49     50.8132287   409837.     24.40  0.299860   1.000000  -0.000000   0.000000  0.567395   0.567   0.000   0.000
  50     52.6847894   424933.     23.53  0.001657  -0.000000  -0.999222  -0.039430  0.013493  -0.013  -0.000   0.000
  51     52.6847894   424933.     23.53  0.001657  -0.000000   0.039430  -0.999222  0.013493  -0.013   0.000  -0.000
  52     58.0501120   468207.     21.36  0.000075  -0.000000   1.000000  -0.000000  0.722713  -0.723  -0.000  -0.000
  53     58.0501120   468207.     21.36  0.000075  -0.000000  -0.000000   1.000000  0.722713  -0.723   0.000   0.000

 Polarizability (au  ) xx=   13.43 xy=    0.00 yy=    5.54 xz=    0.00 yz=    0.00 zz=    5.54
 Polarizability (A**3) xx=    1.99 xy=    0.00 yy=    0.82 xz=    0.00 yz=    0.00 zz=    0.82


 Major CI contributions to CI states

State    1  0.0000     CI coeff  CI percent
    Config       1   0.99161002  0.98329042
    Config      15  -0.05513347  0.00303970
    Config      16  -0.05513347  0.00303970
    Config      37  -0.06265935  0.00392619
    Config      38  -0.06265935  0.00392619
 Total coeff printed             0.99722221
  
State    2  6.9301     CI coeff  CI percent
    Config       4   0.70377605  0.49530072
    Config       5  -0.70377605  0.49530072
    Config      31  -0.04471028  0.00199901
    Config      32   0.04471028  0.00199901
    Config      33  -0.05196410  0.00270027
    Config      34   0.05196410  0.00270027
 Total coeff printed             1.00000000
  
State    3  7.0719     CI coeff  CI percent
    Config       2  -0.99205280  0.98416876
    Config       9  -0.06567639  0.00431339
    Config      42  -0.07151831  0.00511487
 Total coeff printed             0.99359702
  
State    4  7.0719     CI coeff  CI percent
    Config       3   0.99205280  0.98416876
    Config       8  -0.06567639  0.00431339
    Config      41  -0.07151831  0.00511487
 Total coeff printed             0.99359702
  
State    5  7.3033     CI coeff  CI percent
    Config       4   0.69943658  0.48921152
    Config       5   0.69943658  0.48921152
    Config      12   0.06598303  0.00435376
    Config      25   0.07985587  0.00637696
    Config      31   0.04453394  0.00198327
    Config      32   0.04453394  0.00198327
    Config      33   0.05181886  0.00268519
    Config      34   0.05181886  0.00268519
 Total coeff printed             0.99849070
  
State    6  7.3033     CI coeff  CI percent
    Config       6   0.69943658  0.48921152
    Config       7   0.69943658  0.48921152
    Config      15   0.04665705  0.00217688
    Config      16  -0.04665705  0.00217688
    Config      26  -0.05646662  0.00318848
    Config      27   0.05646662  0.00318848
    Config      37   0.06807254  0.00463387
    Config      38  -0.06807254  0.00463387
 Total coeff printed             0.99842151
  
State    7 11.2910     CI coeff  CI percent
    Config       2   0.04811933  0.00231547
    Config       8   0.06926291  0.00479735
    Config       9  -0.83923848  0.70432123
    Config      10  -0.31854724  0.10147234
    Config      17  -0.41596376  0.17302585
    Config      21   0.08124535  0.00660081
    Config      39  -0.04643491  0.00215620
 Total coeff printed             0.99468925
  
State    8 11.2910     CI coeff  CI percent
    Config       3   0.04811933  0.00231547
    Config       8   0.83923848  0.70432123
    Config       9   0.06926291  0.00479735
    Config      11   0.31854724  0.10147234
    Config      18  -0.41596376  0.17302585
    Config      22   0.08124535  0.00660081
    Config      40   0.04643491  0.00215620
 Total coeff printed             0.99468925
  
State    9 12.2587     CI coeff  CI percent
    Config       6   0.64130077  0.41126668
    Config       7  -0.64130077  0.41126668
    Config      15   0.07549945  0.00570017
    Config      16   0.07549945  0.00570017
    Config      23  -0.36440026  0.13278755
    Config      26  -0.06110872  0.00373428
    Config      27  -0.06110872  0.00373428
    Config      28   0.11469478  0.01315489
    Config      37  -0.05700569  0.00324965
    Config      38  -0.05700569  0.00324965
    Config      49   0.07598332  0.00577346
 Total coeff printed             0.99961746
  
State   10 13.7573     CI coeff  CI percent
    Config      10   0.63138730  0.39864992
    Config      13   0.49959940  0.24959956
    Config      17  -0.49959940  0.24959956
    Config      21  -0.31709495  0.10054921
 Total coeff printed             0.99839825
  
State   11 13.7573     CI coeff  CI percent
    Config      11   0.63138730  0.39864992
    Config      14  -0.49959940  0.24959956
    Config      18   0.49959940  0.24959956
    Config      22   0.31709495  0.10054921
 Total coeff printed             0.99839825
  
State   12 14.0087     CI coeff  CI percent
    Config       2   0.06588462  0.00434078
    Config       9  -0.35591804  0.12667765
    Config      10   0.70282471  0.49396258
    Config      13  -0.47513312  0.22575148
    Config      17   0.21048180  0.04430259
    Config      21   0.31921603  0.10189887
 Total coeff printed             0.99693396
  
State   13 14.0087     CI coeff  CI percent
    Config       3   0.06588462  0.00434078
    Config       8   0.35591804  0.12667765
    Config      11  -0.70282471  0.49396258
    Config      14  -0.47513312  0.22575148
    Config      18   0.21048180  0.04430259
    Config      22   0.31921603  0.10189887
 Total coeff printed             0.99693396
  
State   14 14.3691     CI coeff  CI percent
    Config       4   0.04535269  0.00205687
    Config       5   0.04535269  0.00205687
    Config      12  -0.99730747  0.99462219
 Total coeff printed             0.99873592
  
State   15 14.3691     CI coeff  CI percent
    Config       6  -0.04535269  0.00205687
    Config       7  -0.04535269  0.00205687
    Config      15   0.70520287  0.49731109
    Config      16  -0.70520287  0.49731109
 Total coeff printed             0.99873592
  
State   16 14.8035     CI coeff  CI percent
    Config       9   0.20036766  0.04014720
    Config      10  -0.04404528  0.00193999
    Config      13  -0.72015745  0.51862675
    Config      17  -0.51854842  0.26889246
    Config      19  -0.07007753  0.00491086
    Config      21  -0.40534667  0.16430592
 Total coeff printed             0.99882318
  
State   17 14.8035     CI coeff  CI percent
    Config       8  -0.20036766  0.04014720
    Config      11   0.04404528  0.00193999
    Config      14  -0.72015745  0.51862675
    Config      18  -0.51854842  0.26889246
    Config      20   0.07007753  0.00491086
    Config      22  -0.40534667  0.16430592
 Total coeff printed             0.99882318
  
State   18 15.1357     CI coeff  CI percent
    Config       1  -0.07703419  0.00593427
    Config       6   0.04229800  0.00178912
    Config       7  -0.04229800  0.00178912
    Config      15  -0.69709178  0.48593695
    Config      16  -0.69709178  0.48593695
    Config      23  -0.13255908  0.01757191
 Total coeff printed             0.99895832
  
State   19 17.7894     CI coeff  CI percent
    Config      14  -0.05767340  0.00332622
    Config      19  -0.12624912  0.01593884
    Config      20  -0.98548697  0.97118456
    Config      22  -0.06097914  0.00371846
    Config      41   0.05331908  0.00284292
 Total coeff printed             0.99701100
  
State   20 17.7894     CI coeff  CI percent
    Config      13  -0.05767340  0.00332622
    Config      19   0.98548697  0.97118456
    Config      20  -0.12624912  0.01593884
    Config      21  -0.06097914  0.00371846
    Config      42  -0.05331908  0.00284292
 Total coeff printed             0.99701100
  
State   21 19.0340     CI coeff  CI percent
    Config       6   0.19452833  0.03784127
    Config       7  -0.19452833  0.03784127
    Config      15  -0.06211886  0.00385875
    Config      16  -0.06211886  0.00385875
    Config      23   0.82202412  0.67572365
    Config      26  -0.21312404  0.04542186
    Config      27  -0.21312404  0.04542186
    Config      28   0.32290943  0.10427050
    Config      29   0.13295037  0.01767580
    Config      30   0.13295037  0.01767580
    Config      37   0.05017691  0.00251772
    Config      38   0.05017691  0.00251772
    Config      49   0.06675862  0.00445671
 Total coeff printed             0.99908167
  
State   22 19.4030     CI coeff  CI percent
    Config      24  -0.99980517  0.99961038
 Total coeff printed             0.99961038
  
State   23 19.4079     CI coeff  CI percent
    Config       9   0.31634039  0.10007125
    Config      17  -0.48754646  0.23770155
    Config      19   0.04622629  0.00213687
    Config      21   0.75643390  0.57219225
    Config      36  -0.25999528  0.06759754
    Config      39  -0.08425143  0.00709830
    Config      42   0.07895815  0.00623439
    Config      53   0.07826271  0.00612505
 Total coeff printed             0.99915721
  
State   24 19.4079     CI coeff  CI percent
    Config       8  -0.31634039  0.10007125
    Config      18  -0.48754646  0.23770155
    Config      20  -0.04622629  0.00213687
    Config      22   0.75643390  0.57219225
    Config      35   0.25999528  0.06759754
    Config      40   0.08425143  0.00709830
    Config      41  -0.07895815  0.00623439
    Config      52  -0.07826271  0.00612505
 Total coeff printed             0.99915721
  
State   25 21.1861     CI coeff  CI percent
    Config       6   0.05676389  0.00322214
    Config       7   0.05676389  0.00322214
    Config      26   0.70373019  0.49523619
    Config      27  -0.70373019  0.49523619
 Total coeff printed             0.99691665
  
State   26 21.1861     CI coeff  CI percent
    Config       4  -0.05676389  0.00322214
    Config       5  -0.05676389  0.00322214
    Config      25   0.99522478  0.99047237
    Config      45  -0.04859348  0.00236133
 Total coeff printed             0.99927798
  
State   27 22.1115     CI coeff  CI percent
    Config       6   0.05873487  0.00344978
    Config       7  -0.05873487  0.00344978
    Config      23   0.08081965  0.00653182
    Config      26   0.62110404  0.38577023
    Config      27   0.62110404  0.38577023
    Config      28   0.38844702  0.15089109
    Config      29   0.15953618  0.02545179
    Config      30   0.15953618  0.02545179
    Config      37   0.06896699  0.00475645
    Config      38   0.06896699  0.00475645
 Total coeff printed             0.99627940
  
State   28 22.9945     CI coeff  CI percent
    Config       1  -0.04329203  0.00187420
    Config       6   0.18285751  0.03343687
    Config       7  -0.18285751  0.03343687
    Config      23   0.40042672  0.16034156
    Config      26   0.24933490  0.06216789
    Config      27   0.24933490  0.06216789
    Config      28  -0.69741440  0.48638684
    Config      29  -0.24501534  0.06003252
    Config      30  -0.24501534  0.06003252
    Config      37  -0.12343309  0.01523573
    Config      38  -0.12343309  0.01523573
    Config      49   0.08753815  0.00766293
 Total coeff printed             0.99801154
  
State   29 24.6603     CI coeff  CI percent
    Config      31  -0.67662664  0.45782361
    Config      32  -0.67662664  0.45782361
    Config      33   0.20105364  0.04042257
    Config      34   0.20105364  0.04042257
 Total coeff printed             0.99649236
  
State   30 24.6603     CI coeff  CI percent
    Config      29   0.66664696  0.44441816
    Config      30  -0.66664696  0.44441816
    Config      37   0.23200866  0.05382802
    Config      38  -0.23200866  0.05382802
 Total coeff printed             0.99649236
  
State   31 24.7840     CI coeff  CI percent
    Config       4   0.05239886  0.00274564
    Config       5  -0.05239886  0.00274564
    Config      31   0.69605877  0.48449781
    Config      32  -0.69605877  0.48449781
    Config      33   0.11078048  0.01227231
    Config      34  -0.11078048  0.01227231
 Total coeff printed             0.99903153
  
State   32 24.8845     CI coeff  CI percent
    Config      23   0.04403928  0.00193946
    Config      28   0.41311711  0.17066575
    Config      29  -0.62726571  0.39346227
    Config      30  -0.62726571  0.39346227
    Config      37   0.13792980  0.01902463
    Config      38   0.13792980  0.01902463
 Total coeff printed             0.99757900
  
State   33 25.6707     CI coeff  CI percent
    Config       4  -0.04419985  0.00195363
    Config       5   0.04419985  0.00195363
    Config      31   0.11321387  0.01281738
    Config      32  -0.11321387  0.01281738
    Config      33  -0.69601773  0.48444068
    Config      34   0.69601773  0.48444068
 Total coeff printed             0.99842337
  
State   34 25.7916     CI coeff  CI percent
    Config       4  -0.06328304  0.00400474
    Config       5  -0.06328304  0.00400474
    Config      31   0.19708907  0.03884410
    Config      32   0.19708907  0.03884410
    Config      33   0.67514064  0.45581488
    Config      34   0.67514064  0.45581488
    Config      45  -0.05052668  0.00255295
 Total coeff printed             0.99988040
  
State   35 25.7916     CI coeff  CI percent
    Config       6  -0.06328304  0.00400474
    Config       7  -0.06328304  0.00400474
    Config      29  -0.23435875  0.05492402
    Config      30   0.23435875  0.05492402
    Config      37   0.66312515  0.43973496
    Config      38  -0.66312515  0.43973496
 Total coeff printed             0.99732746
  
State   36 26.5289     CI coeff  CI percent
    Config       9   0.12599505  0.01587475
    Config      17  -0.11549262  0.01333855
    Config      21   0.16187250  0.02620271
    Config      36   0.92783505  0.86087788
    Config      39  -0.25953116  0.06735643
    Config      42  -0.07423696  0.00551113
    Config      50  -0.05373773  0.00288774
    Config      53   0.06770053  0.00458336
 Total coeff printed             0.99663254
  
State   37 26.5289     CI coeff  CI percent
    Config       8  -0.12599505  0.01587475
    Config      18  -0.11549262  0.01333855
    Config      22   0.16187250  0.02620271
    Config      35  -0.92783505  0.86087788
    Config      40   0.25953116  0.06735643
    Config      41   0.07423696  0.00551113
    Config      51   0.05373773  0.00288774
    Config      52  -0.06770053  0.00458336
 Total coeff printed             0.99663254
  
State   38 30.9907     CI coeff  CI percent
    Config      17   0.08235564  0.00678245
    Config      21  -0.12241724  0.01498598
    Config      36  -0.22339138  0.04990371
    Config      39  -0.95657351  0.91503289
    Config      42   0.04084027  0.00166793
    Config      44  -0.08159945  0.00665847
    Config      53  -0.06443646  0.00415206
 Total coeff printed             0.99918348
  
State   39 30.9907     CI coeff  CI percent
    Config      18   0.08235564  0.00678245
    Config      22  -0.12241724  0.01498598
    Config      35   0.22339138  0.04990371
    Config      40   0.95657351  0.91503289
    Config      41  -0.04084027  0.00166793
    Config      43   0.08159945  0.00665847
    Config      52   0.06443646  0.00415206
 Total coeff printed             0.99918348
  
State   40 32.8707     CI coeff  CI percent
    Config       2   0.06418149  0.00411926
    Config      19  -0.05115156  0.00261648
    Config      35  -0.04132086  0.00170741
    Config      36  -0.08827867  0.00779312
    Config      41  -0.41754757  0.17434598
    Config      42  -0.89205644  0.79576469
    Config      44  -0.06869956  0.00471963
    Config      50  -0.04117604  0.00169547
 Total coeff printed             0.99276205
  
State   41 32.8707     CI coeff  CI percent
    Config       3  -0.06418149  0.00411926
    Config      20  -0.05115156  0.00261648
    Config      35  -0.08827867  0.00779312
    Config      36   0.04132086  0.00170741
    Config      41  -0.89205644  0.79576469
    Config      42   0.41754757  0.17434598
    Config      43  -0.06869956  0.00471963
    Config      51  -0.04117604  0.00169547
 Total coeff printed             0.99276205
  
State   42 33.2969     CI coeff  CI percent
    Config       1   0.08083819  0.00653481
    Config       6   0.06965990  0.00485250
    Config       7  -0.06965990  0.00485250
    Config      28  -0.26678470  0.07117407
    Config      29   0.05555757  0.00308664
    Config      30   0.05555757  0.00308664
    Config      37   0.66812364  0.44638920
    Config      38   0.66812364  0.44638920
    Config      46   0.06690667  0.00447650
    Config      47   0.06690667  0.00447650
    Config      49   0.05486192  0.00300983
 Total coeff printed             0.99832841
  
State   43 36.7380     CI coeff  CI percent
    Config      35  -0.05342017  0.00285371
    Config      40  -0.07014088  0.00491974
    Config      41  -0.06474476  0.00419188
    Config      43   0.98628865  0.97276531
    Config      51  -0.10613102  0.01126379
 Total coeff printed             0.99599444
  
State   44 36.7380     CI coeff  CI percent
    Config      36   0.05342017  0.00285371
    Config      39   0.07014088  0.00491974
    Config      42   0.06474476  0.00419188
    Config      44  -0.98628865  0.97276531
    Config      50   0.10613102  0.01126379
 Total coeff printed             0.99599444
  
State   45 42.3232     CI coeff  CI percent
    Config      45  -0.05235552  0.00274110
    Config      46   0.70406501  0.49570754
    Config      47  -0.70406501  0.49570754
 Total coeff printed             0.99415619
  
State   46 42.3232     CI coeff  CI percent
    Config      25  -0.05014049  0.00251407
    Config      45  -0.99569829  0.99141509
 Total coeff printed             0.99392916
  
State   47 43.0957     CI coeff  CI percent
    Config      37   0.06573973  0.00432171
    Config      38   0.06573973  0.00432171
    Config      46  -0.70235872  0.49330777
    Config      47  -0.70235872  0.49330777
 Total coeff printed             0.99525897
  
State   48 44.0057     CI coeff  CI percent
    Config      48   0.99856718  0.99713641
 Total coeff printed             0.99713641
  
State   49 50.8132     CI coeff  CI percent
    Config       6   0.08308271  0.00690274
    Config       7  -0.08308271  0.00690274
    Config      23   0.05938129  0.00352614
    Config      28  -0.05687982  0.00323531
    Config      49  -0.98851426  0.97716045
 Total coeff printed             0.99772737
  
State   50 52.6848     CI coeff  CI percent
    Config      35   0.04203334  0.00176680
    Config      41  -0.05782042  0.00334320
    Config      43   0.10402994  0.01082223
    Config      51   0.99047102  0.98103284
 Total coeff printed             0.99696508
  
State   51 52.6848     CI coeff  CI percent
    Config      36   0.04203334  0.00176680
    Config      42  -0.05782042  0.00334320
    Config      44   0.10402994  0.01082223
    Config      50   0.99047102  0.98103284
 Total coeff printed             0.99696508
  
State   52 58.0501     CI coeff  CI percent
    Config      18  -0.05712929  0.00326376
    Config      22   0.07715552  0.00595297
    Config      35  -0.05735541  0.00328964
    Config      52   0.99215222  0.98436602
 Total coeff printed             0.99687240
  
State   53 58.0501     CI coeff  CI percent
    Config      17   0.05712929  0.00326376
    Config      21  -0.07715552  0.00595297
    Config      36  -0.05735541  0.00328964
    Config      53   0.99215222  0.98436602
 Total coeff printed             0.99687240
  

 -------------------------------------------------------------------------------
 INDO CISD C.I.D.=(3,1)
 Carbon Monoxide
 INDO


     NO PARAMETERS MARKED FOR OPTIMIZATION, SO 1SCF WAS USED  
     SCF FIELD WAS ACHIEVED                                   


                              INDO CALCULATION
                                                       MOPAC v22.0.6 MacOS
                                                       Mon May 15 10:16:29 2023


          COSMO AREA              =         57.92 SQUARE ANGSTROMS
          COSMO VOLUME            =         40.40 CUBIC ANGSTROMS

          IONIZATION POTENTIAL    =         14.495342 EV
          HOMO LUMO ENERGIES (EV) =        -14.495  0.096
          NO. OF FILLED LEVELS    =          5
          MOLECULAR WEIGHT        =         28.0104         POINT GROUP:  C*v 

          MOLECULAR DIMENSIONS (Angstroms)

            Atom       Atom       Distance
            O     2    C     1     1.17300
            O     2    C     1     0.00000
            C     1    O     2     0.00000


          SCF CALCULATIONS        =          1

          WALL-CLOCK TIME         =      0.078 SECONDS
          COMPUTATION TIME        =      0.071 SECONDS




   ATOM   CHEMICAL          X               Y               Z
  NUMBER   SYMBOL      (ANGSTROMS)     (ANGSTROMS)     (ANGSTROMS)

     1       C          0.00000000      0.00000000      0.00000000   
     2       O          1.17300000      0.00000000      0.00000000   

                             CARTESIAN COORDINATES

   1    C        0.000000000     0.000000000     0.000000000
   2    O        1.173000000     0.000000000     0.000000000


           Empirical Formula: C O  =     2 atoms



      MOLECULAR POINT GROUP   :   C*v 


                  EIGENVALUES  
 -43.05652 -19.27644 -14.77940 -14.77940 -14.49534   0.09603   0.09603  10.49950


              NET ATOMIC CHARGES AND DIPOLE CONTRIBUTIONS

  ATOM NO.   TYPE          CHARGE      No. of ELECS.   s-Pop       p-Pop       
    1          C           0.228558        3.7714     1.80762     1.96383
    2          O          -0.228558        6.2286     1.79506     4.43350
 DIPOLE           X         Y         Z       TOTAL
 POINT-CHG.    -1.288     0.000     0.000     1.288
 HYBRID         0.828    -0.000    -0.000     0.828
 SUM           -0.460    -0.000    -0.000     0.460


          ATOMIC ORBITAL ELECTRON POPULATIONS

     Atom    s        px        py        pz   
    1  C   1.80762   1.00993   0.47695   0.47695
    2  O   1.79506   1.38739   1.52305   1.52305

 **********************
 *                    *
 * JOB ENDED NORMALLY *
 *                    *
 **********************



 TOTAL JOB TIME:             0.12 SECONDS

 == MOPAC DONE ==
