 *******************************************************************************
 ** Cite this program as: MOPAC2016, Version: 21.298M, James J. P. Stewart,   **
 **                           web-site: HTTP://OpenMOPAC.net.                 **
 *******************************************************************************
 **                                                                           **
 **                                MOPAC2016                                  **
 **                                                                           **
 *******************************************************************************

                              PM7 CALCULATION RESULTS

 *******************************************************************************
 *  CALCULATION DONE:                                Fri Oct 29 13:45:08 2021  *
 *  T=         - A TIME OF 172800.0 SECONDS REQUESTED
 *  DUMP=N     - RESTART FILE WRITTEN EVERY 7200.0 SECONDS REQUESTED
 *******************************************************************************

 comment1
 comment2
   ATOM   CHEMICAL          X               Y               Z
  NUMBER   SYMBOL      (ANGSTROMS)     (ANGSTROMS)     (ANGSTROMS)
 
     1       C          0.00000000  *   0.00000000  *   0.00000000  *
     2       O          1.16000000  *   0.00000000  *   0.00000000  *
     3       O         -1.16000000  *   0.00000000  *   0.00000000  *
 


          CARTESIAN COORDINATES 

    NO.       ATOM           X           Y           Z

     1         C          0.0000      0.0000      0.0000
     2         O          1.1600      0.0000      0.0000
     3         O         -1.1600      0.0000      0.0000

 General Reference for PM7:
 "Optimization of Parameters for Semiempirical Methods VI: More Modifications to the 
 NDDO Approximations and Re-optimization of Parameters", J. J. P. Stewart, J. Mol. Mod., 1:32, 19 (2013)
 https://link.springer.com/article/10.1007/s00894-012-1667-x

           Empirical Formula: C O2  =     3 atoms



      MOLECULAR POINT GROUP   :   D*h 


      RHF CALCULATION, NO. OF DOUBLY OCCUPIED LEVELS = 8


          Geometry optimization using EF

          DIAGONAL MATRIX USED AS START HESSIAN

 CYCLE:     1 TIME:   0.004 TIME LEFT:  2.00D  GRAD.:    29.893 HEAT: -84.34612
 CYCLE:     2 TIME:   0.000 TIME LEFT:  2.00D  GRAD.:     9.069 HEAT: -84.49939
 CYCLE:     3 TIME:   0.000 TIME LEFT:  2.00D  GRAD.:     0.170 HEAT: -84.51541

     GRADIENT =  0.17016 IS LESS THAN CUTOFF =  1.00000



 -------------------------------------------------------------------------------

 comment1
 comment2


     GEOMETRY OPTIMISED USING EIGENVECTOR FOLLOWING (EF).     
     SCF FIELD WAS ACHIEVED                                   


                              PM7 CALCULATION
                                                       MOPAC2016 (Version: 21.298M)
                                                       Fri Oct 29 13:45:08 2021




          FINAL HEAT OF FORMATION =        -84.51541 KCAL/MOL =    -353.61248 KJ/MOL


          COSMO AREA              =         65.56 SQUARE ANGSTROMS
          COSMO VOLUME            =         47.24 CUBIC ANGSTROMS

          GRADIENT NORM           =          0.17016          =       0.09824 PER ATOM
          IONIZATION POTENTIAL    =         12.759385 EV
          HOMO LUMO ENERGIES (EV) =        -12.759  0.547
          NO. OF FILLED LEVELS    =          8
          MOLECULAR WEIGHT        =         44.0098         POINT GROUP:  D*h 

          MOLECULAR DIMENSIONS (Angstroms)

            Atom       Atom       Distance
            O     3    O     2     2.33622
            C     1    O     2     0.00000
            C     1    O     2     0.00000


          SCF CALCULATIONS        =          5
 
          WALL-CLOCK TIME         =          0.012 SECONDS
          COMPUTATION TIME        =          0.011 SECONDS




   ATOM   CHEMICAL          X               Y               Z
  NUMBER   SYMBOL      (ANGSTROMS)     (ANGSTROMS)     (ANGSTROMS)
 
     1       C         -0.00000000  *  -0.00000000  *   0.00000000  *
     2       O          1.16810875  *   0.00000000  *  -0.00000000  *
     3       O         -1.16810875  *   0.00000000  *  -0.00000000  *

                             CARTESIAN COORDINATES

   1    C       -0.000000000    -0.000000000     0.000000000
   2    O        1.168108753     0.000000000    -0.000000000
   3    O       -1.168108753     0.000000000    -0.000000000


           Empirical Formula: C O2  =     3 atoms



      MOLECULAR POINT GROUP   :   D*h 


                  EIGENVALUES  
 -34.16455 -32.69313 -21.03612 -17.36632 -17.36632 -16.20324 -12.75939 -12.75939
   0.54677   0.54677   1.33461   4.68342


              NET ATOMIC CHARGES AND DIPOLE CONTRIBUTIONS

  ATOM NO.   TYPE          CHARGE      No. of ELECS.   s-Pop       p-Pop       
    1          C           0.646615        3.3534     1.10760     2.24578
    2          O          -0.323307        6.3233     1.87649     4.44682
    3          O          -0.323307        6.3233     1.87649     4.44682
 DIPOLE           X         Y         Z       TOTAL
 POINT-CHG.    -0.000    -0.000     0.000     0.000
 HYBRID        -0.000     0.000     0.000     0.000
 SUM           -0.000    -0.000     0.000     0.000


          ATOMIC ORBITAL ELECTRON POPULATIONS

     Atom    s        px        py        pz   
    1  C   1.10760   0.80552   0.72013   0.72013
    2  O   1.87649   1.16695   1.63993   1.63993
    3  O   1.87649   1.16695   1.63993   1.63993
 *******************************************************************************
 ** Cite this program as: MOPAC2016, Version: 21.298M, James J. P. Stewart,   **
 **                           web-site: HTTP://OpenMOPAC.net.                 **
 *******************************************************************************
 **                                                                           **
 **                                MOPAC2016                                  **
 **                                                                           **
 *******************************************************************************

                              PM7 CALCULATION RESULTS

 *******************************************************************************
 *  CALCULATION DONE:                                Fri Oct 29 13:45:08 2021  *
 *  T=         - A TIME OF 172800.0 SECONDS REQUESTED
 *  DUMP=N     - RESTART FILE WRITTEN EVERY 7200.0 SECONDS REQUESTED
 *  1ELECTRON  - FINAL ONE-ELECTRON MATRIX TO BE PRINTED
 *******************************************************************************
1ELECTRON
 comment1
 comment2
   ATOM   CHEMICAL          X               Y               Z
  NUMBER   SYMBOL      (ANGSTROMS)     (ANGSTROMS)     (ANGSTROMS)
 
     1       C          0.00000000  *   0.00000000  *   0.00000000  *
     2       O          1.16000000  *   0.00000000  *   0.00000000  *
     3       O         -1.16000000  *   0.00000000  *   0.00000000  *
 


          CARTESIAN COORDINATES 

    NO.       ATOM           X           Y           Z

     1         C          0.0000      0.0000      0.0000
     2         O          1.1600      0.0000      0.0000
     3         O         -1.1600      0.0000      0.0000

 General Reference for PM7:
 "Optimization of Parameters for Semiempirical Methods VI: More Modifications to the 
 NDDO Approximations and Re-optimization of Parameters", J. J. P. Stewart, J. Mol. Mod., 1:32, 19 (2013)
 https://link.springer.com/article/10.1007/s00894-012-1667-x

           Empirical Formula: C O2  =     3 atoms



      MOLECULAR POINT GROUP   :   D*h 


      RHF CALCULATION, NO. OF DOUBLY OCCUPIED LEVELS = 8


          Geometry optimization using EF

          DIAGONAL MATRIX USED AS START HESSIAN

 CYCLE:     1 TIME:   0.000 TIME LEFT:  2.00D  GRAD.:    29.893 HEAT: -84.34612
 CYCLE:     2 TIME:   0.000 TIME LEFT:  2.00D  GRAD.:     9.069 HEAT: -84.49939
 CYCLE:     3 TIME:   0.004 TIME LEFT:  2.00D  GRAD.:     0.170 HEAT: -84.51541

     GRADIENT =  0.17016 IS LESS THAN CUTOFF =  1.00000



 -------------------------------------------------------------------------------
 1ELECTRON
 comment1
 comment2


     GEOMETRY OPTIMISED USING EIGENVECTOR FOLLOWING (EF).     
     SCF FIELD WAS ACHIEVED                                   


                              PM7 CALCULATION
                                                       MOPAC2016 (Version: 21.298M)
                                                       Fri Oct 29 13:45:08 2021




          FINAL HEAT OF FORMATION =        -84.51541 KCAL/MOL =    -353.61248 KJ/MOL


          COSMO AREA              =         65.56 SQUARE ANGSTROMS
          COSMO VOLUME            =         47.24 CUBIC ANGSTROMS

          GRADIENT NORM           =          0.17016          =       0.09824 PER ATOM
          IONIZATION POTENTIAL    =         12.759385 EV
          HOMO LUMO ENERGIES (EV) =        -12.759  0.547
          NO. OF FILLED LEVELS    =          8
          MOLECULAR WEIGHT        =         44.0098         POINT GROUP:  D*h 

          MOLECULAR DIMENSIONS (Angstroms)

            Atom       Atom       Distance
            O     3    O     2     2.33622
            C     1    O     2     0.00000
            C     1    O     2     0.00000


          SCF CALCULATIONS        =          5
 
          WALL-CLOCK TIME         =          0.020 SECONDS
          COMPUTATION TIME        =          0.020 SECONDS




   ATOM   CHEMICAL          X               Y               Z
  NUMBER   SYMBOL      (ANGSTROMS)     (ANGSTROMS)     (ANGSTROMS)
 
     1       C         -0.00000000  *  -0.00000000  *   0.00000000  *
     2       O          1.16810875  *   0.00000000  *  -0.00000000  *
     3       O         -1.16810875  *   0.00000000  *  -0.00000000  *

                             CARTESIAN COORDINATES

   1    C       -0.000000000    -0.000000000     0.000000000
   2    O        1.168108753     0.000000000    -0.000000000
   3    O       -1.168108753     0.000000000    -0.000000000


           Empirical Formula: C O2  =     3 atoms



      MOLECULAR POINT GROUP   :   D*h 


                  EIGENVALUES  
 -34.16455 -32.69313 -21.03612 -17.36632 -17.36632 -16.20324 -12.75939 -12.75939
   0.54677   0.54677   1.33461   4.68342


              NET ATOMIC CHARGES AND DIPOLE CONTRIBUTIONS

  ATOM NO.   TYPE          CHARGE      No. of ELECS.   s-Pop       p-Pop       
    1          C           0.646615        3.3534     1.10760     2.24578
    2          O          -0.323307        6.3233     1.87649     4.44682
    3          O          -0.323307        6.3233     1.87649     4.44682
 DIPOLE           X         Y         Z       TOTAL
 POINT-CHG.    -0.000    -0.000     0.000     0.000
 HYBRID        -0.000     0.000     0.000     0.000
 SUM           -0.000    -0.000     0.000     0.000


          ATOMIC ORBITAL ELECTRON POPULATIONS

     Atom    s        px        py        pz   
    1  C   1.10760   0.80552   0.72013   0.72013
    2  O   1.87649   1.16695   1.63993   1.63993
    3  O   1.87649   1.16695   1.63993   1.63993
 FINAL ONE-ELECTRON MATRIX 


               S  C  1   PX  C  1   PY  C  1   PZ  C  1    S  O  2   PX  O  2
 ------------------------------------------------------------------------------
  S  C    1-160.729914
 PX  C    1   0.000000-154.715217
 PY  C    1  -0.000000  -0.000000-143.074645
 PZ  C    1   0.000000  -0.000000   0.000000-143.074645
  S  O    2  -3.750455  -6.719814  -0.000000   0.000000-166.755302
 PX  O    2   5.592805   4.340966   0.000000  -0.000000   4.345089-143.734345
 PY  O    2   0.000000   0.000000  -3.057107  -0.000000   0.000000  -0.000000
 PZ  O    2  -0.000000  -0.000000  -0.000000  -3.057107  -0.000000   0.000000
  S  O    3  -3.750455   6.719814  -0.000000   0.000000  -0.000003   0.067093
 PX  O    3  -5.592805   4.340966  -0.000000   0.000000  -0.067093   0.563449
 PY  O    3   0.000000  -0.000000  -3.057107  -0.000000  -0.000000   0.000000
 PZ  O    3  -0.000000   0.000000  -0.000000  -3.057107  -0.000000   0.000000


              PY  O  2   PZ  O  2    S  O  3   PX  O  3   PY  O  3   PZ  O  3
 ------------------------------------------------------------------------------
 PY  O    2-140.050002
 PZ  O    2   0.000000-140.050002
  S  O    3   0.000000   0.000000-166.755302
 PX  O    3   0.000000   0.000000  -4.345089-143.734345
 PY  O    3  -0.081790   0.000000   0.000000   0.000000-140.050002
 PZ  O    3   0.000000  -0.081790  -0.000000  -0.000000   0.000000-140.050002

 **********************
 *                    *
 * JOB ENDED NORMALLY *
 *                    *
 **********************



 TOTAL JOB TIME:             0.03 SECONDS

 == MOPAC DONE ==
