 *******************************************************************************
 ** Cite this program as: MOPAC2016, Version: 21.298M, James J. P. Stewart,   **
 **                           web-site: HTTP://OpenMOPAC.net.                 **
 *******************************************************************************
 **                                                                           **
 **                                MOPAC2016                                  **
 **                                                                           **
 *******************************************************************************

                              AM1 CALCULATION RESULTS

 *******************************************************************************
 *  CALCULATION DONE:                                Fri Oct 29 13:45:10 2021  *
 *  AM1        - The AM1 Hamiltonian to be used
 *  T=         - A TIME OF 172800.0 SECONDS REQUESTED
 *  DUMP=N     - RESTART FILE WRITTEN EVERY 7200.0 SECONDS REQUESTED
 *******************************************************************************
AM1
 comment1
 comment2
   ATOM   CHEMICAL          X               Y               Z
  NUMBER   SYMBOL      (ANGSTROMS)     (ANGSTROMS)     (ANGSTROMS)
 
     1       C          0.00000000  *   0.00000000  *   0.00000000  *
     2       O          1.16000000  *   0.00000000  *   0.00000000  *
     3       O         -1.16000000  *   0.00000000  *   0.00000000  *
 


          CARTESIAN COORDINATES 

    NO.       ATOM           X           Y           Z

     1         C          0.0000      0.0000      0.0000
     2         O          1.1600      0.0000      0.0000
     3         O         -1.1600      0.0000      0.0000

  C: (AM1): M.J.S. DEWAR ET AL, J. AM. CHEM. SOC. 107 3902-3909 (1985)
  O: (AM1): M.J.S. DEWAR ET AL, J. AM. CHEM. SOC. 107 3902-3909 (1985)

           Empirical Formula: C O2  =     3 atoms



      MOLECULAR POINT GROUP   :   D*h 


      RHF CALCULATION, NO. OF DOUBLY OCCUPIED LEVELS = 8


          Geometry optimization using EF

          DIAGONAL MATRIX USED AS START HESSIAN

 CYCLE:     1 TIME:   0.000 TIME LEFT:  2.00D  GRAD.:   132.955 HEAT: -77.16706
 CYCLE:     2 TIME:   0.004 TIME LEFT:  2.00D  GRAD.:    70.796 HEAT: -78.96522
 CYCLE:     3 TIME:   0.000 TIME LEFT:  2.00D  GRAD.:     5.461 HEAT: -79.85640
 CYCLE:     4 TIME:   0.000 TIME LEFT:  2.00D  GRAD.:     0.270 HEAT: -79.86140

     GRADIENT =  0.27019 IS LESS THAN CUTOFF =  1.00000



 -------------------------------------------------------------------------------
 AM1
 comment1
 comment2


     GEOMETRY OPTIMISED USING EIGENVECTOR FOLLOWING (EF).     
     SCF FIELD WAS ACHIEVED                                   


                              AM1 CALCULATION
                                                       MOPAC2016 (Version: 21.298M)
                                                       Fri Oct 29 13:45:10 2021




          FINAL HEAT OF FORMATION =        -79.86140 KCAL/MOL =    -334.14010 KJ/MOL


          COSMO AREA              =         65.99 SQUARE ANGSTROMS
          COSMO VOLUME            =         47.63 CUBIC ANGSTROMS

          GRADIENT NORM           =          0.27019          =       0.15600 PER ATOM
          IONIZATION POTENTIAL    =         13.214572 EV
          HOMO LUMO ENERGIES (EV) =        -13.215  0.853
          NO. OF FILLED LEVELS    =          8
          MOLECULAR WEIGHT        =         44.0098         POINT GROUP:  D*h 

          MOLECULAR DIMENSIONS (Angstroms)

            Atom       Atom       Distance
            O     3    O     2     2.37862
            C     1    O     2     0.00000
            C     1    O     2     0.00000


          SCF CALCULATIONS        =          6
 
          WALL-CLOCK TIME         =          0.012 SECONDS
          COMPUTATION TIME        =          0.011 SECONDS




   ATOM   CHEMICAL          X               Y               Z
  NUMBER   SYMBOL      (ANGSTROMS)     (ANGSTROMS)     (ANGSTROMS)
 
     1       C          0.00000000  *   0.00000000  *   0.00000000  *
     2       O          1.18930834  *  -0.00000000  *  -0.00000000  *
     3       O         -1.18930834  *  -0.00000000  *  -0.00000000  *

                             CARTESIAN COORDINATES

   1    C        0.000000001     0.000000000     0.000000001
   2    O        1.189308342    -0.000000000    -0.000000000
   3    O       -1.189308343    -0.000000000    -0.000000000


           Empirical Formula: C O2  =     3 atoms



      MOLECULAR POINT GROUP   :   D*h 


                  EIGENVALUES  
 -41.22846 -39.93911 -22.73923 -18.33834 -18.33834 -18.09906 -13.21457 -13.21457
   0.85334   0.85334   2.09586   6.55189


              NET ATOMIC CHARGES AND DIPOLE CONTRIBUTIONS

  ATOM NO.   TYPE          CHARGE      No. of ELECS.   s-Pop       p-Pop       
    1          C           0.411447        3.5886     1.24680     2.34175
    2          O          -0.205723        6.2057     1.90962     4.29610
    3          O          -0.205723        6.2057     1.90962     4.29610
 DIPOLE           X         Y         Z       TOTAL
 POINT-CHG.     0.000     0.000     0.000     0.000
 HYBRID         0.000     0.000     0.000     0.000
 SUM            0.000     0.000     0.000     0.000


          ATOMIC ORBITAL ELECTRON POPULATIONS

     Atom    s        px        py        pz   
    1  C   1.24680   0.87518   0.73329   0.73329
    2  O   1.90962   1.02939   1.63336   1.63336
    3  O   1.90962   1.02939   1.63336   1.63336

 **********************
 *                    *
 * JOB ENDED NORMALLY *
 *                    *
 **********************



 TOTAL JOB TIME:             0.02 SECONDS

 == MOPAC DONE ==
