 *******************************************************************************
 ** Cite this program as: MOPAC2016, Version: 21.298M, James J. P. Stewart,   **
 **                           web-site: HTTP://OpenMOPAC.net.                 **
 *******************************************************************************
 **                                                                           **
 **                                MOPAC2016                                  **
 **                                                                           **
 *******************************************************************************

                              PM7 CALCULATION RESULTS

 *******************************************************************************
 *  CALCULATION DONE:                                Fri Oct 29 13:45:15 2021  *
 *  C.I.=4     - 4 M.O.S TO BE USED IN C.I.
 *  1SCF       - DO 1 SCF AND THEN STOP 
 *  T=         - A TIME OF 172800.0 SECONDS REQUESTED
 *  DUMP=N     - RESTART FILE WRITTEN EVERY 7200.0 SECONDS REQUESTED
 *  MECI       - M.E.C.I. WORKING TO BE PRINTED
 *******************************************************************************
1SCF C.I.=4 MECI
 comment1
 comment2
   ATOM   CHEMICAL          X               Y               Z
  NUMBER   SYMBOL      (ANGSTROMS)     (ANGSTROMS)     (ANGSTROMS)
 
     1       C         -0.67000000  *   0.00000000  *   0.00000000  *
     2       C          0.67000000  *   0.00000000  *   0.00000000  *
     3       H         -1.23000000  *  -0.93000000  *   0.00000000  *
     4       H         -1.23000000  *   0.93000000  *   0.00000000  *
     5       H          1.23000000  *  -0.93000000  *   0.00000000  *
     6       H          1.23000000  *   0.93000000  *   0.00000000  *
 


          CARTESIAN COORDINATES 

    NO.       ATOM           X           Y           Z

     1         C         -0.6700      0.0000      0.0000
     2         C          0.6700      0.0000      0.0000
     3         H         -1.2300     -0.9300      0.0000
     4         H         -1.2300      0.9300      0.0000
     5         H          1.2300     -0.9300      0.0000
     6         H          1.2300      0.9300      0.0000

 General Reference for PM7:
 "Optimization of Parameters for Semiempirical Methods VI: More Modifications to the 
 NDDO Approximations and Re-optimization of Parameters", J. J. P. Stewart, J. Mol. Mod., 1:32, 19 (2013)
 https://link.springer.com/article/10.1007/s00894-012-1667-x

           Empirical Formula: C2 H4  =     6 atoms



      MOLECULAR POINT GROUP   :   D2h 


      RHF CALCULATION, NO. OF DOUBLY OCCUPIED LEVELS = 6


 -------------------------------------------------------------------------------
 1SCF C.I.=4 MECI
 comment1
 comment2


     1SCF WAS SPECIFIED, SO BFGS WAS NOT USED                 
     SCF FIELD WAS ACHIEVED                                   


                              PM7 CALCULATION
                                                       MOPAC2016 (Version: 21.298M)
                                                       Fri Oct 29 13:45:15 2021




          FINAL HEAT OF FORMATION =          7.84782 KCAL/MOL =      32.83528 KJ/MOL


          COSMO AREA              =         71.45 SQUARE ANGSTROMS
          COSMO VOLUME            =         53.18 CUBIC ANGSTROMS

          IONIZATION POTENTIAL    =         10.684421 EV          STATE:   1 SINGLET Ag
          HOMO LUMO ENERGIES (EV) =        -10.684  0.976
          NO. OF FILLED LEVELS    =          6
          MOLECULAR WEIGHT        =         28.0536         POINT GROUP:  D2h 

          MOLECULAR DIMENSIONS (Angstroms)

            Atom       Atom       Distance
            H     5    H     4     3.08402
            H     6    H     3     2.96729
            C     1    C     2     0.00000


          SCF CALCULATIONS        =          1
 
          WALL-CLOCK TIME         =          0.016 SECONDS
          COMPUTATION TIME        =          0.039 SECONDS




   ATOM   CHEMICAL          X               Y               Z
  NUMBER   SYMBOL      (ANGSTROMS)     (ANGSTROMS)     (ANGSTROMS)
 
     1       C         -0.67000000  *   0.00000000  *   0.00000000  *
     2       C          0.67000000  *   0.00000000  *   0.00000000  *
     3       H         -1.23000000  *  -0.93000000  *   0.00000000  *
     4       H         -1.23000000  *   0.93000000  *   0.00000000  *
     5       H          1.23000000  *  -0.93000000  *   0.00000000  *
     6       H          1.23000000  *   0.93000000  *   0.00000000  *

                             CARTESIAN COORDINATES

   1    C       -0.670000000     0.000000000     0.000000000
   2    C        0.670000000     0.000000000     0.000000000
   3    H       -1.230000000    -0.930000000     0.000000000
   4    H       -1.230000000     0.930000000     0.000000000
   5    H        1.230000000    -0.930000000     0.000000000
   6    H        1.230000000     0.930000000     0.000000000


           Empirical Formula: C2 H4  =     6 atoms



      MOLECULAR POINT GROUP   :   D2h 


                  EIGENVALUES  
 -26.77535 -20.00189 -16.32165 -14.22366 -12.19463 -10.68442   0.97572   5.48787
   5.57216   6.33974   6.41349   6.48301


              NET ATOMIC CHARGES AND DIPOLE CONTRIBUTIONS

  ATOM NO.   TYPE          CHARGE      No. of ELECS.   s-Pop       p-Pop       
    1          C          -0.283534        4.2835     1.10305     3.18049
    2          C          -0.283534        4.2835     1.10305     3.18049
    3          H           0.141767        0.8582     0.85823
    4          H           0.141767        0.8582     0.85823
    5          H           0.141767        0.8582     0.85823
    6          H           0.141767        0.8582     0.85823
 DIPOLE           X         Y         Z       TOTAL
 POINT-CHG.     0.000     0.000     0.000     0.000
 HYBRID        -0.000    -0.000    -0.000     0.000
 SUM            0.000     0.000    -0.000     0.000


          ATOMIC ORBITAL ELECTRON POPULATIONS

     Atom    s        px        py        pz   
    1  C   1.10305   1.04647   1.13395   1.00006
    2  C   1.10305   1.04647   1.13395   1.00006
    3  H   0.85823
    4  H   0.85823
    5  H   0.85823
    6  H   0.85823


          MULTI-ELECTRON CONFIGURATION INTERACTION CALCULATION


          COMPONENT OF SPIN  =  0.0


           NO OF CONFIGURATIONS CONSIDERED = 36

 CONFIGURATIONS CONSIDERED IN C.I.      
 M.O. NUMBER :         5   6   7   8
          ENERGY

              1        1   1   0   0
          0.0000       1   1   0   0

              2        1   1   0   0
          4.1841       1   0   1   0

              3        1   1   0   0
          8.5463       1   0   0   1

              4        1   1   0   0
          5.4405       0   1   1   0

              5        1   1   0   0
         10.0224       0   1   0   1

              6        1   1   0   0
         14.2394       0   0   1   1

              7        1   0   1   0
          4.1841       1   1   0   0

              8        1   0   1   0
          8.3682       1   0   1   0

              9        1   0   1   0
         12.7304       1   0   0   1

             10        1   0   1   0
          9.6247       0   1   1   0

             11        1   0   1   0
         14.2065       0   1   0   1

             12        1   0   1   0
         18.4235       0   0   1   1

             13        1   0   0   1
          8.5463       1   1   0   0

             14        1   0   0   1
         12.7304       1   0   1   0

             15        1   0   0   1
         18.4765       1   0   0   1

             16        1   0   0   1
         12.6805       0   1   1   0

             17        1   0   0   1
         18.6463       0   1   0   1

             18        1   0   0   1
         22.8633       0   0   1   1

             19        0   1   1   0
          5.4405       1   1   0   0

             20        0   1   1   0
          9.6247       1   0   1   0

             21        0   1   1   0
         12.6805       1   0   0   1

             22        0   1   1   0
         12.1319       0   1   1   0

             23        0   1   1   0
         15.4074       0   1   0   1

             24        0   1   1   0
         19.6244       0   0   1   1

             25        0   1   0   1
         10.0224       1   1   0   0

             26        0   1   0   1
         14.2065       1   0   1   0

             27        0   1   0   1
         18.6463       1   0   0   1

             28        0   1   0   1
         15.4074       0   1   1   0

             29        0   1   0   1
         20.0669       0   1   0   1

             30        0   1   0   1
         24.2839       0   0   1   1

             31        0   0   1   1
         14.2394       1   1   0   0

             32        0   0   1   1
         18.4235       1   0   1   0

             33        0   0   1   1
         22.8633       1   0   0   1

             34        0   0   1   1
         19.6244       0   1   1   0

             35        0   0   1   1
         24.2839       0   1   0   1

             36        0   0   1   1
         28.5009       0   0   1   1

  STATE       ENERGY (EV)        Q.N.  SPIN   SYMMETRY              POLARIZATION
         ABSOLUTE     RELATIVE                                X           Y           Z

    1+   -0.295569    0.000000     1+  SINGLET     Ag  
    2     2.688584    2.984153     1   TRIPLET     B1u 
    3     5.281914    5.577483     1   TRIPLET     B1g 
    4     5.502403    5.797972     1   SINGLET     B1u       1.0289      0.0000      0.0000
    5     5.553780    5.849349     1   SINGLET     B1g 
    6     8.431349    8.726918     2   TRIPLET     B1g 
    7     8.491369    8.786938     2   SINGLET     Ag  
    8     8.631456    8.927025     2   SINGLET     B1g 
    9     9.471012    9.766581     1   TRIPLET     Au  
   10     9.476818    9.772387     2   TRIPLET     B1u 
   11     9.691543    9.987112     1   SINGLET     Au  
   12    10.123265   10.418834     2   SINGLET     B1u       0.5679      0.0000      0.0000
   13    12.119408   12.414977     3   SINGLET     Ag  
   14    12.207543   12.503112     1   QUINTET     Ag  
   15    12.613321   12.908890     2   TRIPLET     Au  
   16    12.673243   12.968812     1   TRIPLET     Ag  
   17    12.764479   13.060048     2   SINGLET     Au  
   18    12.918588   13.214157     4   SINGLET     Ag  
   19    13.032754   13.328322     2   TRIPLET     Ag  
   20    15.335952   15.631520     3   TRIPLET     Au  
   21    15.420342   15.715911     3   TRIPLET     Ag  
   22    15.559644   15.855213     3   SINGLET     Au  
   23    15.951525   16.247094     5   SINGLET     Ag  
   24    18.387570   18.683138     3   TRIPLET     B1u 
   25    18.479636   18.775205     6   SINGLET     Ag  
   26    18.548386   18.843955     4   TRIPLET     Au  
   27    18.833193   19.128761     4   SINGLET     Au  
   28    18.902234   19.197803     3   SINGLET     B1u       0.0023      0.0000      0.0000
   29    19.523883   19.819452     3   TRIPLET     B1g 
   30    19.752738   20.048307     3   SINGLET     B1g 
   31    19.955643   20.251212     7   SINGLET     Ag  
   32    22.731524   23.027093     4   TRIPLET     B1g 
   33    22.803080   23.098649     4   TRIPLET     B1u 
   34    23.042369   23.337938     4   SINGLET     B1g 
   35    25.943706   26.239275     4   SINGLET     B1u       0.0001      0.0000      0.0000
   36    28.842620   29.138189     8   SINGLET     Ag  
           The "+" symbol indicates the root used.
 *******************************************************************************
 ** Cite this program as: MOPAC2016, Version: 21.298M, James J. P. Stewart,   **
 **                           web-site: HTTP://OpenMOPAC.net.                 **
 *******************************************************************************
 **                                                                           **
 **                                MOPAC2016                                  **
 **                                                                           **
 *******************************************************************************

                              PM7 CALCULATION RESULTS

 *******************************************************************************
 *  CALCULATION DONE:                                Fri Oct 29 13:45:15 2021  *
 *  CISD       - C.I. USES 1 AND 2 ELECTRON EXCITATIONS
 *  C.I.=4     - 4 M.O.S TO BE USED IN C.I.
 *  1SCF       - DO 1 SCF AND THEN STOP 
 *  T=         - A TIME OF 172800.0 SECONDS REQUESTED
 *  DUMP=N     - RESTART FILE WRITTEN EVERY 7200.0 SECONDS REQUESTED
 *  MECI       - M.E.C.I. WORKING TO BE PRINTED
 *******************************************************************************
1SCF C.I.=4 MECI CISD
 comment1
 comment2
   ATOM   CHEMICAL          X               Y               Z
  NUMBER   SYMBOL      (ANGSTROMS)     (ANGSTROMS)     (ANGSTROMS)
 
     1       C         -0.67000000  *   0.00000000  *   0.00000000  *
     2       C          0.67000000  *   0.00000000  *   0.00000000  *
     3       H         -1.23000000  *  -0.93000000  *   0.00000000  *
     4       H         -1.23000000  *   0.93000000  *   0.00000000  *
     5       H          1.23000000  *  -0.93000000  *   0.00000000  *
     6       H          1.23000000  *   0.93000000  *   0.00000000  *
 


          CARTESIAN COORDINATES 

    NO.       ATOM           X           Y           Z

     1         C         -0.6700      0.0000      0.0000
     2         C          0.6700      0.0000      0.0000
     3         H         -1.2300     -0.9300      0.0000
     4         H         -1.2300      0.9300      0.0000
     5         H          1.2300     -0.9300      0.0000
     6         H          1.2300      0.9300      0.0000

 General Reference for PM7:
 "Optimization of Parameters for Semiempirical Methods VI: More Modifications to the 
 NDDO Approximations and Re-optimization of Parameters", J. J. P. Stewart, J. Mol. Mod., 1:32, 19 (2013)
 https://link.springer.com/article/10.1007/s00894-012-1667-x

           Empirical Formula: C2 H4  =     6 atoms



      MOLECULAR POINT GROUP   :   D2h 


      RHF CALCULATION, NO. OF DOUBLY OCCUPIED LEVELS = 6


 -------------------------------------------------------------------------------
 1SCF C.I.=4 MECI CISD
 comment1
 comment2


     1SCF WAS SPECIFIED, SO BFGS WAS NOT USED                 
     SCF FIELD WAS ACHIEVED                                   


                              PM7 CALCULATION
                                                       MOPAC2016 (Version: 21.298M)
                                                       Fri Oct 29 13:45:15 2021




          FINAL HEAT OF FORMATION =          7.85711 KCAL/MOL =      32.87415 KJ/MOL


          COSMO AREA              =         71.45 SQUARE ANGSTROMS
          COSMO VOLUME            =         53.18 CUBIC ANGSTROMS

          IONIZATION POTENTIAL    =         10.684421 EV          STATE:   1 SINGLET Ag
          HOMO LUMO ENERGIES (EV) =        -10.684  0.976
          NO. OF FILLED LEVELS    =          6
          MOLECULAR WEIGHT        =         28.0536         POINT GROUP:  D2h 

          MOLECULAR DIMENSIONS (Angstroms)

            Atom       Atom       Distance
            H     5    H     4     3.08402
            H     6    H     3     2.96729
            C     1    C     2     0.00000


          SCF CALCULATIONS        =          1
 
          WALL-CLOCK TIME         =          0.035 SECONDS
          COMPUTATION TIME        =          0.113 SECONDS




   ATOM   CHEMICAL          X               Y               Z
  NUMBER   SYMBOL      (ANGSTROMS)     (ANGSTROMS)     (ANGSTROMS)
 
     1       C         -0.67000000  *   0.00000000  *   0.00000000  *
     2       C          0.67000000  *   0.00000000  *   0.00000000  *
     3       H         -1.23000000  *  -0.93000000  *   0.00000000  *
     4       H         -1.23000000  *   0.93000000  *   0.00000000  *
     5       H          1.23000000  *  -0.93000000  *   0.00000000  *
     6       H          1.23000000  *   0.93000000  *   0.00000000  *

                             CARTESIAN COORDINATES

   1    C       -0.670000000     0.000000000     0.000000000
   2    C        0.670000000     0.000000000     0.000000000
   3    H       -1.230000000    -0.930000000     0.000000000
   4    H       -1.230000000     0.930000000     0.000000000
   5    H        1.230000000    -0.930000000     0.000000000
   6    H        1.230000000     0.930000000     0.000000000


           Empirical Formula: C2 H4  =     6 atoms



      MOLECULAR POINT GROUP   :   D2h 


                  EIGENVALUES  
 -26.77535 -20.00189 -16.32165 -14.22366 -12.19463 -10.68442   0.97572   5.48787
   5.57216   6.33974   6.41349   6.48301


              NET ATOMIC CHARGES AND DIPOLE CONTRIBUTIONS

  ATOM NO.   TYPE          CHARGE      No. of ELECS.   s-Pop       p-Pop       
    1          C          -0.283537        4.2835     1.10305     3.18049
    2          C          -0.283537        4.2835     1.10305     3.18049
    3          H           0.141769        0.8582     0.85823
    4          H           0.141769        0.8582     0.85823
    5          H           0.141769        0.8582     0.85823
    6          H           0.141769        0.8582     0.85823
 DIPOLE           X         Y         Z       TOTAL
 POINT-CHG.     0.000     0.000     0.000     0.000
 HYBRID        -0.000    -0.000    -0.000     0.000
 SUM            0.000     0.000    -0.000     0.000


          ATOMIC ORBITAL ELECTRON POPULATIONS

     Atom    s        px        py        pz   
    1  C   1.10305   1.04647   1.13396   1.00006
    2  C   1.10305   1.04647   1.13396   1.00006
    3  H   0.85823
    4  H   0.85823
    5  H   0.85823
    6  H   0.85823


          MULTI-ELECTRON CONFIGURATION INTERACTION CALCULATION


          COMPONENT OF SPIN  =  0.0


           NO OF CONFIGURATIONS CONSIDERED = 27

 CONFIGURATIONS CONSIDERED IN C.I.      
 M.O. NUMBER :         5   6   7   8
          ENERGY

              1        1   1   0   0
          0.0000       1   1   0   0

              2        1   1   0   0
          4.1841       1   0   1   0

              3        1   1   0   0
          8.5463       1   0   0   1

              4        1   1   0   0
          5.4405       0   1   1   0

              5        1   1   0   0
         10.0224       0   1   0   1

              6        1   1   0   0
         14.2394       0   0   1   1

              7        1   0   1   0
          4.1841       1   1   0   0

              8        1   0   1   0
          8.3682       1   0   1   0

              9        1   0   1   0
         12.7304       1   0   0   1

             10        1   0   1   0
          9.6247       0   1   1   0

             11        1   0   1   0
         14.2065       0   1   0   1

             12        1   0   0   1
          8.5463       1   1   0   0

             13        1   0   0   1
         12.7304       1   0   1   0

             14        1   0   0   1
         18.4765       1   0   0   1

             15        1   0   0   1
         12.6805       0   1   1   0

             16        1   0   0   1
         18.6463       0   1   0   1

             17        0   1   1   0
          5.4405       1   1   0   0

             18        0   1   1   0
          9.6247       1   0   1   0

             19        0   1   1   0
         12.6805       1   0   0   1

             20        0   1   1   0
         12.1319       0   1   1   0

             21        0   1   1   0
         15.4074       0   1   0   1

             22        0   1   0   1
         10.0224       1   1   0   0

             23        0   1   0   1
         14.2065       1   0   1   0

             24        0   1   0   1
         18.6463       1   0   0   1

             25        0   1   0   1
         15.4074       0   1   1   0

             26        0   1   0   1
         20.0669       0   1   0   1

             27        0   0   1   1
         14.2394       1   1   0   0

  STATE       ENERGY (EV)        Q.N.  SPIN   SYMMETRY              POLARIZATION
         ABSOLUTE     RELATIVE                                X           Y           Z

    1+   -0.295166    0.000000     1+  SINGLET     Ag  
    2     2.694330    2.989496     1   TRIPLET     B1u 
    3     5.291201    5.586367     1   TRIPLET     B1g 
    4     5.529358    5.824524     1   SINGLET     B1u       0.9943      0.0000      0.0000
    5     5.579649    5.874815     1   SINGLET     B1g 
    6     8.442699    8.737865     2   TRIPLET     B1g 
    7     8.493210    8.788376     2   SINGLET     Ag  
    8     8.660087    8.955253     2   SINGLET     B1g 
    9     9.471012    9.766178     1   TRIPLET     Au  
   10     9.691543    9.986709     1   SINGLET     Au  
   11     9.733260   10.028426     2   TRIPLET     B1u 
   12    10.456010   10.751177     2   SINGLET     B1u       0.5853      0.0000      0.0000
   13    12.119525   12.414691     3   SINGLET     Ag  
   14    12.207543   12.502709     1   QUINTET     Ag  
   15    12.613321   12.908487     2   TRIPLET     Au  
   16    12.673243   12.968409     1   TRIPLET     Ag  
   17    12.764479   13.059645     2   SINGLET     Au  
   18    12.922326   13.217492     4   SINGLET     Ag  
   19    13.032754   13.327920     2   TRIPLET     Ag  
   20    15.335952   15.631118     3   TRIPLET     Au  
   21    15.420342   15.715508     3   TRIPLET     Ag  
   22    15.559644   15.854810     3   SINGLET     Au  
   23    15.977007   16.272173     5   SINGLET     Ag  
   24    18.479792   18.774958     6   SINGLET     Ag  
   25    18.548386   18.843552     4   TRIPLET     Au  
   26    18.833193   19.128359     4   SINGLET     Au  
   27    20.265655   20.560821     7   SINGLET     Ag  
           The "+" symbol indicates the root used.

 **********************
 *                    *
 * JOB ENDED NORMALLY *
 *                    *
 **********************



 TOTAL JOB TIME:             0.07 SECONDS

 == MOPAC DONE ==
