 *******************************************************************************
 ** Cite this program as: MOPAC2016, Version: 21.298M, James J. P. Stewart,   **
 **                           web-site: HTTP://OpenMOPAC.net.                 **
 *******************************************************************************
 **                                                                           **
 **                                MOPAC2016                                  **
 **                                                                           **
 *******************************************************************************

                              PM7 CALCULATION RESULTS

 *******************************************************************************
 *  CALCULATION DONE:                                Fri Oct 29 13:45:32 2021  *
 *  T=         - A TIME OF 172800.0 SECONDS REQUESTED
 *  DUMP=N     - RESTART FILE WRITTEN EVERY 7200.0 SECONDS REQUESTED
 *  LOCALIZE   - LOCALIZED ORBITALS TO BE PRINTED
 *******************************************************************************
LOCAL
 Propane

   ATOM   CHEMICAL          X               Y               Z
  NUMBER   SYMBOL      (ANGSTROMS)     (ANGSTROMS)     (ANGSTROMS)
 
     1       C         -2.47938629  *   1.94891579  *   0.11190868  *
     2       C         -1.29827276  *   0.98387702  *   0.00729518  *
     3       C         -3.81010175  *   1.21964142  *  -0.07647847  *
     4       H         -1.38347707  *   0.16741450  *   0.73288952  *
     5       H         -0.34844936  *   1.49531165  *   0.19480817  *
     6       H         -1.23847661  *   0.53154082  *  -0.98851859  *
     7       H         -2.37857497  *   2.75130968  *  -0.64360323  *
     8       H         -2.46534850  *   2.45775798  *   1.09469749  *
     9       H         -3.85388474  *   0.71068126  *  -1.04535583  *
    10       H         -4.65461095  *   1.91488898  *  -0.02947366  *
    11       H         -3.96289721  *   0.46065065  *   0.69868957  *
 


          CARTESIAN COORDINATES 

    NO.       ATOM           X           Y           Z

     1         C         -2.4794      1.9489      0.1119
     2         C         -1.2983      0.9839      0.0073
     3         C         -3.8101      1.2196     -0.0765
     4         H         -1.3835      0.1674      0.7329
     5         H         -0.3484      1.4953      0.1948
     6         H         -1.2385      0.5315     -0.9885
     7         H         -2.3786      2.7513     -0.6436
     8         H         -2.4653      2.4578      1.0947
     9         H         -3.8539      0.7107     -1.0454
    10         H         -4.6546      1.9149     -0.0295
    11         H         -3.9629      0.4607      0.6987

 General Reference for PM7:
 "Optimization of Parameters for Semiempirical Methods VI: More Modifications to the 
 NDDO Approximations and Re-optimization of Parameters", J. J. P. Stewart, J. Mol. Mod., 1:32, 19 (2013)
 https://link.springer.com/article/10.1007/s00894-012-1667-x

           Empirical Formula: C3 H8  =    11 atoms



      MOLECULAR POINT GROUP   :   C2v 


      RHF CALCULATION, NO. OF DOUBLY OCCUPIED LEVELS = 10


          Geometry optimization using EF

     GRADIENT =  0.80919 IS LESS THAN CUTOFF =  1.00000



 -------------------------------------------------------------------------------
 LOCAL
 Propane



     GRADIENTS WERE INITIALLY ACCEPTABLY SMALL                
     SCF FIELD WAS ACHIEVED                                   


                              PM7 CALCULATION
                                                       MOPAC2016 (Version: 21.298M)
                                                       Fri Oct 29 13:45:32 2021




          FINAL HEAT OF FORMATION =        -23.07796 KCAL/MOL =     -96.55818 KJ/MOL


          COSMO AREA              =         96.08 SQUARE ANGSTROMS
          COSMO VOLUME            =         78.97 CUBIC ANGSTROMS

          GRADIENT NORM           =          0.80919          =       0.24398 PER ATOM
          IONIZATION POTENTIAL    =         11.388121 EV
          HOMO LUMO ENERGIES (EV) =        -11.388  4.304
          NO. OF FILLED LEVELS    =         10
          MOLECULAR WEIGHT        =         44.0962         POINT GROUP:  C2v 

          MOLECULAR DIMENSIONS (Angstroms)

            Atom       Atom       Distance
            H    10    H     5     4.33236
            H     7    H    11     2.81279
            H     8    H     6     2.76473


          SCF CALCULATIONS        =          1
 
          WALL-CLOCK TIME         =          0.012 SECONDS
          COMPUTATION TIME        =          0.011 SECONDS




   ATOM   CHEMICAL          X               Y               Z
  NUMBER   SYMBOL      (ANGSTROMS)     (ANGSTROMS)     (ANGSTROMS)
 
     1       C         -2.47938629  *   1.94891579  *   0.11190868  *
     2       C         -1.29827276  *   0.98387702  *   0.00729518  *
     3       C         -3.81010175  *   1.21964142  *  -0.07647847  *
     4       H         -1.38347707  *   0.16741450  *   0.73288952  *
     5       H         -0.34844936  *   1.49531165  *   0.19480817  *
     6       H         -1.23847661  *   0.53154082  *  -0.98851859  *
     7       H         -2.37857497  *   2.75130968  *  -0.64360323  *
     8       H         -2.46534850  *   2.45775798  *   1.09469749  *
     9       H         -3.85388474  *   0.71068126  *  -1.04535583  *
    10       H         -4.65461095  *   1.91488898  *  -0.02947366  *
    11       H         -3.96289721  *   0.46065065  *   0.69868957  *

                             CARTESIAN COORDINATES

   1    C       -2.479386294     1.948915792     0.111908676
   2    C       -1.298272763     0.983877020     0.007295183
   3    C       -3.810101751     1.219641420    -0.076478473
   4    H       -1.383477073     0.167414504     0.732889522
   5    H       -0.348449360     1.495311647     0.194808165
   6    H       -1.238476615     0.531540822    -0.988518590
   7    H       -2.378574965     2.751309683    -0.643603231
   8    H       -2.465348500     2.457757976     1.094697491
   9    H       -3.853884743     0.710681255    -1.045355833
  10    H       -4.654610952     1.914888983    -0.029473663
  11    H       -3.962897209     0.460650646     0.698689570


           Empirical Formula: C3 H8  =    11 atoms



      MOLECULAR POINT GROUP   :   C2v 


                  EIGENVALUES  
 -28.15640 -23.79260 -20.12336 -15.81218 -15.09327 -13.91035 -13.15373 -12.00868
 -11.96952 -11.38812   4.30394   4.65419   5.50889   5.89530   5.94634   5.98328
   6.23871   6.66641   7.06481   7.13415


              NET ATOMIC CHARGES AND DIPOLE CONTRIBUTIONS

  ATOM NO.   TYPE          CHARGE      No. of ELECS.   s-Pop       p-Pop       
    1          C          -0.229492        4.2295     1.05073     3.17876
    2          C          -0.438891        4.4389     1.05203     3.38686
    3          C          -0.438886        4.4389     1.05208     3.38680
    4          H           0.142498        0.8575     0.85750
    5          H           0.138604        0.8614     0.86140
    6          H           0.141915        0.8581     0.85809
    7          H           0.130650        0.8694     0.86935
    8          H           0.130628        0.8694     0.86937
    9          H           0.142368        0.8576     0.85763
   10          H           0.138594        0.8614     0.86141
   11          H           0.142012        0.8580     0.85799
 DIPOLE           X         Y         Z       TOTAL
 POINT-CHG.     0.002     0.023     0.005     0.023
 HYBRID        -0.007    -0.078    -0.014     0.079
 SUM           -0.005    -0.055    -0.009     0.056


          ATOMIC ORBITAL ELECTRON POPULATIONS

     Atom    s        px        py        pz   
    1  C   1.05073   0.97480   1.05223   1.15173
    2  C   1.05203   1.09019   1.12293   1.17373
    3  C   1.05208   1.07082   1.14323   1.17275
    4  H   0.85750
    5  H   0.86140
    6  H   0.85809
    7  H   0.86935
    8  H   0.86937
    9  H   0.85763
   10  H   0.86141
   11  H   0.85799

          NUMBER OF ITERATIONS =   8
          LOCALIZATION VALUE =   5.060297172

  NUMBER OF CENTERS  LMO ENERGY     COMPOSITION OF ORBITALS 
                                    (AS PERCENT OF THE LMO)

   1    2.0033        -16.94817   C  2 50.81   C  1 49.10
   2    2.0033        -16.94360   C  3 50.81   C  1 49.09
   3    1.9707        -16.50017   C  3 56.81   H 10 42.98
   4    1.9707        -16.49931   C  2 56.81   H  5 42.98
   5    1.9661        -16.42389   C  2 57.04   H  6 42.81
   6    1.9662        -16.42161   C  3 57.05   H 11 42.80
   7    1.9660        -16.42096   C  3 57.06   H  9 42.78
   8    1.9661        -16.41763   C  2 57.07   H  4 42.78
   9    1.9751        -16.41712   C  1 56.43   H  7 43.34
  10    1.9751        -16.41574   C  1 56.43   H  8 43.34


                     LOCALIZED ORBITALS 






    ROOT NO.    1           2           3           4           5           6

           -16.94817   -16.94360   -16.50017   -16.49931   -16.42389   -16.42161
  
  
  S  C   1  -0.34523     0.34507    -0.01062    -0.01062    -0.00275    -0.00263
 PX  C   1  -0.45929    -0.52143    -0.02169     0.02490    -0.00467     0.00269
 PY  C   1   0.39855    -0.30651     0.02063     0.01603    -0.00987    -0.01705
 PZ  C   1   0.04444    -0.07770     0.00193     0.00485    -0.02005     0.01520
  
  S  C   2  -0.34655    -0.00644     0.01474     0.36885     0.36703    -0.00794
 PX  C   2   0.48184    -0.01019    -0.01605     0.55358     0.01145     0.00435
 PY  C   2  -0.39243    -0.01324     0.01725     0.33443    -0.25577    -0.00250
 PZ  C   2  -0.04251    -0.00284     0.00236     0.11711    -0.60841    -0.00408
  
  S  C   3   0.00644     0.34645     0.36892     0.01473    -0.00753     0.36701
 PX  C   3  -0.00769     0.54268    -0.48597     0.01881    -0.00448    -0.06538
 PY  C   3   0.01493     0.29617     0.44125     0.01406    -0.00289    -0.44869
 PZ  C   3   0.00208     0.07642     0.03295     0.00309     0.00303     0.47975
  
  S  H   4  -0.00413    -0.00657     0.00062     0.01204     0.01237     0.00515
  
  S  H   5  -0.00260     0.02311    -0.00395     0.65559     0.01181     0.00319
  
  S  H   6  -0.00405    -0.00499     0.00080     0.01201     0.65426    -0.00024
  
  S  H   7  -0.00034     0.00032    -0.00480    -0.00369    -0.00566     0.02327
  
  S  H   8  -0.00031     0.00037    -0.00404    -0.00515     0.02329    -0.00533
  
  S  H   9   0.00619     0.00411     0.01202     0.00062     0.00488     0.01238
  
  S  H  10  -0.02310     0.00261     0.65560    -0.00395     0.00311     0.01178
  
  S  H  11   0.00537     0.00405     0.01198     0.00082    -0.00028     0.65422




    ROOT NO.    7           8           9          10

           -16.42096   -16.41763   -16.41712   -16.41574
  
  
  S  C   1  -0.00237    -0.00226     0.37876     0.37868
 PX  C   1   0.00515    -0.00812     0.05768     0.00517
 PY  C   1  -0.01226    -0.01728     0.44696     0.26839
 PZ  C   1  -0.01927     0.01392    -0.46665     0.59065
  
  S  C   2  -0.00843     0.36700    -0.00632    -0.00632
 PX  C   2   0.00418    -0.07699     0.00386     0.00194
 PY  C   2  -0.00495    -0.47907     0.01245     0.00630
 PZ  C   2   0.00266     0.44781    -0.01558     0.01917
  
  S  C   3   0.36709    -0.00883    -0.00633    -0.00629
 PX  C   3   0.00138    -0.00521    -0.00032    -0.00210
 PY  C   3  -0.29533    -0.00303     0.01263     0.00693
 PZ  C   3  -0.59046    -0.00422    -0.01587     0.01897
  
  S  H   4  -0.00015     0.65403     0.02412    -0.00520
  
  S  H   5   0.00382     0.01182    -0.00344    -0.00491
  
  S  H   6   0.00424     0.01234    -0.00663     0.02411
  
  S  H   7  -0.00455     0.02326     0.65834     0.00974
  
  S  H   8   0.02327    -0.00421     0.00974     0.65834
  
  S  H   9   0.65408    -0.00014    -0.00554     0.02413
  
  S  H  10   0.01181     0.00392    -0.00455    -0.00380
  
  S  H  11   0.01236     0.00450     0.02412    -0.00631

          BONDING CONTRIBUTION OF EACH M.O.

  1.9969  1.9969  1.9620  1.9620  1.9578  1.9578  1.9576  1.9576  1.9655  1.9655
 -1.9874 -1.9979 -1.9487 -1.9783 -1.9727 -1.9826 -2.0129 -1.9615 -1.9207 -1.9169

 **********************
 *                    *
 * JOB ENDED NORMALLY *
 *                    *
 **********************



 TOTAL JOB TIME:             0.02 SECONDS

 == MOPAC DONE ==
