 *******************************************************************************
 **                                                                           **
 **                              MOPAC v22.0.6                                **
 **                                                                           **
 *******************************************************************************
 **          Digital Object Identifier (DOI): 10.5281/zenodo.6511958          **
 **    Visit the DOI location for information on how to cite this program.    **
 *******************************************************************************

                              INDO CALCULATION RESULTS

 *******************************************************************************
 *  CALCULATION DONE:                                Wed Jul 12 16:26:01 2023  *
 *  INDO       - The INDO Hamiltonian to be used
 *  CIS        - C.I. USES 1 ELECTRON EXCITATIONS ONLY
 *  1SCF       - DO 1 SCF AND THEN STOP 
 *  T=         - A TIME OF 172800.0 SECONDS REQUESTED
 *  DUMP=N     - RESTART FILE WRITTEN EVERY 7200.0 SECONDS REQUESTED
 *******************************************************************************
1SCF INDO CIS
 comment1
 comment2
   ATOM   CHEMICAL          X               Y               Z
  NUMBER   SYMBOL      (ANGSTROMS)     (ANGSTROMS)     (ANGSTROMS)

     1       C         -0.67000000  *   0.00000000  *   0.00000000  *
     2       C          0.67000000  *   0.00000000  *   0.00000000  *
     3       H         -1.23000000  *  -0.93000000  *   0.00000000  *
     4       H         -1.23000000  *   0.93000000  *   0.00000000  *
     5       H          1.23000000  *  -0.93000000  *   0.00000000  *
     6       H          1.23000000  *   0.93000000  *   0.00000000  *



          CARTESIAN COORDINATES 

    NO.       ATOM           X           Y           Z

     1         C         -0.6700      0.0000      0.0000
     2         C          0.6700      0.0000      0.0000
     3         H         -1.2300     -0.9300      0.0000
     4         H         -1.2300      0.9300      0.0000
     5         H          1.2300     -0.9300      0.0000
     6         H          1.2300      0.9300      0.0000

           Empirical Formula: C2 H4  =     6 atoms



      MOLECULAR POINT GROUP   :   D2h 


      RHF CALCULATION, NO. OF DOUBLY OCCUPIED LEVELS = 6


 Summary of symmetry occupancy in each shell:

 SHELL     
    1    6
    v    6
 TOTAL  12


                     MOLECULAR ORBITALS 






    ROOT NO.    1           2           3           4           5           6

           -35.21189   -24.10511   -19.53313   -16.07585   -13.53540    -9.98566
  
  
  S  C   1   0.59643    -0.44544     0.00000     0.02664    -0.00000    -0.00000
 PX  C   1   0.16828     0.29758     0.00000     0.61383     0.00000    -0.00000
 PY  C   1  -0.00000     0.00000     0.51977    -0.00000    -0.45868    -0.00000
 PZ  C   1   0.00000    -0.00000     0.00000     0.00000     0.00000     0.70711
  
  S  C   2   0.59643     0.44544     0.00000     0.02664     0.00000     0.00000
 PX  C   2  -0.16828     0.29758    -0.00000    -0.61383     0.00000     0.00000
 PY  C   2  -0.00000    -0.00000     0.51977    -0.00000     0.45868    -0.00000
 PZ  C   2   0.00000    -0.00000     0.00000     0.00000     0.00000     0.70711
  
  S  H   3   0.24078    -0.32637    -0.33900    -0.24749     0.38053     0.00000
  
  S  H   4   0.24078    -0.32637     0.33900    -0.24749    -0.38053     0.00000
  
  S  H   5   0.24078     0.32637    -0.33900    -0.24749    -0.38053     0.00000
  
  S  H   6   0.24078     0.32637     0.33900    -0.24749     0.38053    -0.00000




    ROOT NO.    7           8           9          10          11          12

             1.35164     3.79059     5.06352     7.33858     7.93711    10.85409
  
  
  S  C   1  -0.00000     0.52298     0.37890     0.00000    -0.00000     0.16755
 PX  C   1   0.00000     0.04854    -0.30805    -0.00000    -0.00000     0.63960
 PY  C   1  -0.00000    -0.00000    -0.00000     0.47941    -0.53815    -0.00000
 PZ  C   1  -0.70711    -0.00000    -0.00000    -0.00000    -0.00000     0.00000
  
  S  C   2   0.00000    -0.52298     0.37890     0.00000     0.00000    -0.16755
 PX  C   2  -0.00000     0.04854     0.30805     0.00000    -0.00000     0.63960
 PY  C   2  -0.00000     0.00000    -0.00000     0.47941     0.53815     0.00000
 PZ  C   2   0.70711     0.00000     0.00000     0.00000    -0.00000    -0.00000
  
  S  H   3   0.00000    -0.33476    -0.36163     0.36753    -0.32434     0.17725
  
  S  H   4   0.00000    -0.33476    -0.36163    -0.36753     0.32434     0.17725
  
  S  H   5   0.00000     0.33476    -0.36163     0.36753     0.32434    -0.17725
  
  S  H   6  -0.00000     0.33476    -0.36163    -0.36753    -0.32434    -0.17725


 Reference determinate nber   1 is ALPHA 1 -   6
 SINGLE excitations FROM orbs   1 to   6 INTO orbs   7 to  12


 CI excitations=   37:        = 37
 The lowest   37 spin-adapted configurations of multiplicity=  1
     sym   eV   cm**-1 -dets- dipole oscilator X FRAG ....Excitations named from first reference determinate
                       tot  #  Debye  strength

   1      0.000      0.  1  1  0.0000 0.000000 0  0 (    )->(       )
   2      7.706  62149.  1  1  0.0000 0.000000 1  1 (   6)->(   8   )
   3      8.211  66230.  1  1  0.0000 0.000000 1  1 (   5)->(   7   )
   4      8.301  66952.  1  1  0.0000 0.652022 1  1 (   6)->(   7   )
   5      8.716  70299.  1  1  0.0000 0.096743 1  1 (   6)->(   9   )
   6     10.095  81424.  1  1  0.0000 0.000000 1  1 (   4)->(   7   )
   7     10.572  85269.  1  1  0.0000 0.000000 1  1 (   6)->(  10   )
   8     10.935  88195.  1  1  0.0000 0.000000 1  1 (   6)->(  11   )
   9     12.222  98581.  1  1  0.0000 0.131938 1  1 (   5)->(   8   )
  10     13.331 107519.  1  1  0.0000 0.000000 1  1 (   5)->(   9   )
  11     13.359 107745.  1  1  0.0000 0.000000 1  1 (   6)->(  12   )
  12     13.973 112704.  1  1  0.0000 0.000000 1  1 (   3)->(   7   )
  13     14.449 116540.  1  1  0.0000 0.067353 1  1 (   4)->(   8   )
  14     15.669 126382.  1  1  0.0000 0.000000 1  1 (   4)->(   9   )
  15     15.873 128023.  1  1  0.0000 0.429923 1  1 (   5)->(  10   )
  16     16.572 133661.  1  1  0.0000 0.000000 1  1 (   5)->(  11   )
  17     17.312 139631.  1  1  0.0000 0.371881 1  1 (   4)->(  10   )
  18     17.572 141731.  1  1  0.0000 0.000000 1  1 (   4)->(  11   )
  19     17.889 144282.  1  1  0.0000 0.000000 1  1 (   3)->(   8   )
  20     18.090 145906.  1  1  0.0000 0.330564 1  1 (   5)->(  12   )
  21     19.105 154095.  1  1  0.0000 0.293087 1  1 (   2)->(   7   )
  22     19.262 155363.  1  1  0.0000 0.247350 1  1 (   3)->(   9   )
  23     21.989 177354.  1  1  0.0000 0.000000 1  1 (   3)->(  10   )
  24     22.318 180007.  1  1  0.0000 0.107783 1  1 (   3)->(  11   )
  25     22.445 181035.  1  1  0.0000 0.162722 1  1 (   4)->(  12   )
  26     22.610 182366.  1  1  0.0000 0.000000 1  1 (   2)->(   8   )
  27     23.807 192016.  1  1  0.0000 0.000000 1  1 (   3)->(  12   )
  28     24.218 195329.  1  1  0.0000 0.000046 1  1 (   2)->(   9   )
  29     25.960 209383.  1  1  0.0000 0.000000 1  1 (   2)->(  10   )
  30     26.481 213587.  1  1  0.0000 0.131452 1  1 (   2)->(  11   )
  31     28.916 233224.  1  1  0.0000 0.000000 1  1 (   2)->(  12   )
  32     30.326 244594.  1  1  0.0000 0.000000 1  1 (   1)->(   7   )
  33     33.808 272683.  1  1  0.0000 0.035628 1  1 (   1)->(   8   )
  34     34.548 278649.  1  1  0.0000 0.000000 1  1 (   1)->(   9   )
  35     36.928 297847.  1  1  0.0000 0.023580 1  1 (   1)->(  10   )
  36     37.328 301072.  1  1  0.0000 0.000000 1  1 (   1)->(  11   )
  37     41.059 331165.  1  1  0.0000 0.076217 1  1 (   1)->(  12   )

 Depression of ground-state after CI=          0. cm**-1 Energy=  -688.0001542 eV
 Dipole moment=  0.000000  0.000000  0.000000 tot=  0.000000 Debyes


  CI trans.  energy frequency wavelength oscillator--------- polarization---------  dipole  ------ components-----
 st.  symm.    eV      cm - 1       nm      strength       x          y         z       moment     x       y       z 

   2      7.0997071    57263.    174.63  0.499834  -1.000000   0.000000   0.000000  0.000000   0.000   0.000  -0.000
   3      7.6734243    61890.    161.58  0.000000                                   0.000000   0.000   0.000   0.000
   4      8.2054255    66181.    151.10  0.000000                                   0.000000   0.000   0.000  -0.000
   5      8.6974920    70150.    142.55  0.087076   0.000000  -0.000000   1.000000  0.000000  -0.000   0.000   0.000
   6     10.0730786    81245.    123.08  0.000000                                   0.000000   0.000   0.000  -0.000
   7     10.5779256    85317.    117.21  0.000000                                   0.000000   0.000  -0.000  -0.000
   8     10.9272849    88135.    113.46  0.000000                                   0.000000  -0.000  -0.000   0.000
   9     12.0923638    97532.    102.53  0.074567  -0.000000   1.000000   0.000000  0.000000   0.000   0.000   0.000
  10     13.2300827   106708.     93.71  0.000000                                   0.000000   0.000   0.000   0.000
  11     13.3767082   107891.     92.69  0.000000                                   0.000000   0.000   0.000   0.000
  12     13.9810034   112765.     88.68  0.000000                                   0.000000   0.000   0.000  -0.000
  13     14.4067678   116199.     86.06  0.046107  -1.000000   0.000000  -0.000000  0.000000   0.000   0.000   0.000
  14     15.0919579   121725.     82.15  0.000000                                   0.000000   0.000   0.000   0.000
  15     15.7414776   126964.     78.76  0.500716   1.000000  -0.000000   0.000000  0.000000   0.000  -0.000   0.000
  16     16.8537898   135935.     73.56  0.000000                                   0.000000   0.000   0.000   0.000
  17     17.0340376   137389.     72.79  0.057082   0.000000   1.000000   0.000000  0.000000   0.000  -0.000   0.000
  18     17.4736901   140935.     70.95  0.000000                                   0.000000   0.000  -0.000   0.000
  19     17.8881470   144278.     69.31  0.000000                                   0.000000   0.000   0.000   0.000
  20     18.2228836   146978.     68.04  0.810698  -0.000000  -1.000000  -0.000000  0.000000   0.000  -0.000   0.000
  21     19.1236797   154243.     64.83  0.314177   0.000000  -0.000000  -1.000000  0.000000   0.000   0.000   0.000
  22     19.3497646   156067.     64.08  0.129788   0.000000   1.000000  -0.000000  0.000000   0.000   0.000   0.000
  23     21.1677139   170730.     58.57  0.220429  -1.000000   0.000000  -0.000000  0.000000   0.000   0.000   0.000
  24     21.3930830   172547.     57.96  0.000000                                   0.000000  -0.000  -0.000  -0.000
  25     22.9400041   185024.     54.05  0.071941  -1.000000  -0.000000   0.000000  0.000000   0.000   0.000   0.000
  26     23.1583474   186785.     53.54  0.000000                                   0.000000   0.000   0.000   0.000
  27     23.8498716   192363.     51.99  0.000000                                   0.000000   0.000   0.000   0.000
  28     25.3189067   204211.     48.97  0.040271  -1.000000   0.000000  -0.000000  0.000000   0.000   0.000   0.000
  29     26.0703684   210272.     47.56  0.000000                                   0.000000   0.000  -0.000   0.000
  30     26.6054837   214588.     46.60  0.183318  -0.000000  -1.000000  -0.000000  0.000000   0.000  -0.000   0.000
  31     29.1438301   235061.     42.54  0.000000                                   0.000000   0.000   0.000   0.000
  32     30.3618387   244885.     40.84  0.000000                                   0.000000   0.000   0.000  -0.000
  33     34.2127266   275945.     36.24  0.009208   1.000000  -0.000000   0.000000  0.000000   0.000   0.000   0.000
  34     34.6634840   279581.     35.77  0.000000                                   0.000000  -0.000   0.000   0.000
  35     36.9919013   298361.     33.52  0.051400   0.000000   1.000000  -0.000000  0.000000   0.000  -0.000   0.000
  36     37.3747459   301448.     33.17  0.000000                                   0.000000   0.000  -0.000   0.000
  37     41.5838591   335397.     29.82  0.185704  -1.000000   0.000000   0.000000  0.000000   0.000   0.000   0.000

 Polarizability (au  ) xx=   28.80 xy=    0.00 yy=    8.42 xz=    0.00 yz=    0.00 zz=    4.47
 Polarizability (A**3) xx=    4.27 xy=    0.00 yy=    1.25 xz=    0.00 yz=    0.00 zz=    0.66


 Major CI contributions to CI states

State    1  0.0000     CI coeff  CI percent
    Config       1   1.00000000  1.00000000
 Total coeff printed             1.00000000
  
State    2  7.0997     CI coeff  CI percent
    Config       4  -0.96675108  0.93460764
    Config      13  -0.11734443  0.01376972
    Config      15   0.07426161  0.00551479
    Config      24   0.08126760  0.00660442
    Config      25  -0.17787648  0.03164004
    Config      28   0.05468218  0.00299014
    Config      33  -0.05285709  0.00279387
    Config      37  -0.04560016  0.00207937
 Total coeff printed             1.00000000
  
State    3  7.6734     CI coeff  CI percent
    Config       2  -0.99838085  0.99676433
 Total coeff printed             0.99676433
  
State    4  8.2054     CI coeff  CI percent
    Config       3   0.99873795  0.99747750
    Config       7  -0.05022454  0.00252250
 Total coeff printed             1.00000000
  
State    5  8.6975     CI coeff  CI percent
    Config       5   0.99911698  0.99823474
    Config      21  -0.04201498  0.00176526
 Total coeff printed             1.00000000
  
State    6 10.0731     CI coeff  CI percent
    Config       6  -0.99699459  0.99399821
    Config      11  -0.06752303  0.00455936
 Total coeff printed             0.99855757
  
State    7 10.5779     CI coeff  CI percent
    Config       3   0.05022454  0.00252250
    Config       7   0.99873795  0.99747750
 Total coeff printed             1.00000000
  
State    8 10.9273     CI coeff  CI percent
    Config       8   0.99876750  0.99753652
    Config      12  -0.04963343  0.00246348
 Total coeff printed             1.00000000
  
State    9 12.0924     CI coeff  CI percent
    Config       9   0.99222696  0.98451435
    Config      17  -0.07542681  0.00568920
    Config      20   0.07959173  0.00633484
    Config      30   0.05009101  0.00250911
 Total coeff printed             0.99904750
  
State   10 13.2301     CI coeff  CI percent
    Config      10  -0.99245684  0.98497057
    Config      18  -0.08577880  0.00735800
    Config      19   0.05204155  0.00270832
    Config      27  -0.04393180  0.00193000
    Config      29   0.05053825  0.00255411
 Total coeff printed             0.99952102
  
State   11 13.3767     CI coeff  CI percent
    Config       6  -0.06891712  0.00474957
    Config      11   0.99692010  0.99384968
 Total coeff printed             0.99859925
  
State   12 13.9810     CI coeff  CI percent
    Config       8  -0.04963343  0.00246348
    Config      12  -0.99876750  0.99753652
 Total coeff printed             1.00000000
  
State   13 14.4068     CI coeff  CI percent
    Config       4  -0.10741483  0.01153795
    Config      13   0.97058689  0.94203891
    Config      15  -0.17915582  0.03209681
    Config      25  -0.10361725  0.01073653
    Config      37  -0.04748199  0.00225454
 Total coeff printed             0.99866474
  
State   14 15.0920     CI coeff  CI percent
    Config      14  -0.86206413  0.74315456
    Config      16  -0.49565424  0.24567313
    Config      23  -0.09523251  0.00906923
    Config      26  -0.04116003  0.00169415
 Total coeff printed             0.99959107
  
State   15 15.7415     CI coeff  CI percent
    Config      13  -0.19720301  0.03888903
    Config      15  -0.96639121  0.93391197
    Config      24  -0.06028211  0.00363393
    Config      25  -0.12253128  0.01501391
    Config      28   0.08196942  0.00671899
 Total coeff printed             0.99816783
  
State   16 16.8538     CI coeff  CI percent
    Config      14   0.49132459  0.24139985
    Config      16  -0.85719814  0.73478866
    Config      23   0.05787748  0.00334980
    Config      26  -0.12594730  0.01586272
    Config      34   0.05643059  0.00318441
 Total coeff printed             0.99858545
  
State   17 17.0340     CI coeff  CI percent
    Config       9   0.04170468  0.00173928
    Config      17   0.88490617  0.78305893
    Config      20   0.39136065  0.15316316
    Config      22   0.24013662  0.05766560
    Config      30  -0.06329116  0.00400577
 Total coeff printed             0.99963274
  
State   18 17.4737     CI coeff  CI percent
    Config      10  -0.10363316  0.01073983
    Config      18   0.89269845  0.79691052
    Config      19  -0.43102190  0.18577988
    Config      29  -0.08022008  0.00643526
 Total coeff printed             0.99986549
  
State   19 17.8881     CI coeff  CI percent
    Config      18   0.43617625  0.19024972
    Config      19   0.89487082  0.80079378
    Config      27   0.07526170  0.00566432
    Config      29   0.04087214  0.00167053
 Total coeff printed             0.99837836
  
State   20 18.2229     CI coeff  CI percent
    Config       9  -0.09870324  0.00974233
    Config      17  -0.43409019  0.18843429
    Config      20   0.87494116  0.76552204
    Config      22   0.18684933  0.03491267
 Total coeff printed             0.99861133
  
State   21 19.1237     CI coeff  CI percent
    Config       5  -0.04201498  0.00176526
    Config      21  -0.99911698  0.99823474
 Total coeff printed             1.00000000
  
State   22 19.3498     CI coeff  CI percent
    Config      17   0.14248960  0.02030329
    Config      20   0.27301115  0.07453509
    Config      22  -0.94705980  0.89692226
    Config      30   0.07882156  0.00621284
 Total coeff printed             0.99797347
  
State   23 21.1677     CI coeff  CI percent
    Config       4  -0.05958835  0.00355077
    Config      15  -0.13463221  0.01812583
    Config      24   0.78299468  0.61308067
    Config      25   0.59806650  0.35768354
    Config      28  -0.07121558  0.00507166
 Total coeff printed             0.99751247
  
State   24 21.3931     CI coeff  CI percent
    Config      14  -0.07401476  0.00547819
    Config      16  -0.07344116  0.00539360
    Config      23   0.81440801  0.66326041
    Config      26   0.56950126  0.32433169
 Total coeff printed             0.99846389
  
State   25 22.9400     CI coeff  CI percent
    Config       4  -0.10576349  0.01118592
    Config      24  -0.42528953  0.18087119
    Config      25   0.61319898  0.37601299
    Config      28   0.64105584  0.41095259
    Config      33  -0.13124137  0.01722430
    Config      37  -0.05393611  0.00290910
 Total coeff printed             0.99915608
  
State   26 23.1583     CI coeff  CI percent
    Config      14   0.07950577  0.00632117
    Config      16  -0.09783777  0.00957223
    Config      23  -0.55787355  0.31122290
    Config      26   0.79698457  0.63518441
    Config      31   0.18839275  0.03549183
    Config      34   0.04698368  0.00220747
 Total coeff printed             1.00000000
  
State   27 23.8499     CI coeff  CI percent
    Config      10  -0.04711699  0.00222001
    Config      18  -0.04176641  0.00174443
    Config      19  -0.05952108  0.00354276
    Config      27   0.99367355  0.98738713
    Config      29  -0.07144920  0.00510499
 Total coeff printed             0.99999932
  
State   28 25.3189     CI coeff  CI percent
    Config       4  -0.15414664  0.02376119
    Config      15  -0.08840583  0.00781559
    Config      24  -0.42846243  0.18358005
    Config      25   0.42217467  0.17823146
    Config      28  -0.75552216  0.57081373
    Config      33  -0.16626999  0.02764571
    Config      37  -0.08411224  0.00707487
 Total coeff printed             0.99892259
  
State   29 26.0704     CI coeff  CI percent
    Config      18  -0.05515985  0.00304261
    Config      19   0.07915145  0.00626495
    Config      27  -0.07073010  0.00500275
    Config      29  -0.99195854  0.98398175
 Total coeff printed             0.99829206
  
State   30 26.6055     CI coeff  CI percent
    Config       9  -0.04768317  0.00227368
    Config      22   0.09582080  0.00918163
    Config      30   0.99330805  0.98666088
 Total coeff printed             0.99811619
  
State   31 29.1438     CI coeff  CI percent
    Config      16  -0.05291617  0.00280012
    Config      23  -0.09975944  0.00995195
    Config      26   0.15077941  0.02273443
    Config      31  -0.98113865  0.96263306
 Total coeff printed             0.99811956
  
State   32 30.3618     CI coeff  CI percent
    Config      32   0.99915725  0.99831521
 Total coeff printed             0.99831521
  
State   33 34.2127     CI coeff  CI percent
    Config       4  -0.08571864  0.00734768
    Config      15  -0.04741728  0.00224840
    Config      24  -0.09698212  0.00940553
    Config      25   0.14538941  0.02113808
    Config      33   0.96455225  0.93036104
    Config      37  -0.16829473  0.02832311
 Total coeff printed             0.99882385
  
State   34 34.6635     CI coeff  CI percent
    Config      14   0.05266461  0.00277356
    Config      16  -0.04209822  0.00177226
    Config      23  -0.05608668  0.00314572
    Config      34  -0.99583854  0.99169441
 Total coeff printed             0.99938594
  
State   35 36.9919     CI coeff  CI percent
    Config      35  -0.99840378  0.99681011
 Total coeff printed             0.99681011
  
State   36 37.3747     CI coeff  CI percent
    Config      36  -0.99881892  0.99763924
 Total coeff printed             0.99763924
  
State   37 41.5839     CI coeff  CI percent
    Config       4  -0.08539239  0.00729186
    Config      13   0.04904014  0.00240493
    Config      24  -0.05308641  0.00281817
    Config      25   0.09769060  0.00954345
    Config      33   0.14082424  0.01983147
    Config      37   0.97811253  0.95670412
 Total coeff printed             0.99859400
  

 -------------------------------------------------------------------------------
 1SCF INDO CIS
 comment1
 comment2


     1SCF WAS SPECIFIED, SO BFGS WAS NOT USED                 
     SCF FIELD WAS ACHIEVED                                   


                              INDO CALCULATION
                                                       MOPAC v22.0.6 MacOS
                                                       Wed Jul 12 16:26:01 2023


          COSMO AREA              =         71.45 SQUARE ANGSTROMS
          COSMO VOLUME            =         53.18 CUBIC ANGSTROMS

          IONIZATION POTENTIAL    =          9.985662 EV
          HOMO LUMO ENERGIES (EV) =         -9.986  1.352
          NO. OF FILLED LEVELS    =          6
          MOLECULAR WEIGHT        =         28.0536         POINT GROUP:  D2h 

          MOLECULAR DIMENSIONS (Angstroms)

            Atom       Atom       Distance
            H     5    H     4     3.08402
            H     6    H     3     2.96729
            C     1    C     2     0.00000


          SCF CALCULATIONS        =          1

          WALL-CLOCK TIME         =      0.051 SECONDS
          COMPUTATION TIME        =      0.047 SECONDS




   ATOM   CHEMICAL          X               Y               Z
  NUMBER   SYMBOL      (ANGSTROMS)     (ANGSTROMS)     (ANGSTROMS)

     1       C         -0.67000000  *   0.00000000  *   0.00000000  *
     2       C          0.67000000  *   0.00000000  *   0.00000000  *
     3       H         -1.23000000  *  -0.93000000  *   0.00000000  *
     4       H         -1.23000000  *   0.93000000  *   0.00000000  *
     5       H          1.23000000  *  -0.93000000  *   0.00000000  *
     6       H          1.23000000  *   0.93000000  *   0.00000000  *

                             CARTESIAN COORDINATES

   1    C       -0.670000000     0.000000000     0.000000000
   2    C        0.670000000     0.000000000     0.000000000
   3    H       -1.230000000    -0.930000000     0.000000000
   4    H       -1.230000000     0.930000000     0.000000000
   5    H        1.230000000    -0.930000000     0.000000000
   6    H        1.230000000     0.930000000     0.000000000


           Empirical Formula: C2 H4  =     6 atoms



      MOLECULAR POINT GROUP   :   D2h 


                  EIGENVALUES  
 -35.21189 -24.10511 -19.53313 -16.07585 -13.53540  -9.98566   1.35164   3.79059
   5.06352   7.33858   7.93711  10.85409


              NET ATOMIC CHARGES AND DIPOLE CONTRIBUTIONS

  ATOM NO.   TYPE          CHARGE      No. of ELECS.   s-Pop       p-Pop       
    1          C          -0.058134        4.0581     1.10971     2.94843
    2          C          -0.058134        4.0581     1.10971     2.94843
    3          H           0.029067        0.9709     0.97093
    4          H           0.029067        0.9709     0.97093
    5          H           0.029067        0.9709     0.97093
    6          H           0.029067        0.9709     0.97093
 DIPOLE           X         Y         Z       TOTAL
 POINT-CHG.     0.000     0.000     0.000     0.000
 HYBRID        -0.000    -0.000     0.000     0.000
 SUM            0.000     0.000     0.000     0.000


          ATOMIC ORBITAL ELECTRON POPULATIONS

     Atom    s        px        py        pz   
    1  C   1.10971   0.98732   0.96110   1.00000
    2  C   1.10971   0.98732   0.96110   1.00000
    3  H   0.97093
    4  H   0.97093
    5  H   0.97093
    6  H   0.97093
 *******************************************************************************
 **                                                                           **
 **                              MOPAC v22.0.6                                **
 **                                                                           **
 *******************************************************************************
 **          Digital Object Identifier (DOI): 10.5281/zenodo.6511958          **
 **    Visit the DOI location for information on how to cite this program.    **
 *******************************************************************************

                              INDO CALCULATION RESULTS

 *******************************************************************************
 *  CALCULATION DONE:                                Wed Jul 12 16:26:01 2023  *
 *  INDO       - The INDO Hamiltonian to be used
 *  MAXCI =   10 maximum CI states computed
 *  CIS        - C.I. USES 1 ELECTRON EXCITATIONS ONLY
 *  1SCF       - DO 1 SCF AND THEN STOP 
 *  T=         - A TIME OF 172800.0 SECONDS REQUESTED
 *  DUMP=N     - RESTART FILE WRITTEN EVERY 7200.0 SECONDS REQUESTED
 *******************************************************************************
1SCF INDO CIS MAXCI=10
 comment1
 comment2
   ATOM   CHEMICAL          X               Y               Z
  NUMBER   SYMBOL      (ANGSTROMS)     (ANGSTROMS)     (ANGSTROMS)

     1       C         -0.67000000  *   0.00000000  *   0.00000000  *
     2       C          0.67000000  *   0.00000000  *   0.00000000  *
     3       H         -1.23000000  *  -0.93000000  *   0.00000000  *
     4       H         -1.23000000  *   0.93000000  *   0.00000000  *
     5       H          1.23000000  *  -0.93000000  *   0.00000000  *
     6       H          1.23000000  *   0.93000000  *   0.00000000  *



          CARTESIAN COORDINATES 

    NO.       ATOM           X           Y           Z

     1         C         -0.6700      0.0000      0.0000
     2         C          0.6700      0.0000      0.0000
     3         H         -1.2300     -0.9300      0.0000
     4         H         -1.2300      0.9300      0.0000
     5         H          1.2300     -0.9300      0.0000
     6         H          1.2300      0.9300      0.0000

           Empirical Formula: C2 H4  =     6 atoms



      MOLECULAR POINT GROUP   :   D2h 


      RHF CALCULATION, NO. OF DOUBLY OCCUPIED LEVELS = 6


 Summary of symmetry occupancy in each shell:

 SHELL     
    1    6
    v    6
 TOTAL  12


                     MOLECULAR ORBITALS 






    ROOT NO.    1           2           3           4           5           6

           -35.21189   -24.10511   -19.53313   -16.07585   -13.53540    -9.98566
  
  
  S  C   1   0.59643    -0.44544     0.00000     0.02664    -0.00000    -0.00000
 PX  C   1   0.16828     0.29758     0.00000     0.61383     0.00000    -0.00000
 PY  C   1  -0.00000     0.00000     0.51977    -0.00000    -0.45868    -0.00000
 PZ  C   1   0.00000    -0.00000     0.00000     0.00000     0.00000     0.70711
  
  S  C   2   0.59643     0.44544     0.00000     0.02664     0.00000     0.00000
 PX  C   2  -0.16828     0.29758    -0.00000    -0.61383     0.00000     0.00000
 PY  C   2  -0.00000    -0.00000     0.51977    -0.00000     0.45868    -0.00000
 PZ  C   2   0.00000    -0.00000     0.00000     0.00000     0.00000     0.70711
  
  S  H   3   0.24078    -0.32637    -0.33900    -0.24749     0.38053     0.00000
  
  S  H   4   0.24078    -0.32637     0.33900    -0.24749    -0.38053     0.00000
  
  S  H   5   0.24078     0.32637    -0.33900    -0.24749    -0.38053     0.00000
  
  S  H   6   0.24078     0.32637     0.33900    -0.24749     0.38053    -0.00000




    ROOT NO.    7           8           9          10          11          12

             1.35164     3.79059     5.06352     7.33858     7.93711    10.85409
  
  
  S  C   1  -0.00000     0.52298     0.37890     0.00000    -0.00000     0.16755
 PX  C   1   0.00000     0.04854    -0.30805    -0.00000    -0.00000     0.63960
 PY  C   1  -0.00000    -0.00000    -0.00000     0.47941    -0.53815    -0.00000
 PZ  C   1  -0.70711    -0.00000    -0.00000    -0.00000    -0.00000     0.00000
  
  S  C   2   0.00000    -0.52298     0.37890     0.00000     0.00000    -0.16755
 PX  C   2  -0.00000     0.04854     0.30805     0.00000    -0.00000     0.63960
 PY  C   2  -0.00000     0.00000    -0.00000     0.47941     0.53815     0.00000
 PZ  C   2   0.70711     0.00000     0.00000     0.00000    -0.00000    -0.00000
  
  S  H   3   0.00000    -0.33476    -0.36163     0.36753    -0.32434     0.17725
  
  S  H   4   0.00000    -0.33476    -0.36163    -0.36753     0.32434     0.17725
  
  S  H   5   0.00000     0.33476    -0.36163     0.36753     0.32434    -0.17725
  
  S  H   6  -0.00000     0.33476    -0.36163    -0.36753    -0.32434    -0.17725


 Reference determinate nber   1 is ALPHA 1 -   6
 SINGLE excitations FROM orbs   1 to   6 INTO orbs   7 to  12


 CI excitations=   10:        = 10
 The lowest   10 spin-adapted configurations of multiplicity=  1
     sym   eV   cm**-1 -dets- dipole oscilator X FRAG ....Excitations named from first reference determinate
                       tot  #  Debye  strength

   1      0.000      0.  1  1  0.0000 0.000000 0  0 (    )->(       )
   2      7.706  62149.  1  1  0.0000 0.000000 1  1 (   6)->(   8   )
   3      8.211  66230.  1  1  0.0000 0.000000 1  1 (   5)->(   7   )
   4      8.301  66952.  1  1  0.0000 0.652022 1  1 (   6)->(   7   )
   5      8.716  70299.  1  1  0.0000 0.096743 1  1 (   6)->(   9   )
   6     10.095  81424.  1  1  0.0000 0.000000 1  1 (   4)->(   7   )
   7     10.572  85269.  1  1  0.0000 0.000000 1  1 (   6)->(  10   )
   8     10.935  88195.  1  1  0.0000 0.000000 1  1 (   6)->(  11   )
   9     12.222  98581.  1  1  0.0000 0.131938 1  1 (   5)->(   8   )
  10     13.331 107519.  1  1  0.0000 0.000000 1  1 (   5)->(   9   )
 
 COSMO corrections to state energies
 State    Diag E (eV)   Uncorr E (eV)   Final E (eV)
     1        0.00000        0.00000        0.00000
     2        7.70454        7.70454        7.70454
     3        8.20543        8.20543        8.20543
     4        8.30093        8.30093        8.30093
     5        8.71590        8.71590        8.71590
     6       10.09621       10.09621       10.09621
     7       10.57793       10.57793       10.57793
     8       10.93481       10.93481       10.93481
     9       12.22239       12.22239       12.22239
    10       13.33068       13.33068       13.33068

 Depression of ground-state after CI=          0. cm**-1 Energy=  -688.0001542 eV
 Dipole moment=  0.000000  0.000000  0.000000 tot=  0.000000 Debyes


  CI trans.  energy frequency wavelength oscillator--------- polarization---------  dipole  ------ components-----
 st.  symm.    eV      cm - 1       nm      strength       x          y         z       moment     x       y       z 

   2      7.7045356    62141.    160.92  0.000000                                   0.000000   0.000   0.000  -0.000
   3      8.2054255    66181.    151.10  0.000000                                   0.000000   0.000   0.000  -0.000
   4      8.3009335    66952.    149.36  0.652022  -1.000000   0.000000   0.000000  0.000000   0.000   0.000   0.000
   5      8.7158969    70299.    142.25  0.096743  -0.000000  -0.000000  -1.000000  0.000000  -0.000   0.000   0.000
   6     10.0962139    81432.    122.80  0.000000                                   0.000000   0.000   0.000  -0.000
   7     10.5779256    85317.    117.21  0.000000                                   0.000000   0.000  -0.000   0.000
   8     10.9348077    88195.    113.38  0.000000                                   0.000000  -0.000  -0.000   0.000
   9     12.2223938    98581.    101.44  0.131938  -0.000000   1.000000   0.000000  0.000000   0.000   0.000   0.000
  10     13.3306808   107519.     93.01  0.000000                                   0.000000   0.000   0.000   0.000

 Polarizability (au  ) xx=   21.02 xy=   -0.00 yy=    1.96 xz=    0.00 yz=    0.00 zz=    2.83
 Polarizability (A**3) xx=    3.11 xy=   -0.00 yy=    0.29 xz=    0.00 yz=    0.00 zz=    0.42


 Major CI contributions to CI states

State    1  0.0000     CI coeff  CI percent
    Config       1   1.00000000  1.00000000
 Total coeff printed             1.00000000
  
State    2  7.7045     CI coeff  CI percent
    Config       2   0.99979718  0.99959440
 Total coeff printed             0.99959440
  
State    3  8.2054     CI coeff  CI percent
    Config       3   0.99873795  0.99747750
    Config       7  -0.05022454  0.00252250
 Total coeff printed             1.00000000
  
State    4  8.3009     CI coeff  CI percent
    Config       4  -1.00000000  1.00000000
 Total coeff printed             1.00000000
  
State    5  8.7159     CI coeff  CI percent
    Config       5  -1.00000000  1.00000000
 Total coeff printed             1.00000000
  
State    6 10.0962     CI coeff  CI percent
    Config       6   0.99979718  0.99959440
 Total coeff printed             0.99959440
  
State    7 10.5779     CI coeff  CI percent
    Config       3  -0.05022454  0.00252250
    Config       7  -0.99873795  0.99747750
 Total coeff printed             1.00000000
  
State    8 10.9348     CI coeff  CI percent
    Config       8  -1.00000000  1.00000000
 Total coeff printed             1.00000000
  
State    9 12.2224     CI coeff  CI percent
    Config       9   1.00000000  1.00000000
 Total coeff printed             1.00000000
  
State   10 13.3307     CI coeff  CI percent
    Config      10   1.00000000  1.00000000
 Total coeff printed             1.00000000
  

 -------------------------------------------------------------------------------
 1SCF INDO CIS MAXCI=10
 comment1
 comment2


     1SCF WAS SPECIFIED, SO BFGS WAS NOT USED                 
     SCF FIELD WAS ACHIEVED                                   


                              INDO CALCULATION
                                                       MOPAC v22.0.6 MacOS
                                                       Wed Jul 12 16:26:01 2023


          COSMO AREA              =         71.45 SQUARE ANGSTROMS
          COSMO VOLUME            =         53.18 CUBIC ANGSTROMS

          IONIZATION POTENTIAL    =          9.985662 EV
          HOMO LUMO ENERGIES (EV) =         -9.986  1.352
          NO. OF FILLED LEVELS    =          6
          MOLECULAR WEIGHT        =         28.0536         POINT GROUP:  D2h 

          MOLECULAR DIMENSIONS (Angstroms)

            Atom       Atom       Distance
            H     5    H     4     3.08402
            H     6    H     3     2.96729
            C     1    C     2     0.00000


          SCF CALCULATIONS        =          1

          WALL-CLOCK TIME         =      0.070 SECONDS
          COMPUTATION TIME        =      0.129 SECONDS




   ATOM   CHEMICAL          X               Y               Z
  NUMBER   SYMBOL      (ANGSTROMS)     (ANGSTROMS)     (ANGSTROMS)

     1       C         -0.67000000  *   0.00000000  *   0.00000000  *
     2       C          0.67000000  *   0.00000000  *   0.00000000  *
     3       H         -1.23000000  *  -0.93000000  *   0.00000000  *
     4       H         -1.23000000  *   0.93000000  *   0.00000000  *
     5       H          1.23000000  *  -0.93000000  *   0.00000000  *
     6       H          1.23000000  *   0.93000000  *   0.00000000  *

                             CARTESIAN COORDINATES

   1    C       -0.670000000     0.000000000     0.000000000
   2    C        0.670000000     0.000000000     0.000000000
   3    H       -1.230000000    -0.930000000     0.000000000
   4    H       -1.230000000     0.930000000     0.000000000
   5    H        1.230000000    -0.930000000     0.000000000
   6    H        1.230000000     0.930000000     0.000000000


           Empirical Formula: C2 H4  =     6 atoms



      MOLECULAR POINT GROUP   :   D2h 


                  EIGENVALUES  
 -35.21189 -24.10511 -19.53313 -16.07585 -13.53540  -9.98566   1.35164   3.79059
   5.06352   7.33858   7.93711  10.85409


              NET ATOMIC CHARGES AND DIPOLE CONTRIBUTIONS

  ATOM NO.   TYPE          CHARGE      No. of ELECS.   s-Pop       p-Pop       
    1          C          -0.058134        4.0581     1.10971     2.94843
    2          C          -0.058134        4.0581     1.10971     2.94843
    3          H           0.029067        0.9709     0.97093
    4          H           0.029067        0.9709     0.97093
    5          H           0.029067        0.9709     0.97093
    6          H           0.029067        0.9709     0.97093
 DIPOLE           X         Y         Z       TOTAL
 POINT-CHG.     0.000     0.000     0.000     0.000
 HYBRID        -0.000    -0.000     0.000     0.000
 SUM            0.000     0.000     0.000     0.000


          ATOMIC ORBITAL ELECTRON POPULATIONS

     Atom    s        px        py        pz   
    1  C   1.10971   0.98732   0.96110   1.00000
    2  C   1.10971   0.98732   0.96110   1.00000
    3  H   0.97093
    4  H   0.97093
    5  H   0.97093
    6  H   0.97093

 **********************
 *                    *
 * JOB ENDED NORMALLY *
 *                    *
 **********************



 TOTAL JOB TIME:             0.14 SECONDS

 == MOPAC DONE ==
