 *******************************************************************************
 ** Cite this program as: MOPAC2016, Version: 21.298M, James J. P. Stewart,   **
 **                           web-site: HTTP://OpenMOPAC.net.                 **
 *******************************************************************************
 **                                                                           **
 **                                MOPAC2016                                  **
 **                                                                           **
 *******************************************************************************

                              PM3 CALCULATION RESULTS

 *******************************************************************************
 *  CALCULATION DONE:                                Fri Oct 29 13:45:37 2021  *
 *  PM3        - The PM3 Hamiltonian to be used
 *  T=         - A TIME OF 172800.0 SECONDS REQUESTED
 *  DUMP=N     - RESTART FILE WRITTEN EVERY 7200.0 SECONDS REQUESTED
 *******************************************************************************
PM3
 comment1
 comment2
   ATOM   CHEMICAL          X               Y               Z
  NUMBER   SYMBOL      (ANGSTROMS)     (ANGSTROMS)     (ANGSTROMS)
 
     1       C          0.00000000  *   0.00000000  *   0.00000000  *
     2       O          1.16000000  *   0.00000000  *   0.00000000  *
     3       O         -1.16000000  *   0.00000000  *   0.00000000  *
 


          CARTESIAN COORDINATES 

    NO.       ATOM           X           Y           Z

     1         C          0.0000      0.0000      0.0000
     2         O          1.1600      0.0000      0.0000
     3         O         -1.1600      0.0000      0.0000

  C: (PM3): J. J. P. STEWART, J. COMP. CHEM. 10, 209 (1989).
  O: (PM3): J. J. P. STEWART, J. COMP. CHEM. 10, 209 (1989).

           Empirical Formula: C O2  =     3 atoms



      MOLECULAR POINT GROUP   :   D*h 


      RHF CALCULATION, NO. OF DOUBLY OCCUPIED LEVELS = 8


          Geometry optimization using EF

          DIAGONAL MATRIX USED AS START HESSIAN

 CYCLE:     1 TIME:   0.000 TIME LEFT:  2.00D  GRAD.:    82.935 HEAT: -83.88081
 CYCLE:     2 TIME:   0.000 TIME LEFT:  2.00D  GRAD.:    32.341 HEAT: -84.86761
 CYCLE:     3 TIME:   0.000 TIME LEFT:  2.00D  GRAD.:     1.806 HEAT: -85.06720
 CYCLE:     4 TIME:   0.004 TIME LEFT:  2.00D  GRAD.:     0.055 HEAT: -85.06780

     GRADIENT =  0.05450 IS LESS THAN CUTOFF =  1.00000



 -------------------------------------------------------------------------------
 PM3
 comment1
 comment2


     GEOMETRY OPTIMISED USING EIGENVECTOR FOLLOWING (EF).     
     SCF FIELD WAS ACHIEVED                                   


                              PM3 CALCULATION
                                                       MOPAC2016 (Version: 21.298M)
                                                       Fri Oct 29 13:45:37 2021




          FINAL HEAT OF FORMATION =        -85.06780 KCAL/MOL =    -355.92369 KJ/MOL


          COSMO AREA              =         65.73 SQUARE ANGSTROMS
          COSMO VOLUME            =         47.42 CUBIC ANGSTROMS

          GRADIENT NORM           =          0.05450          =       0.03147 PER ATOM
          IONIZATION POTENTIAL    =         12.735184 EV
          HOMO LUMO ENERGIES (EV) =        -12.735  1.036
          NO. OF FILLED LEVELS    =          8
          MOLECULAR WEIGHT        =         44.0098         POINT GROUP:  D*h 

          MOLECULAR DIMENSIONS (Angstroms)

            Atom       Atom       Distance
            O     3    O     2     2.36122
            C     1    O     2     0.00000
            O     2    C     1     0.00000


          SCF CALCULATIONS        =          6
 
          WALL-CLOCK TIME         =          0.012 SECONDS
          COMPUTATION TIME        =          0.012 SECONDS




   ATOM   CHEMICAL          X               Y               Z
  NUMBER   SYMBOL      (ANGSTROMS)     (ANGSTROMS)     (ANGSTROMS)
 
     1       C         -0.00000000  *   0.00000000  *  -0.00000000  *
     2       O          1.18060900  *  -0.00000000  *   0.00000000  *
     3       O         -1.18060900  *  -0.00000000  *   0.00000000  *

                             CARTESIAN COORDINATES

   1    C       -0.000000001     0.000000001    -0.000000000
   2    O        1.180609001    -0.000000000     0.000000000
   3    O       -1.180609000    -0.000000000     0.000000000


           Empirical Formula: C O2  =     3 atoms



      MOLECULAR POINT GROUP   :   D*h 


                  EIGENVALUES  
 -38.83192 -38.47613 -21.19448 -17.77823 -17.58005 -17.58005 -12.73518 -12.73518
   1.03616   1.03616   1.91587   7.80377


              NET ATOMIC CHARGES AND DIPOLE CONTRIBUTIONS

  ATOM NO.   TYPE          CHARGE      No. of ELECS.   s-Pop       p-Pop       
    1          C           0.517726        3.4823     1.18863     2.29365
    2          O          -0.258863        6.2589     1.85524     4.40362
    3          O          -0.258863        6.2589     1.85524     4.40362
 DIPOLE           X         Y         Z       TOTAL
 POINT-CHG.    -0.000     0.000    -0.000     0.000
 HYBRID        -0.000     0.000    -0.000     0.000
 SUM           -0.000     0.000    -0.000     0.000


          ATOMIC ORBITAL ELECTRON POPULATIONS

     Atom    s        px        py        pz   
    1  C   1.18863   0.85773   0.71796   0.71796
    2  O   1.85524   1.12158   1.64102   1.64102
    3  O   1.85524   1.12158   1.64102   1.64102

 **********************
 *                    *
 * JOB ENDED NORMALLY *
 *                    *
 **********************



 TOTAL JOB TIME:             0.02 SECONDS

 == MOPAC DONE ==
