 *******************************************************************************
 ** Cite this program as: MOPAC2016, Version: 21.298M, James J. P. Stewart,   **
 **                           web-site: HTTP://OpenMOPAC.net.                 **
 *******************************************************************************
 **                                                                           **
 **                                MOPAC2016                                  **
 **                                                                           **
 *******************************************************************************

                              PM6-D3 CALCULATION RESULTS

 *******************************************************************************
 *  CALCULATION DONE:                                Fri Oct 29 13:45:38 2021  *
 *  PM6-D3     - CORRECT DISPERSION USING GRIMME's D3 METHOD
 *  T=         - A TIME OF 172800.0 SECONDS REQUESTED
 *  DUMP=N     - RESTART FILE WRITTEN EVERY 7200.0 SECONDS REQUESTED
 *******************************************************************************
PM6-D3
 comment1
 comment2
   ATOM   CHEMICAL          X               Y               Z
  NUMBER   SYMBOL      (ANGSTROMS)     (ANGSTROMS)     (ANGSTROMS)
 
     1       C          0.00000000  *   0.00000000  *   0.00000000  *
     2       O          1.16000000  *   0.00000000  *   0.00000000  *
     3       O         -1.16000000  *   0.00000000  *   0.00000000  *
 


          CARTESIAN COORDINATES 

    NO.       ATOM           X           Y           Z

     1         C          0.0000      0.0000      0.0000
     2         O          1.1600      0.0000      0.0000
     3         O         -1.1600      0.0000      0.0000

 General Reference for PM6:
 "Optimization of Parameters for Semiempirical Methods V: Modification of NDDO Approximations
 and Application to 70 Elements", J. J. P. Stewart, J. Mol. Mod., 13, 1173-1213 (2007)
 URL: https://link.springer.com/article/10.1007/s00894-007-0233-4

           Empirical Formula: C O2  =     3 atoms



      MOLECULAR POINT GROUP   :   D*h 


      RHF CALCULATION, NO. OF DOUBLY OCCUPIED LEVELS = 8


          Geometry optimization using EF

          DIAGONAL MATRIX USED AS START HESSIAN

 CYCLE:     1 TIME:   0.004 TIME LEFT:  2.00D  GRAD.:    38.618 HEAT: -84.60252
 CYCLE:     2 TIME:   0.004 TIME LEFT:  2.00D  GRAD.:    12.061 HEAT: -84.85251
 CYCLE:     3 TIME:   0.000 TIME LEFT:  2.00D  GRAD.:     0.341 HEAT: -84.88111

     GRADIENT =  0.34082 IS LESS THAN CUTOFF =  1.00000



 -------------------------------------------------------------------------------
 PM6-D3
 comment1
 comment2


     GEOMETRY OPTIMISED USING EIGENVECTOR FOLLOWING (EF).     
     SCF FIELD WAS ACHIEVED                                   


                              PM6-D3 CALCULATION
                                                       MOPAC2016 (Version: 21.298M)
                                                       Fri Oct 29 13:45:38 2021




          FINAL HEAT OF FORMATION =        -84.88111 KCAL/MOL =    -355.14258 KJ/MOL


          COSMO AREA              =         65.58 SQUARE ANGSTROMS
          COSMO VOLUME            =         47.27 CUBIC ANGSTROMS

          GRADIENT NORM           =          0.34082          =       0.19677 PER ATOM
          IONIZATION POTENTIAL    =         12.991212 EV
          HOMO LUMO ENERGIES (EV) =        -12.991  0.249
          NO. OF FILLED LEVELS    =          8
          MOLECULAR WEIGHT        =         44.0098         POINT GROUP:  D*h 

          MOLECULAR DIMENSIONS (Angstroms)

            Atom       Atom       Distance
            O     3    O     2     2.34081
            C     1    O     2     0.00000
            C     1    O     2     0.00000


          SCF CALCULATIONS        =          5
 
          WALL-CLOCK TIME         =          0.016 SECONDS
          COMPUTATION TIME        =          0.016 SECONDS




   ATOM   CHEMICAL          X               Y               Z
  NUMBER   SYMBOL      (ANGSTROMS)     (ANGSTROMS)     (ANGSTROMS)
 
     1       C          0.00000000  *   0.00000000  *   0.00000000  *
     2       O          1.17040411  *  -0.00000000  *  -0.00000000  *
     3       O         -1.17040411  *  -0.00000000  *  -0.00000000  *

                             CARTESIAN COORDINATES

   1    C        0.000000000     0.000000000     0.000000000
   2    O        1.170404115    -0.000000000    -0.000000000
   3    O       -1.170404115    -0.000000000    -0.000000000


           Empirical Formula: C O2  =     3 atoms



      MOLECULAR POINT GROUP   :   D*h 


                  EIGENVALUES  
 -35.55204 -33.67993 -21.53054 -18.07048 -18.07048 -16.46909 -12.99121 -12.99121
   0.24896   0.24896   1.13860   3.89253


              NET ATOMIC CHARGES AND DIPOLE CONTRIBUTIONS

  ATOM NO.   TYPE          CHARGE      No. of ELECS.   s-Pop       p-Pop       
    1          C           0.639377        3.3606     1.05831     2.30231
    2          O          -0.319689        6.3197     1.84877     4.47092
    3          O          -0.319689        6.3197     1.84877     4.47092
 DIPOLE           X         Y         Z       TOTAL
 POINT-CHG.     0.000     0.000     0.000     0.000
 HYBRID         0.000     0.000     0.000     0.000
 SUM            0.000     0.000     0.000     0.000


          ATOMIC ORBITAL ELECTRON POPULATIONS

     Atom    s        px        py        pz   
    1  C   1.05831   0.81385   0.74423   0.74423
    2  O   1.84877   1.21515   1.62789   1.62789
    3  O   1.84877   1.21515   1.62789   1.62789

 **********************
 *                    *
 * JOB ENDED NORMALLY *
 *                    *
 **********************



 TOTAL JOB TIME:             0.02 SECONDS

 == MOPAC DONE ==
